Component: Arm Compiler for Embedded 6.22 Tool: armlink [5ee90200]

==============================================================================

Section Cross References

    p2b1.o(.text.main) refers to p2b1.o(.text.systemclock_config) for systemclock_config
    p2b1.o(.text.main) refers to p2b1.o(.text.UART1_Init) for UART1_Init
    p2b1.o(.text.main) refers to p2b1.o(.text.ADC1_Init) for ADC1_Init
    p2b1.o(.text.main) refers to p2b1.o(.text.PWM_Init) for PWM_Init
    p2b1.o(.text.main) refers to queue.o(.text.xQueueGenericCreate) for xQueueGenericCreate
    p2b1.o(.text.main) refers to p2b1.o(.bss.adcQueuePA0) for adcQueuePA0
    p2b1.o(.text.main) refers to p2b1.o(.bss.adcQueuePA1) for adcQueuePA1
    p2b1.o(.text.main) refers to p2b1.o(.bss.pwmFrequencyy) for pwmFrequencyy
    p2b1.o(.text.main) refers to p2b1.o(.bss.pwmDutyCyclee) for pwmDutyCyclee
    p2b1.o(.text.main) refers to p2b1.o(.text.vTaskReadADC_PA0) for vTaskReadADC_PA0
    p2b1.o(.text.main) refers to p2b1.o(.rodata.str1.1) for .L.str
    p2b1.o(.text.main) refers to tasks.o(.text.xTaskCreate) for xTaskCreate
    p2b1.o(.text.main) refers to p2b1.o(.text.vTaskReadADC_PA1) for vTaskReadADC_PA1
    p2b1.o(.text.main) refers to p2b1.o(.text.vTaskSendUART) for vTaskSendUART
    p2b1.o(.text.main) refers to p2b1.o(.text.vTaskPWMControl) for vTaskPWMControl
    p2b1.o(.text.main) refers to tasks.o(.text.vTaskStartScheduler) for vTaskStartScheduler
    p2b1.o(.ARM.exidx.text.main) refers to p2b1.o(.text.main) for [Anonymous Symbol]
    p2b1.o(.ARM.exidx.text.systemclock_config) refers to p2b1.o(.text.systemclock_config) for [Anonymous Symbol]
    p2b1.o(.text.UART1_Init) refers to stm32f10x_rcc.o(.text.RCC_APB2PeriphClockCmd) for RCC_APB2PeriphClockCmd
    p2b1.o(.text.UART1_Init) refers to stm32f10x_gpio.o(.text.GPIO_Init) for GPIO_Init
    p2b1.o(.text.UART1_Init) refers to stm32f10x_usart.o(.text.USART_Init) for USART_Init
    p2b1.o(.text.UART1_Init) refers to stm32f10x_usart.o(.text.USART_Cmd) for USART_Cmd
    p2b1.o(.ARM.exidx.text.UART1_Init) refers to p2b1.o(.text.UART1_Init) for [Anonymous Symbol]
    p2b1.o(.text.ADC1_Init) refers to stm32f10x_rcc.o(.text.RCC_APB2PeriphClockCmd) for RCC_APB2PeriphClockCmd
    p2b1.o(.text.ADC1_Init) refers to stm32f10x_gpio.o(.text.GPIO_Init) for GPIO_Init
    p2b1.o(.text.ADC1_Init) refers to stm32f10x_adc.o(.text.ADC_Init) for ADC_Init
    p2b1.o(.text.ADC1_Init) refers to stm32f10x_adc.o(.text.ADC_Cmd) for ADC_Cmd
    p2b1.o(.text.ADC1_Init) refers to stm32f10x_adc.o(.text.ADC_ResetCalibration) for ADC_ResetCalibration
    p2b1.o(.text.ADC1_Init) refers to stm32f10x_adc.o(.text.ADC_GetResetCalibrationStatus) for ADC_GetResetCalibrationStatus
    p2b1.o(.text.ADC1_Init) refers to stm32f10x_adc.o(.text.ADC_StartCalibration) for ADC_StartCalibration
    p2b1.o(.text.ADC1_Init) refers to stm32f10x_adc.o(.text.ADC_GetCalibrationStatus) for ADC_GetCalibrationStatus
    p2b1.o(.text.ADC1_Init) refers to stm32f10x_adc.o(.text.ADC_SoftwareStartConvCmd) for ADC_SoftwareStartConvCmd
    p2b1.o(.ARM.exidx.text.ADC1_Init) refers to p2b1.o(.text.ADC1_Init) for [Anonymous Symbol]
    p2b1.o(.text.PWM_Init) refers to stm32f10x_rcc.o(.text.RCC_APB2PeriphClockCmd) for RCC_APB2PeriphClockCmd
    p2b1.o(.text.PWM_Init) refers to stm32f10x_rcc.o(.text.RCC_APB1PeriphClockCmd) for RCC_APB1PeriphClockCmd
    p2b1.o(.text.PWM_Init) refers to stm32f10x_gpio.o(.text.GPIO_Init) for GPIO_Init
    p2b1.o(.text.PWM_Init) refers to stm32f10x_tim.o(.text.TIM_TimeBaseInit) for TIM_TimeBaseInit
    p2b1.o(.text.PWM_Init) refers to stm32f10x_tim.o(.text.TIM_OC2Init) for TIM_OC2Init
    p2b1.o(.text.PWM_Init) refers to stm32f10x_tim.o(.text.TIM_OC2PreloadConfig) for TIM_OC2PreloadConfig
    p2b1.o(.text.PWM_Init) refers to stm32f10x_tim.o(.text.TIM_ARRPreloadConfig) for TIM_ARRPreloadConfig
    p2b1.o(.text.PWM_Init) refers to stm32f10x_tim.o(.text.TIM_Cmd) for TIM_Cmd
    p2b1.o(.ARM.exidx.text.PWM_Init) refers to p2b1.o(.text.PWM_Init) for [Anonymous Symbol]
    p2b1.o(.text.vTaskReadADC_PA0) refers to p2b1.o(.text.ADC1_Read) for ADC1_Read
    p2b1.o(.text.vTaskReadADC_PA0) refers to p2b1.o(.bss.adcQueuePA0) for adcQueuePA0
    p2b1.o(.text.vTaskReadADC_PA0) refers to queue.o(.text.xQueueGenericSend) for xQueueGenericSend
    p2b1.o(.text.vTaskReadADC_PA0) refers to p2b1.o(.bss.pwmDutyCyclee) for pwmDutyCyclee
    p2b1.o(.text.vTaskReadADC_PA0) refers to tasks.o(.text.vTaskDelay) for vTaskDelay
    p2b1.o(.ARM.exidx.text.vTaskReadADC_PA0) refers to p2b1.o(.text.vTaskReadADC_PA0) for [Anonymous Symbol]
    p2b1.o(.text.vTaskReadADC_PA1) refers to p2b1.o(.text.ADC1_Read) for ADC1_Read
    p2b1.o(.text.vTaskReadADC_PA1) refers to p2b1.o(.bss.adcQueuePA1) for adcQueuePA1
    p2b1.o(.text.vTaskReadADC_PA1) refers to queue.o(.text.xQueueGenericSend) for xQueueGenericSend
    p2b1.o(.text.vTaskReadADC_PA1) refers to p2b1.o(.bss.pwmFrequencyy) for pwmFrequencyy
[...]
    pxOverflowTimerList                      0x200002d4   Data           4  timers.o(.bss.pxOverflowTimerList)
    [Anonymous Symbol]                       0x200002d4   Section        0  timers.o(.bss.pxOverflowTimerList)
    pxReadyTasksLists                        0x200002d8   Data        1120  tasks.o(.bss.pxReadyTasksLists)
    [Anonymous Symbol]                       0x200002d8   Section        0  tasks.o(.bss.pxReadyTasksLists)
    ucHeap                                   0x20000738   Data        8192  heap_4.o(.bss.ucHeap)
    [Anonymous Symbol]                       0x20000738   Section        0  heap_4.o(.bss.ucHeap)
    uxCurrentNumberOfTasks                   0x20002738   Data           4  tasks.o(.bss.uxCurrentNumberOfTasks)
    [Anonymous Symbol]                       0x20002738   Section        0  tasks.o(.bss.uxCurrentNumberOfTasks)
    uxDeletedTasksWaitingCleanUp             0x2000273c   Data           4  tasks.o(.bss.uxDeletedTasksWaitingCleanUp)
    [Anonymous Symbol]                       0x2000273c   Section        0  tasks.o(.bss.uxDeletedTasksWaitingCleanUp)
    uxSchedulerSuspended                     0x20002740   Data           4  tasks.o(.bss.uxSchedulerSuspended)
    [Anonymous Symbol]                       0x20002740   Section        0  tasks.o(.bss.uxSchedulerSuspended)
    uxTaskNumber                             0x20002744   Data           4  tasks.o(.bss.uxTaskNumber)
    [Anonymous Symbol]                       0x20002744   Section        0  tasks.o(.bss.uxTaskNumber)
    uxTopReadyPriority                       0x20002748   Data           4  tasks.o(.bss.uxTopReadyPriority)
    [Anonymous Symbol]                       0x20002748   Section        0  tasks.o(.bss.uxTopReadyPriority)
    vApplicationGetIdleTaskMemory.uxIdleTaskStack 0x2000274c   Data         512  tasks.o(.bss.vApplicationGetIdleTaskMemory.uxIdleTaskStack)
    [Anonymous Symbol]                       0x2000274c   Section        0  tasks.o(.bss.vApplicationGetIdleTaskMemory.uxIdleTaskStack)
    vApplicationGetIdleTaskMemory.xIdleTaskTCB 0x2000294c   Data          92  tasks.o(.bss.vApplicationGetIdleTaskMemory.xIdleTaskTCB)
    [Anonymous Symbol]                       0x2000294c   Section        0  tasks.o(.bss.vApplicationGetIdleTaskMemory.xIdleTaskTCB)
    vApplicationGetTimerTaskMemory.uxTimerTaskStack 0x200029a8   Data         320  tasks.o(.bss.vApplicationGetTimerTaskMemory.uxTimerTaskStack)
    [Anonymous Symbol]                       0x200029a8   Section        0  tasks.o(.bss.vApplicationGetTimerTaskMemory.uxTimerTaskStack)
    vApplicationGetTimerTaskMemory.xTimerTaskTCB 0x20002ae8   Data          92  tasks.o(.bss.vApplicationGetTimerTaskMemory.xTimerTaskTCB)
    [Anonymous Symbol]                       0x20002ae8   Section        0  tasks.o(.bss.vApplicationGetTimerTaskMemory.xTimerTaskTCB)
    xActiveTimerList1                        0x20002b44   Data          20  timers.o(.bss.xActiveTimerList1)
    [Anonymous Symbol]                       0x20002b44   Section        0  timers.o(.bss.xActiveTimerList1)
    xActiveTimerList2                        0x20002b58   Data          20  timers.o(.bss.xActiveTimerList2)
    [Anonymous Symbol]                       0x20002b58   Section        0  timers.o(.bss.xActiveTimerList2)
    xDelayedTaskList1                        0x20002b6c   Data          20  tasks.o(.bss.xDelayedTaskList1)
    [Anonymous Symbol]                       0x20002b6c   Section        0  tasks.o(.bss.xDelayedTaskList1)
    xDelayedTaskList2                        0x20002b80   Data          20  tasks.o(.bss.xDelayedTaskList2)
    [Anonymous Symbol]                       0x20002b80   Section        0  tasks.o(.bss.xDelayedTaskList2)
    xFreeBytesRemaining                      0x20002b94   Data           4  heap_4.o(.bss.xFreeBytesRemaining)
    [Anonymous Symbol]                       0x20002b94   Section        0  heap_4.o(.bss.xFreeBytesRemaining)
    xIdleTaskHandles                         0x20002b98   Data           4  tasks.o(.bss.xIdleTaskHandles)
    [Anonymous Symbol]                       0x20002b98   Section        0  tasks.o(.bss.xIdleTaskHandles)
    xMinimumEverFreeBytesRemaining           0x20002b9c   Data           4  heap_4.o(.bss.xMinimumEverFreeBytesRemaining)
    [Anonymous Symbol]                       0x20002b9c   Section        0  heap_4.o(.bss.xMinimumEverFreeBytesRemaining)
    xNextTaskUnblockTime                     0x20002ba0   Data           4  tasks.o(.bss.xNextTaskUnblockTime)
    [Anonymous Symbol]                       0x20002ba0   Section        0  tasks.o(.bss.xNextTaskUnblockTime)
    xNumOfOverflows                          0x20002ba4   Data           4  tasks.o(.bss.xNumOfOverflows)
    [Anonymous Symbol]                       0x20002ba4   Section        0  tasks.o(.bss.xNumOfOverflows)
    xNumberOfSuccessfulAllocations           0x20002ba8   Data           4  heap_4.o(.bss.xNumberOfSuccessfulAllocations)
    [Anonymous Symbol]                       0x20002ba8   Section        0  heap_4.o(.bss.xNumberOfSuccessfulAllocations)
    xNumberOfSuccessfulFrees                 0x20002bac   Data           4  heap_4.o(.bss.xNumberOfSuccessfulFrees)
    [Anonymous Symbol]                       0x20002bac   Section        0  heap_4.o(.bss.xNumberOfSuccessfulFrees)
    xPendedTicks                             0x20002bb0   Data           4  tasks.o(.bss.xPendedTicks)
    [Anonymous Symbol]                       0x20002bb0   Section        0  tasks.o(.bss.xPendedTicks)
    xPendingReadyList                        0x20002bb4   Data          20  tasks.o(.bss.xPendingReadyList)
    [Anonymous Symbol]                       0x20002bb4   Section        0  tasks.o(.bss.xPendingReadyList)
    xSchedulerRunning                        0x20002bc8   Data           4  tasks.o(.bss.xSchedulerRunning)
    [Anonymous Symbol]                       0x20002bc8   Section        0  tasks.o(.bss.xSchedulerRunning)
    xStart                                   0x20002bcc   Data           8  heap_4.o(.bss.xStart)
    [Anonymous Symbol]                       0x20002bcc   Section        0  heap_4.o(.bss.xStart)
    xSuspendedTaskList                       0x20002bd4   Data          20  tasks.o(.bss.xSuspendedTaskList)
    [Anonymous Symbol]                       0x20002bd4   Section        0  tasks.o(.bss.xSuspendedTaskList)
    xTasksWaitingTermination                 0x20002be8   Data          20  tasks.o(.bss.xTasksWaitingTermination)
    [Anonymous Symbol]                       0x20002be8   Section        0  tasks.o(.bss.xTasksWaitingTermination)
    xTickCount                               0x20002bfc   Data           4  tasks.o(.bss.xTickCount)
    [Anonymous Symbol]                       0x20002bfc   Section        0  tasks.o(.bss.xTickCount)
    xTimerQueue                              0x20002c00   Data           4  timers.o(.bss.xTimerQueue)
    [Anonymous Symbol]                       0x20002c00   Section        0  timers.o(.bss.xTimerQueue)
    xTimerTaskHandle                         0x20002c04   Data           4  timers.o(.bss.xTimerTaskHandle)
    [Anonymous Symbol]                       0x20002c04   Section        0  timers.o(.bss.xTimerTaskHandle)
    xYieldPendings                           0x20002c08   Data           4  tasks.o(.bss.xYieldPendings)
    [Anonymous Symbol]                       0x20002c08   Section        0  tasks.o(.bss.xYieldPendings)
    Heap_Mem                                 0x20002c10   Data         512  startup_stm32f10x_md.o(HEAP)
    HEAP                                     0x20002c10   Section      512  startup_stm32f10x_md.o(HEAP)
    Stack_Mem                                0x20002e10   Data        1024  startup_stm32f10x_md.o(STACK)
    STACK                                    0x20002e10   Section     1024  startup_stm32f10x_md.o(STACK)
    __initial_sp                             0x20003210   Data           0  startup_stm32f10x_md.o(STACK)

    Global Symbols

    Symbol Name                              Value     Ov Type        Size  Object(Section)

    BuildAttributes$$THM_ISAv4$P$D$K$B$S$PE$A:L22UL41UL21$X:L11$S22US41US21$IEEE1$IW$~IW$USESV6$~STKCKD$USESV7$~SHL$OTIME$ROPI$IEEEJ$EBA8$UX$STANDARDLIB$REQ8$PRES8$EABIv2 0x00000000   Number         0  anon$$obj.o ABSOLUTE
    __fp_init_empty                          0x00000000   Number         0  fpinit_empty.o ABSOLUTE
    _printf_flags                            0x00000000   Number         0  printf_stubs.o ABSOLUTE
    _printf_return_value                     0x00000000   Number         0  printf_stubs.o ABSOLUTE
    _printf_sizespec                         0x00000000   Number         0  printf_stubs.o ABSOLUTE
    _printf_widthprec                        0x00000000   Number         0  printf_stubs.o ABSOLUTE
    __ARM_exceptions_init                     - Undefined Weak Reference
    __alloca_initialize                       - Undefined Weak Reference
    __arm_preinit_                            - Undefined Weak Reference
    __arm_relocate_pie_                       - Undefined Weak Reference
    __cpp_initialize__aeabi_                  - Undefined Weak Reference
    __cxa_finalize                            - Undefined Weak Reference
    __sigvec_lookup                           - Undefined Weak Reference
    _atexit_init                              - Undefined Weak Reference
    _call_atexit_fns                          - Undefined Weak Reference
    _clock_init                               - Undefined Weak Reference
    _fp_trap_init                             - Undefined Weak Reference
    _fp_trap_shutdown                         - Undefined Weak Reference
    _get_lc_collate                           - Undefined Weak Reference
    _get_lc_monetary                          - Undefined Weak Reference
    _get_lc_time                              - Undefined Weak Reference
    _getenv_init                              - Undefined Weak Reference
    _handle_redirection                       - Undefined Weak Reference
    _init_alloc                               - Undefined Weak Reference
    _init_user_alloc                          - Undefined Weak Reference
    _initio                                   - Undefined Weak Reference
    _printf_mbtowc                            - Undefined Weak Reference
    _printf_wc                                - Undefined Weak Reference
    _rand_init                                - Undefined Weak Reference
    _signal_finish                            - Undefined Weak Reference
    _signal_init                              - Undefined Weak Reference
    _terminate_alloc                          - Undefined Weak Reference
    _terminate_user_alloc                     - Undefined Weak Reference
    _terminateio                              - Undefined Weak Reference
    __Vectors_Size                           0x000000ec   Number         0  startup_stm32f10x_md.o ABSOLUTE
    __Vectors                                0x08000000   Data           4  startup_stm32f10x_md.o(RESET)
    __Vectors_End                            0x080000ec   Data           0  startup_stm32f10x_md.o(RESET)
    __main                                   0x080000ed   Thumb Code     8  __main.o(!!!main)
    __scatterload                            0x080000f5   Thumb Code     0  __scatter.o(!!!scatter)
    __scatterload_rt2                        0x080000f5   Thumb Code    84  __scatter.o(!!!scatter)
    __scatterload_rt2_thumb_only             0x080000f5   Thumb Code     0  __scatter.o(!!!scatter)
    __scatterload_loop                       0x080000ff   Thumb Code     0  __scatter.o(!!!scatter)
    __scatterload_copy                       0x08000151   Thumb Code    26  __scatter_copy.o(!!handler_copy)
    __scatterload_null                       0x0800016d   Thumb Code     2  __scatter.o(!!handler_null)
    __scatterload_zeroinit                   0x08000171   Thumb Code    28  __scatter_zi.o(!!handler_zi)
    _printf_n                                0x0800018d   Thumb Code     0  _printf_n.o(.ARM.Collect$$_printf_percent$$00000001)
    _printf_percent                          0x0800018d   Thumb Code     0  _printf_percent.o(.ARM.Collect$$_printf_percent$$00000000)
    _printf_p                                0x08000193   Thumb Code     0  _printf_p.o(.ARM.Collect$$_printf_percent$$00000002)
    _printf_f                                0x08000199   Thumb Code     0  _printf_f.o(.ARM.Collect$$_printf_percent$$00000003)
    _printf_e                                0x0800019f   Thumb Code     0  _printf_e.o(.ARM.Collect$$_printf_percent$$00000004)
    _printf_g                                0x080001a5   Thumb Code     0  _printf_g.o(.ARM.Collect$$_printf_percent$$00000005)
    _printf_a                                0x080001ab   Thumb Code     0  _printf_a.o(.ARM.Collect$$_printf_percent$$00000006)
    _printf_ll                               0x080001b1   Thumb Code     0  _printf_ll.o(.ARM.Collect$$_printf_percent$$00000007)
    _printf_i                                0x080001bb   Thumb Code     0  _printf_i.o(.ARM.Collect$$_printf_percent$$00000008)
    _printf_d                                0x080001c1   Thumb Code     0  _printf_d.o(.ARM.Collect$$_printf_percent$$00000009)
    _printf_u                                0x080001c7   Thumb Code     0  _printf_u.o(.ARM.Collect$$_printf_percent$$0000000A)
    _printf_o                                0x080001cd   Thumb Code     0  _printf_o.o(.ARM.Collect$$_printf_percent$$0000000B)
    _printf_x                                0x080001d3   Thumb Code     0  _printf_x.o(.ARM.Collect$$_printf_percent$$0000000C)
    _printf_lli                              0x080001d9   Thumb Code     0  _printf_lli.o(.ARM.Collect$$_printf_percent$$0000000D)
    _printf_lld                              0x080001df   Thumb Code     0  _printf_lld.o(.ARM.Collect$$_printf_percent$$0000000E)
    _printf_llu                              0x080001e5   Thumb Code     0  _printf_llu.o(.ARM.Collect$$_printf_percent$$0000000F)
    _printf_llo                              0x080001eb   Thumb Code     0  _printf_llo.o(.ARM.Collect$$_printf_percent$$00000010)
    _printf_llx                              0x080001f1   Thumb Code     0  _printf_llx.o(.ARM.Collect$$_printf_percent$$00000011)
    _printf_l                                0x080001f7   Thumb Code     0  _printf_l.o(.ARM.Collect$$_printf_percent$$00000012)
    _printf_c                                0x08000201   Thumb Code     0  _printf_c.o(.ARM.Collect$$_printf_percent$$00000013)
    _printf_s                                0x08000207   Thumb Code     0  _printf_s.o(.ARM.Collect$$_printf_percent$$00000014)
    _printf_lc                               0x0800020d   Thumb Code     0  _printf_lc.o(.ARM.Collect$$_printf_percent$$00000015)
    _printf_ls                               0x08000213   Thumb Code     0  _printf_ls.o(.ARM.Collect$$_printf_percent$$00000016)
    _printf_percent_end                      0x08000219   Thumb Code     0  _printf_percent_end.o(.ARM.Collect$$_printf_percent$$00000017)
    __rt_lib_init                            0x0800021d   Thumb Code     0  libinit.o(.ARM.Collect$$libinit$$00000000)
    __rt_lib_init_fp_1                       0x0800021f   Thumb Code     0  libinit2.o(.ARM.Collect$$libinit$$00000002)
    __rt_lib_init_heap_1                     0x0800021f   Thumb Code     0  libinit2.o(.ARM.Collect$$libinit$$0000000C)
    __rt_lib_init_lc_common                  0x0800021f   Thumb Code     0  libinit2.o(.ARM.Collect$$libinit$$00000011)
    __rt_lib_init_preinit_1                  0x0800021f   Thumb Code     0  libinit2.o(.ARM.Collect$$libinit$$00000006)
    __rt_lib_init_rand_1                     0x0800021f   Thumb Code     0  libinit2.o(.ARM.Collect$$libinit$$00000010)
    __rt_lib_init_relocate_pie_1             0x0800021f   Thumb Code     0  libinit2.o(.ARM.Collect$$libinit$$00000004)
    __rt_lib_init_user_alloc_1               0x0800021f   Thumb Code     0  libinit2.o(.ARM.Collect$$libinit$$0000000E)
    __rt_lib_init_lc_collate_1               0x08000225   Thumb Code     0  libinit2.o(.ARM.Collect$$libinit$$00000013)
    __rt_lib_init_lc_ctype_2                 0x08000225   Thumb Code     0  libinit2.o(.ARM.Collect$$libinit$$00000014)
    __rt_lib_init_lc_ctype_1                 0x08000231   Thumb Code     0  libinit2.o(.ARM.Collect$$libinit$$00000015)
    __rt_lib_init_lc_monetary_1              0x08000231   Thumb Code     0  libinit2.o(.ARM.Collect$$libinit$$00000017)
    __rt_lib_init_lc_numeric_2               0x08000231   Thumb Code     0  libinit2.o(.ARM.Collect$$libinit$$00000018)
    __rt_lib_init_alloca_1                   0x0800023b   Thumb Code     0  libinit2.o(.ARM.Collect$$libinit$$00000030)
    __rt_lib_init_argv_1                     0x0800023b   Thumb Code     0  libinit2.o(.ARM.Collect$$libinit$$0000002E)
    __rt_lib_init_atexit_1                   0x0800023b   Thumb Code     0  libinit2.o(.ARM.Collect$$libinit$$0000001D)
    __rt_lib_init_clock_1                    0x0800023b   Thumb Code     0  libinit2.o(.ARM.Collect$$libinit$$00000023)
    __rt_lib_init_cpp_1                      0x0800023b   Thumb Code     0  libinit2.o(.ARM.Collect$$libinit$$00000034)
    __rt_lib_init_exceptions_1               0x0800023b   Thumb Code     0  libinit2.o(.ARM.Collect$$libinit$$00000032)
    __rt_lib_init_fp_trap_1                  0x0800023b   Thumb Code     0  libinit2.o(.ARM.Collect$$libinit$$00000021)
    __rt_lib_init_getenv_1                   0x0800023b   Thumb Code     0  libinit2.o(.ARM.Collect$$libinit$$00000025)
    __rt_lib_init_lc_numeric_1               0x0800023b   Thumb Code     0  libinit2.o(.ARM.Collect$$libinit$$00000019)
    __rt_lib_init_lc_time_1                  0x0800023b   Thumb Code     0  libinit2.o(.ARM.Collect$$libinit$$0000001B)
    __rt_lib_init_return                     0x0800023b   Thumb Code     0  libinit2.o(.ARM.Collect$$libinit$$00000035)
    __rt_lib_init_signal_1                   0x0800023b   Thumb Code     0  libinit2.o(.ARM.Collect$$libinit$$0000001F)
    __rt_lib_init_stdio_1                    0x0800023b   Thumb Code     0  libinit2.o(.ARM.Collect$$libinit$$00000027)
    __rt_lib_shutdown                        0x0800023d   Thumb Code     0  libshutdown.o(.ARM.Collect$$libshutdown$$00000000)
    __rt_lib_shutdown_cpp_1                  0x0800023f   Thumb Code     0  libshutdown2.o(.ARM.Collect$$libshutdown$$00000002)
    __rt_lib_shutdown_fp_trap_1              0x0800023f   Thumb Code     0  libshutdown2.o(.ARM.Collect$$libshutdown$$00000007)
    __rt_lib_shutdown_heap_1                 0x0800023f   Thumb Code     0  libshutdown2.o(.ARM.Collect$$libshutdown$$0000000F)
    __rt_lib_shutdown_return                 0x0800023f   Thumb Code     0  libshutdown2.o(.ARM.Collect$$libshutdown$$00000010)
    __rt_lib_shutdown_signal_1               0x0800023f   Thumb Code     0  libshutdown2.o(.ARM.Collect$$libshutdown$$0000000A)
    __rt_lib_shutdown_stdio_1                0x0800023f   Thumb Code     0  libshutdown2.o(.ARM.Collect$$libshutdown$$00000004)
    __rt_lib_shutdown_user_alloc_1           0x0800023f   Thumb Code     0  libshutdown2.o(.ARM.Collect$$libshutdown$$0000000C)
    __rt_entry                               0x08000241   Thumb Code     0  __rtentry.o(.ARM.Collect$$rtentry$$00000000)
    __rt_entry_presh_1                       0x08000241   Thumb Code     0  __rtentry2.o(.ARM.Collect$$rtentry$$00000002)
    __rt_entry_sh                            0x08000241   Thumb Code     0  __rtentry4.o(.ARM.Collect$$rtentry$$00000004)
    __rt_entry_postsh_1                      0x08000247   Thumb Code     0  __rtentry2.o(.ARM.Collect$$rtentry$$00000008)
    __rt_entry_li                            0x0800024f   Thumb Code     0  __rtentry2.o(.ARM.Collect$$rtentry$$0000000A)
    __rt_entry_main                          0x08000253   Thumb Code     0  __rtentry2.o(.ARM.Collect$$rtentry$$0000000D)
    __rt_entry_postli_1                      0x08000253   Thumb Code     0  __rtentry2.o(.ARM.Collect$$rtentry$$0000000C)
    __rt_exit                                0x0800025b   Thumb Code     0  rtexit.o(.ARM.Collect$$rtexit$$00000000)
    __rt_exit_ls                             0x0800025d   Thumb Code     0  rtexit2.o(.ARM.Collect$$rtexit$$00000003)
    __rt_exit_prels_1                        0x0800025d   Thumb Code     0  rtexit2.o(.ARM.Collect$$rtexit$$00000002)
    __rt_exit_exit                           0x08000261   Thumb Code     0  rtexit2.o(.ARM.Collect$$rtexit$$00000004)
    Reset_Handler                            0x08000269   Thumb Code     8  startup_stm32f10x_md.o(.text)
    NMI_Handler                              0x08000271   Thumb Code     2  startup_stm32f10x_md.o(.text)
    HardFault_Handler                        0x08000273   Thumb Code     2  startup_stm32f10x_md.o(.text)
    MemManage_Handler                        0x08000275   Thumb Code     2  startup_stm32f10x_md.o(.text)
    BusFault_Handler                         0x08000277   Thumb Code     2  startup_stm32f10x_md.o(.text)
    UsageFault_Handler                       0x08000279   Thumb Code     2  startup_stm32f10x_md.o(.text)
    DebugMon_Handler                         0x0800027d   Thumb Code     2  startup_stm32f10x_md.o(.text)
    ADC1_2_IRQHandler                        0x08000283   Thumb Code     0  startup_stm32f10x_md.o(.text)
    CAN1_RX1_IRQHandler                      0x08000283   Thumb Code     0  startup_stm32f10x_md.o(.text)
    CAN1_SCE_IRQHandler                      0x08000283   Thumb Code     0  startup_stm32f10x_md.o(.text)
    DMA1_Channel1_IRQHandler                 0x08000283   Thumb Code     0  startup_stm32f10x_md.o(.text)
    DMA1_Channel2_IRQHandler                 0x08000283   Thumb Code     0  startup_stm32f10x_md.o(.text)
    DMA1_Channel3_IRQHandler                 0x08000283   Thumb Code     0  startup_stm32f10x_md.o(.text)
    DMA1_Channel4_IRQHandler                 0x08000283   Thumb Code     0  startup_stm32f10x_md.o(.text)
    DMA1_Channel5_IRQHandler                 0x08000283   Thumb Code     0  startup_stm32f10x_md.o(.text)
    DMA1_Channel6_IRQHandler                 0x08000283   Thumb Code     0  startup_stm32f10x_md.o(.text)
    DMA1_Channel7_IRQHandler                 0x08000283   Thumb Code     0  startup_stm32f10x_md.o(.text)
    EXTI0_IRQHandler                         0x08000283   Thumb Code     0  startup_stm32f10x_md.o(.text)
    EXTI15_10_IRQHandler                     0x08000283   Thumb Code     0  startup_stm32f10x_md.o(.text)
    EXTI1_IRQHandler                         0x08000283   Thumb Code     0  startup_stm32f10x_md.o(.text)
    EXTI2_IRQHandler                         0x08000283   Thumb Code     0  startup_stm32f10x_md.o(.text)
    EXTI3_IRQHandler                         0x08000283   Thumb Code     0  startup_stm32f10x_md.o(.text)
    EXTI4_IRQHandler                         0x08000283   Thumb Code     0  startup_stm32f10x_md.o(.text)
    EXTI9_5_IRQHandler                       0x08000283   Thumb Code     0  startup_stm32f10x_md.o(.text)
    FLASH_IRQHandler                         0x08000283   Thumb Code     0  startup_stm32f10x_md.o(.text)
    I2C1_ER_IRQHandler                       0x08000283   Thumb Code     0  startup_stm32f10x_md.o(.text)
    I2C1_EV_IRQHandler                       0x08000283   Thumb Code     0  startup_stm32f10x_md.o(.text)
    I2C2_ER_IRQHandler                       0x08000283   Thumb Code     0  startup_stm32f10x_md.o(.text)
    I2C2_EV_IRQHandler                       0x08000283   Thumb Code     0  startup_stm32f10x_md.o(.text)
    PVD_IRQHandler                           0x08000283   Thumb Code     0  startup_stm32f10x_md.o(.text)
    RCC_IRQHandler                           0x08000283   Thumb Code     0  startup_stm32f10x_md.o(.text)
    RTCAlarm_IRQHandler                      0x08000283   Thumb Code     0  startup_stm32f10x_md.o(.text)
    RTC_IRQHandler                           0x08000283   Thumb Code     0  startup_stm32f10x_md.o(.text)
    SPI1_IRQHandler                          0x08000283   Thumb Code     0  startup_stm32f10x_md.o(.text)
    SPI2_IRQHandler                          0x08000283   Thumb Code     0  startup_stm32f10x_md.o(.text)
    TAMPER_IRQHandler                        0x08000283   Thumb Code     0  startup_stm32f10x_md.o(.text)
    TIM1_BRK_IRQHandler                      0x08000283   Thumb Code     0  startup_stm32f10x_md.o(.text)
    TIM1_CC_IRQHandler                       0x08000283   Thumb Code     0  startup_stm32f10x_md.o(.text)
    TIM1_TRG_COM_IRQHandler                  0x08000283   Thumb Code     0  startup_stm32f10x_md.o(.text)
    TIM1_UP_IRQHandler                       0x08000283   Thumb Code     0  startup_stm32f10x_md.o(.text)
    TIM2_IRQHandler                          0x08000283   Thumb Code     0  startup_stm32f10x_md.o(.text)
    TIM3_IRQHandler                          0x08000283   Thumb Code     0  startup_stm32f10x_md.o(.text)
    TIM4_IRQHandler                          0x08000283   Thumb Code     0  startup_stm32f10x_md.o(.text)
    USART1_IRQHandler                        0x08000283   Thumb Code     0  startup_stm32f10x_md.o(.text)
    USART2_IRQHandler                        0x08000283   Thumb Code     0  startup_stm32f10x_md.o(.text)
    USART3_IRQHandler                        0x08000283   Thumb Code     0  startup_stm32f10x_md.o(.text)
    USBWakeUp_IRQHandler                     0x08000283   Thumb Code     0  startup_stm32f10x_md.o(.text)
    USB_HP_CAN1_TX_IRQHandler                0x08000283   Thumb Code     0  startup_stm32f10x_md.o(.text)
    USB_LP_CAN1_RX0_IRQHandler               0x08000283   Thumb Code     0  startup_stm32f10x_md.o(.text)
    WWDG_IRQHandler                          0x08000283   Thumb Code     0  startup_stm32f10x_md.o(.text)
    __user_initial_stackheap                 0x08000285   Thumb Code     0  startup_stm32f10x_md.o(.text)
    snprintf                                 0x080002a9   Thumb Code    58  snprintf.o(.text)
    __aeabi_memcpy                           0x080002e9   Thumb Code     0  rt_memcpy_v6.o(.text)
    __rt_memcpy                              0x080002e9   Thumb Code   138  rt_memcpy_v6.o(.text)
    _memcpy_lastbytes                        0x0800034f   Thumb Code     0  rt_memcpy_v6.o(.text)
    __aeabi_memset4                          0x08000373   Thumb Code    16  aeabi_memset4.o(.text)
    __aeabi_memset8                          0x08000373   Thumb Code     0  aeabi_memset4.o(.text)
    __aeabi_memclr                           0x08000383   Thumb Code     0  rt_memclr.o(.text)
    __rt_memclr                              0x08000383   Thumb Code     0  rt_memclr.o(.text)
    _memset                                  0x08000387   Thumb Code    64  rt_memclr.o(.text)
    __aeabi_memclr4                          0x080003c7   Thumb Code     0  rt_memclr_w.o(.text)
    __aeabi_memclr8                          0x080003c7   Thumb Code     0  rt_memclr_w.o(.text)
    __rt_memclr_w                            0x080003c7   Thumb Code     0  rt_memclr_w.o(.text)
    _memset_w                                0x080003cb   Thumb Code    74  rt_memclr_w.o(.text)
    __use_two_region_memory                  0x08000415   Thumb Code     2  heapauxi.o(.text)
    __rt_heap_escrow$2region                 0x08000417   Thumb Code     2  heapauxi.o(.text)
    __rt_heap_expand$2region                 0x08000419   Thumb Code     2  heapauxi.o(.text)
    _printf_pre_padding                      0x0800041b   Thumb Code    44  _printf_pad.o(.text)
    _printf_post_padding                     0x08000447   Thumb Code    34  _printf_pad.o(.text)
    _printf_truncate_signed                  0x08000469   Thumb Code    18  _printf_truncate.o(.text)
    _printf_truncate_unsigned                0x0800047b   Thumb Code    18  _printf_truncate.o(.text)
    _printf_str                              0x0800048d   Thumb Code    82  _printf_str.o(.text)
    _printf_int_dec                          0x080004e1   Thumb Code   104  _printf_dec.o(.text)
    _printf_charcount                        0x08000559   Thumb Code    40  _printf_charcount.o(.text)
    _printf_char_common                      0x0800058b   Thumb Code    32  _printf_char_common.o(.text)
    _snputc                                  0x080005b1   Thumb Code    16  _snputc.o(.text)
    _printf_wctomb                           0x080005c1   Thumb Code   182  _printf_wctomb.o(.text)
    _printf_longlong_dec                     0x0800067d   Thumb Code   108  _printf_longlong_dec.o(.text)
    _printf_longlong_oct                     0x080006f9   Thumb Code    68  _printf_oct_int_ll.o(.text)
    _printf_int_oct                          0x0800073d   Thumb Code    24  _printf_oct_int_ll.o(.text)
    _printf_ll_oct                           0x08000755   Thumb Code    12  _printf_oct_int_ll.o(.text)
    _printf_longlong_hex                     0x08000769   Thumb Code    86  _printf_hex_int_ll_ptr.o(.text)
    _printf_int_hex                          0x080007bf   Thumb Code    28  _printf_hex_int_ll_ptr.o(.text)
    _printf_ll_hex                           0x080007db   Thumb Code    12  _printf_hex_int_ll_ptr.o(.text)
    _printf_hex_ptr                          0x080007e7   Thumb Code    18  _printf_hex_int_ll_ptr.o(.text)
    __printf                                 0x080007fd   Thumb Code   388  __printf_flags_ss_wp.o(.text)
    __aeabi_memcpy4                          0x08000985   Thumb Code     0  rt_memcpy_w.o(.text)
    __aeabi_memcpy8                          0x08000985   Thumb Code     0  rt_memcpy_w.o(.text)
    __rt_memcpy_w                            0x08000985   Thumb Code   100  rt_memcpy_w.o(.text)
    _memcpy_lastbytes_aligned                0x080009cd   Thumb Code     0  rt_memcpy_w.o(.text)
    _ll_udiv10                               0x080009e9   Thumb Code   138  lludiv10.o(.text)
    _printf_int_common                       0x08000a73   Thumb Code   178  _printf_intcommon.o(.text)
    _printf_fp_dec_real                      0x08000cd5   Thumb Code   620  _printf_fp_dec.o(.text)
    _printf_fp_hex_real                      0x08000f41   Thumb Code   756  _printf_fp_hex.o(.text)
    _printf_cs_common                        0x0800123d   Thumb Code    20  _printf_char.o(.text)
    _printf_char                             0x08001251   Thumb Code    16  _printf_char.o(.text)
    _printf_string                           0x08001261   Thumb Code     8  _printf_char.o(.text)
    _printf_lcs_common                       0x08001269   Thumb Code    20  _printf_wchar.o(.text)
    _printf_wchar                            0x0800127d   Thumb Code    16  _printf_wchar.o(.text)
    _printf_wstring                          0x0800128d   Thumb Code     8  _printf_wchar.o(.text)
    _c16rtomb                                0x08001295   Thumb Code    72  _c16rtomb.o(.text)
    _wcrtomb                                 0x08001295   Thumb Code     0  _c16rtomb.o(.text)
    __user_setup_stackheap                   0x080012dd   Thumb Code    74  sys_stackheap_outer.o(.text)
    __rt_ctype_table                         0x08001329   Thumb Code    16  rt_ctype_table.o(.text)
    __rt_locale                              0x08001339   Thumb Code    10  rt_locale_twolibspace.o(.text)
    _printf_fp_infnan                        0x08001345   Thumb Code   112  _printf_fp_infnan.o(.text)
    _btod_etento                             0x080013c5   Thumb Code   224  bigflt0.o(.text)
    exit                                     0x080014a9   Thumb Code    18  exit.o(.text)
    __user_libspace                          0x080014bd   Thumb Code     8  libspace.o(.text)
    __user_perproc_libspace                  0x080014bd   Thumb Code     0  libspace.o(.text)
    strcmp                                   0x080014c5   Thumb Code   128  strcmpv7m.o(.text)
    _sys_exit                                0x08001545   Thumb Code     8  sys_exit.o(.text)
    __I$use$semihosting                      0x08001551   Thumb Code     0  use_no_semi.o(.text)
    __use_no_semihosting_swi                 0x08001551   Thumb Code     2  use_no_semi.o(.text)
    __semihosting_library_function           0x08001553   Thumb Code     0  indicate_semi.o(.text)
    ADC1_Init                                0x08001555   Thumb Code   172  p2b1.o(.text.ADC1_Init)
    ADC1_Read                                0x08001601   Thumb Code    78  p2b1.o(.text.ADC1_Read)
    ADC_Cmd                                  0x08001651   Thumb Code    44  stm32f10x_adc.o(.text.ADC_Cmd)
    ADC_GetCalibrationStatus                 0x0800167d   Thumb Code    46  stm32f10x_adc.o(.text.ADC_GetCalibrationStatus)
    ADC_GetConversionValue                   0x080016ad   Thumb Code    14  stm32f10x_adc.o(.text.ADC_GetConversionValue)
    ADC_GetFlagStatus                        0x080016bd   Thumb Code    52  stm32f10x_adc.o(.text.ADC_GetFlagStatus)
    ADC_GetResetCalibrationStatus            0x080016f1   Thumb Code    46  stm32f10x_adc.o(.text.ADC_GetResetCalibrationStatus)
    ADC_Init                                 0x08001721   Thumb Code   154  stm32f10x_adc.o(.text.ADC_Init)
    ADC_RegularChannelConfig                 0x080017bd   Thumb Code   380  stm32f10x_adc.o(.text.ADC_RegularChannelConfig)
    ADC_ResetCalibration                     0x08001939   Thumb Code    18  stm32f10x_adc.o(.text.ADC_ResetCalibration)
    ADC_SoftwareStartConvCmd                 0x0800194d   Thumb Code    44  stm32f10x_adc.o(.text.ADC_SoftwareStartConvCmd)
    ADC_StartCalibration                     0x08001979   Thumb Code    18  stm32f10x_adc.o(.text.ADC_StartCalibration)
    GPIO_Init                                0x0800198d   Thumb Code   390  stm32f10x_gpio.o(.text.GPIO_Init)
    PWM_Init                                 0x08001b15   Thumb Code   164  p2b1.o(.text.PWM_Init)
    PendSV_Handler                           0x08001bc1   Thumb Code    68  port.o(.text.PendSV_Handler)
    RCC_APB1PeriphClockCmd                   0x08001c05   Thumb Code    56  stm32f10x_rcc.o(.text.RCC_APB1PeriphClockCmd)
    RCC_APB2PeriphClockCmd                   0x08001c3d   Thumb Code    56  stm32f10x_rcc.o(.text.RCC_APB2PeriphClockCmd)
    RCC_GetClocksFreq                        0x08001c75   Thumb Code   370  stm32f10x_rcc.o(.text.RCC_GetClocksFreq)
    SVC_Handler                              0x08001df1   Thumb Code    36  port.o(.text.SVC_Handler)
    SysTick_Handler                          0x08001f41   Thumb Code    30  cmsis_os2.o(.text.SysTick_Handler)
    SystemInit                               0x08001f61   Thumb Code   102  system_stm32f10x.o(.text.SystemInit)
    TIM_ARRPreloadConfig                     0x08001fc9   Thumb Code    44  stm32f10x_tim.o(.text.TIM_ARRPreloadConfig)
    TIM_Cmd                                  0x08001ff5   Thumb Code    44  stm32f10x_tim.o(.text.TIM_Cmd)
    TIM_OC2Init                              0x08002021   Thumb Code   320  stm32f10x_tim.o(.text.TIM_OC2Init)
    TIM_OC2PreloadConfig                     0x08002161   Thumb Code    62  stm32f10x_tim.o(.text.TIM_OC2PreloadConfig)
    TIM_TimeBaseInit                         0x080021a1   Thumb Code   322  stm32f10x_tim.o(.text.TIM_TimeBaseInit)
    UART1_Init                               0x080022e5   Thumb Code   134  p2b1.o(.text.UART1_Init)
    UART1_SendString                         0x0800236d   Thumb Code    64  p2b1.o(.text.UART1_SendString)
    USART_Cmd                                0x080023ad   Thumb Code    44  stm32f10x_usart.o(.text.USART_Cmd)
    USART_GetFlagStatus                      0x080023d9   Thumb Code    68  stm32f10x_usart.o(.text.USART_GetFlagStatus)
    USART_Init                               0x0800241d   Thumb Code   348  stm32f10x_usart.o(.text.USART_Init)
    USART_SendData                           0x08002579   Thumb Code    24  stm32f10x_usart.o(.text.USART_SendData)
    _mutex_acquire                           0x08002591   Thumb Code    40  clib_os.o(.text._mutex_acquire)
    _mutex_free                              0x080025b9   Thumb Code    84  clib_os.o(.text._mutex_free)
    _mutex_initialize                        0x0800260d   Thumb Code   168  clib_os.o(.text._mutex_initialize)
    _mutex_release                           0x080026b5   Thumb Code    42  clib_os.o(.text._mutex_release)
    _platform_post_stackheap_init            0x080026e1   Thumb Code     2  clib_os.o(.text._platform_post_stackheap_init)
    main                                     0x08002705   Thumb Code   262  p2b1.o(.text.main)
    pvPortMalloc                             0x080037f5   Thumb Code   438  heap_4.o(.text.pvPortMalloc)
    pvTaskIncrementMutexHeldCount            0x080039ad   Thumb Code    36  tasks.o(.text.pvTaskIncrementMutexHeldCount)
    pxPortInitialiseStack                    0x080039d1   Thumb Code    80  port.o(.text.pxPortInitialiseStack)
    systemclock_config                       0x08003a21   Thumb Code   222  p2b1.o(.text.systemclock_config)
    uxListRemove                             0x08003b01   Thumb Code    72  list.o(.text.uxListRemove)
    vApplicationGetIdleTaskMemory            0x08003b49   Thumb Code    42  tasks.o(.text.vApplicationGetIdleTaskMemory)
    vApplicationGetTimerTaskMemory           0x08003b75   Thumb Code    42  tasks.o(.text.vApplicationGetTimerTaskMemory)
    vApplicationStackOverflowHook            0x08003ba1   Thumb Code    10  cmsis_os2.o(.text.vApplicationStackOverflowHook)
    vListInitialise                          0x08003bad   Thumb Code    46  list.o(.text.vListInitialise)
    vListInitialiseItem                      0x08003bdd   Thumb Code    14  list.o(.text.vListInitialiseItem)
    vListInsert                              0x08003bed   Thumb Code   106  list.o(.text.vListInsert)
    vPortEnterCritical                       0x08003c59   Thumb Code    48  port.o(.text.vPortEnterCritical)
    vPortExitCritical                        0x08003c89   Thumb Code    38  port.o(.text.vPortExitCritical)
    vPortFree                                0x08003cb1   Thumb Code   118  heap_4.o(.text.vPortFree)
    vPortSetupTimerInterrupt                 0x08003d29   Thumb Code    68  port.o(.text.vPortSetupTimerInterrupt)
    vQueueDelete                             0x08003d6d   Thumb Code    34  queue.o(.text.vQueueDelete)
    vQueueWaitForMessageRestricted           0x08003d91   Thumb Code   100  queue.o(.text.vQueueWaitForMessageRestricted)
    vTaskDelay                               0x08003df5   Thumb Code    74  tasks.o(.text.vTaskDelay)
    vTaskInternalSetTimeOutState             0x08003e41   Thumb Code    36  tasks.o(.text.vTaskInternalSetTimeOutState)
    vTaskMissedYield                         0x08003e65   Thumb Code    14  tasks.o(.text.vTaskMissedYield)
    vTaskPWMControl                          0x08003e75   Thumb Code   226  p2b1.o(.text.vTaskPWMControl)
    vTaskPlaceOnEventList                    0x08003f59   Thumb Code    38  tasks.o(.text.vTaskPlaceOnEventList)
    vTaskPlaceOnEventListRestricted          0x08003f81   Thumb Code   100  tasks.o(.text.vTaskPlaceOnEventListRestricted)
    vTaskPriorityDisinheritAfterTimeout      0x08003fe5   Thumb Code   312  tasks.o(.text.vTaskPriorityDisinheritAfterTimeout)
    vTaskReadADC_PA0                         0x0800411d   Thumb Code    78  p2b1.o(.text.vTaskReadADC_PA0)
    vTaskReadADC_PA1                         0x0800416d   Thumb Code    78  p2b1.o(.text.vTaskReadADC_PA1)
    vTaskSendUART                            0x080041bd   Thumb Code   246  p2b1.o(.text.vTaskSendUART)
    vTaskStartScheduler                      0x080042b5   Thumb Code   114  tasks.o(.text.vTaskStartScheduler)
    vTaskSuspendAll                          0x08004329   Thumb Code    16  tasks.o(.text.vTaskSuspendAll)
    vTaskSwitchContext                       0x08004339   Thumb Code   284  tasks.o(.text.vTaskSwitchContext)
    xPortStartScheduler                      0x08004455   Thumb Code    88  port.o(.text.xPortStartScheduler)
    xPortSysTickHandler                      0x080044ad   Thumb Code    62  port.o(.text.xPortSysTickHandler)
    xQueueCreateMutex                        0x080044ed   Thumb Code    38  queue.o(.text.xQueueCreateMutex)
    xQueueCreateMutexStatic                  0x08004515   Thumb Code    50  queue.o(.text.xQueueCreateMutexStatic)
    xQueueGenericCreate                      0x08004549   Thumb Code   134  queue.o(.text.xQueueGenericCreate)
    xQueueGenericCreateStatic                0x080045d1   Thumb Code   108  queue.o(.text.xQueueGenericCreateStatic)
    xQueueGenericReset                       0x0800463d   Thumb Code   208  queue.o(.text.xQueueGenericReset)
    xQueueGenericSend                        0x0800470d   Thumb Code   362  queue.o(.text.xQueueGenericSend)
    xQueueReceive                            0x08004879   Thumb Code   338  queue.o(.text.xQueueReceive)
    xQueueSemaphoreTake                      0x080049cd   Thumb Code   414  queue.o(.text.xQueueSemaphoreTake)
    xTaskCheckForTimeOut                     0x08004b6d   Thumb Code   196  tasks.o(.text.xTaskCheckForTimeOut)
    xTaskCreate                              0x08004c31   Thumb Code    82  tasks.o(.text.xTaskCreate)
    xTaskCreateStatic                        0x08004c85   Thumb Code    92  tasks.o(.text.xTaskCreateStatic)
    xTaskGetSchedulerState                   0x08004ce1   Thumb Code    56  tasks.o(.text.xTaskGetSchedulerState)
    xTaskGetTickCount                        0x08004d19   Thumb Code    20  tasks.o(.text.xTaskGetTickCount)
    xTaskIncrementTick                       0x08004d2d   Thumb Code   606  tasks.o(.text.xTaskIncrementTick)
    xTaskPriorityDisinherit                  0x08004f8d   Thumb Code   242  tasks.o(.text.xTaskPriorityDisinherit)
    xTaskPriorityInherit                     0x08005081   Thumb Code   348  tasks.o(.text.xTaskPriorityInherit)
    xTaskRemoveFromEventList                 0x080051dd   Thumb Code   404  tasks.o(.text.xTaskRemoveFromEventList)
    xTaskResumeAll                           0x08005371   Thumb Code   574  tasks.o(.text.xTaskResumeAll)
    xTimerCreateTimerTask                    0x080055b1   Thumb Code   120  timers.o(.text.xTimerCreateTimerTask)
    _btod_d2e                                0x08005629   Thumb Code    62  btod.o(CL$$btod_d2e)
    _d2e_denorm_low                          0x08005667   Thumb Code    70  btod.o(CL$$btod_d2e_denorm_low)
    _d2e_norm_op1                            0x080056ad   Thumb Code    96  btod.o(CL$$btod_d2e_norm_op1)
    __btod_div_common                        0x0800570d   Thumb Code   696  btod.o(CL$$btod_div_common)
    _e2e                                     0x08005a45   Thumb Code   220  btod.o(CL$$btod_e2e)
    _btod_ediv                               0x08005b21   Thumb Code    42  btod.o(CL$$btod_ediv)
    _btod_emul                               0x08005b4b   Thumb Code    42  btod.o(CL$$btod_emul)
    __btod_mult_common                       0x08005b75   Thumb Code   580  btod.o(CL$$btod_mult_common)
    __ARM_fpclassify                         0x08005db9   Thumb Code    40  fpclassify.o(i.__ARM_fpclassify)
    _is_digit                                0x08005de1   Thumb Code    14  __printf_wp.o(i._is_digit)
    _get_lc_numeric                          0x08005df1   Thumb Code    44  lc_numeric_c.o(locale$$code)
    _get_lc_ctype                            0x08005e1d   Thumb Code    44  lc_ctype_c.o(locale$$code)
    _printf_fp_dec                           0x08005e49   Thumb Code     4  printf1.o(x$fpl$printf1)
    _printf_fp_hex                           0x08005e4d   Thumb Code     4  printf2.o(x$fpl$printf2)
    __I$use$fp                               0x08005e50   Number         0  usenofp.o(x$fpl$usenofp)
    Region$$Table$$Base                      0x08005fd8   Number         0  anon$$obj.o(Region$$Table)
    Region$$Table$$Limit                     0x08005ff8   Number         0  anon$$obj.o(Region$$Table)
    __ctype                                  0x08006021   Data           0  lc_ctype_c.o(locale$$data)
    SystemCoreClock                          0x20000000   Data           4  system_stm32f10x.o(.data.SystemCoreClock)
    __libspace_start                         0x20000008   Data          96  libspace.o(.bss)
    __temporary_stack_top$libspace           0x20000068   Data           0  libspace.o(.bss)
    adcQueuePA0                              0x20000068   Data           4  p2b1.o(.bss.adcQueuePA0)
    adcQueuePA1                              0x2000006c   Data           4  p2b1.o(.bss.adcQueuePA1)
    pwmDutyCyclee                            0x200002b8   Data           4  p2b1.o(.bss.pwmDutyCyclee)
    pwmFrequencyy                            0x200002bc   Data           4  p2b1.o(.bss.pwmFrequencyy)
    pxCurrentTCB                             0x200002c0   Data           4  tasks.o(.bss.pxCurrentTCB)



==============================================================================

Memory Map of the image

  Image Entry point : 0x080000ed

  Load Region LR_IROM1 (Base: 0x08000000, Size: 0x00006130, Max: 0x00010000, ABSOLUTE)

    Execution Region ER_IROM1 (Exec base: 0x08000000, Load base: 0x08000000, Size: 0x00006124, Max: 0x00010000, ABSOLUTE)

    Exec Addr    Load Addr    Size         Type   Attr      Idx    E Section Name        Object

    0x08000000   0x08000000   0x000000ec   Data   RO         1049    RESET               startup_stm32f10x_md.o
    0x080000ec   0x080000ec   0x00000008   Code   RO         1622  * !!!main             c_w.l(__main.o)
    0x080000f4   0x080000f4   0x0000005c   Code   RO         1961    !!!scatter          c_w.l(__scatter.o)
    0x08000150   0x08000150   0x0000001a   Code   RO         1965    !!handler_copy      c_w.l(__scatter_copy.o)
    0x0800016a   0x0800016a   0x00000002   PAD
    0x0800016c   0x0800016c   0x00000002   Code   RO         1962    !!handler_null      c_w.l(__scatter.o)
    0x0800016e   0x0800016e   0x00000002   PAD
    0x08000170   0x08000170   0x0000001c   Code   RO         1967    !!handler_zi        c_w.l(__scatter_zi.o)
    0x0800018c   0x0800018c   0x00000000   Code   RO         1706    .ARM.Collect$$_printf_percent$$00000000  c_w.l(_printf_percent.o)
    0x0800018c   0x0800018c   0x00000006   Code   RO         1695    .ARM.Collect$$_printf_percent$$00000001  c_w.l(_printf_n.o)
    0x08000192   0x08000192   0x00000006   Code   RO         1697    .ARM.Collect$$_printf_percent$$00000002  c_w.l(_printf_p.o)
    0x08000198   0x08000198   0x00000006   Code   RO         1702    .ARM.Collect$$_printf_percent$$00000003  c_w.l(_printf_f.o)
    0x0800019e   0x0800019e   0x00000006   Code   RO         1703    .ARM.Collect$$_printf_percent$$00000004  c_w.l(_printf_e.o)
    0x080001a4   0x080001a4   0x00000006   Code   RO         1704    .ARM.Collect$$_printf_percent$$00000005  c_w.l(_printf_g.o)
    0x080001aa   0x080001aa   0x00000006   Code   RO         1705    .ARM.Collect$$_printf_percent$$00000006  c_w.l(_printf_a.o)
    0x080001b0   0x080001b0   0x0000000a   Code   RO         1710    .ARM.Collect$$_printf_percent$$00000007  c_w.l(_printf_ll.o)
    0x080001ba   0x080001ba   0x00000006   Code   RO         1699    .ARM.Collect$$_printf_percent$$00000008  c_w.l(_printf_i.o)
    0x080001c0   0x080001c0   0x00000006   Code   RO         1700    .ARM.Collect$$_printf_percent$$00000009  c_w.l(_printf_d.o)
    0x080001c6   0x080001c6   0x00000006   Code   RO         1701    .ARM.Collect$$_printf_percent$$0000000A  c_w.l(_printf_u.o)
    0x080001cc   0x080001cc   0x00000006   Code   RO         1698    .ARM.Collect$$_printf_percent$$0000000B  c_w.l(_printf_o.o)
    0x080001d2   0x080001d2   0x00000006   Code   RO         1696    .ARM.Collect$$_printf_percent$$0000000C  c_w.l(_printf_x.o)
    0x080001d8   0x080001d8   0x00000006   Code   RO         1707    .ARM.Collect$$_printf_percent$$0000000D  c_w.l(_printf_lli.o)
    0x080001de   0x080001de   0x00000006   Code   RO         1708    .ARM.Collect$$_printf_percent$$0000000E  c_w.l(_printf_lld.o)
    0x080001e4   0x080001e4   0x00000006   Code   RO         1709    .ARM.Collect$$_printf_percent$$0000000F  c_w.l(_printf_llu.o)
    0x080001ea   0x080001ea   0x00000006   Code   RO         1714    .ARM.Collect$$_printf_percent$$00000010  c_w.l(_printf_llo.o)
    0x080001f0   0x080001f0   0x00000006   Code   RO         1715    .ARM.Collect$$_printf_percent$$00000011  c_w.l(_printf_llx.o)
    0x080001f6   0x080001f6   0x0000000a   Code   RO         1711    .ARM.Collect$$_printf_percent$$00000012  c_w.l(_printf_l.o)
    0x08000200   0x08000200   0x00000006   Code   RO         1693    .ARM.Collect$$_printf_percent$$00000013  c_w.l(_printf_c.o)
    0x08000206   0x08000206   0x00000006   Code   RO         1694    .ARM.Collect$$_printf_percent$$00000014  c_w.l(_printf_s.o)
    0x0800020c   0x0800020c   0x00000006   Code   RO         1712    .ARM.Collect$$_printf_percent$$00000015  c_w.l(_printf_lc.o)
    0x08000212   0x08000212   0x00000006   Code   RO         1713    .ARM.Collect$$_printf_percent$$00000016  c_w.l(_printf_ls.o)
    0x08000218   0x08000218   0x00000004   Code   RO         1758    .ARM.Collect$$_printf_percent$$00000017  c_w.l(_printf_percent_end.o)
    0x0800021c   0x0800021c   0x00000002   Code   RO         1809    .ARM.Collect$$libinit$$00000000  c_w.l(libinit.o)
    0x0800021e   0x0800021e   0x00000000   Code   RO         1828    .ARM.Collect$$libinit$$00000002  c_w.l(libinit2.o)
    0x0800021e   0x0800021e   0x00000000   Code   RO         1830    .ARM.Collect$$libinit$$00000004  c_w.l(libinit2.o)
    0x0800021e   0x0800021e   0x00000000   Code   RO         1832    .ARM.Collect$$libinit$$00000006  c_w.l(libinit2.o)
    0x0800021e   0x0800021e   0x00000000   Code   RO         1835    .ARM.Collect$$libinit$$0000000C  c_w.l(libinit2.o)
    0x0800021e   0x0800021e   0x00000000   Code   RO         1837    .ARM.Collect$$libinit$$0000000E  c_w.l(libinit2.o)
    0x0800021e   0x0800021e   0x00000000   Code   RO         1839    .ARM.Collect$$libinit$$00000010  c_w.l(libinit2.o)
    0x0800021e   0x0800021e   0x00000006   Code   RO         1840    .ARM.Collect$$libinit$$00000011  c_w.l(libinit2.o)
    0x08000224   0x08000224   0x00000000   Code   RO         1842    .ARM.Collect$$libinit$$00000013  c_w.l(libinit2.o)
    0x08000224   0x08000224   0x0000000c   Code   RO         1843    .ARM.Collect$$libinit$$00000014  c_w.l(libinit2.o)
    0x08000230   0x08000230   0x00000000   Code   RO         1844    .ARM.Collect$$libinit$$00000015  c_w.l(libinit2.o)
    0x08000230   0x08000230   0x00000000   Code   RO         1846    .ARM.Collect$$libinit$$00000017  c_w.l(libinit2.o)
    0x08000230   0x08000230   0x0000000a   Code   RO         1847    .ARM.Collect$$libinit$$00000018  c_w.l(libinit2.o)
    0x0800023a   0x0800023a   0x00000000   Code   RO         1848    .ARM.Collect$$libinit$$00000019  c_w.l(libinit2.o)
    0x0800023a   0x0800023a   0x00000000   Code   RO         1850    .ARM.Collect$$libinit$$0000001B  c_w.l(libinit2.o)
    0x0800023a   0x0800023a   0x00000000   Code   RO         1852    .ARM.Collect$$libinit$$0000001D  c_w.l(libinit2.o)
    0x0800023a   0x0800023a   0x00000000   Code   RO         1854    .ARM.Collect$$libinit$$0000001F  c_w.l(libinit2.o)
    0x0800023a   0x0800023a   0x00000000   Code   RO         1856    .ARM.Collect$$libinit$$00000021  c_w.l(libinit2.o)
    0x0800023a   0x0800023a   0x00000000   Code   RO         1858    .ARM.Collect$$libinit$$00000023  c_w.l(libinit2.o)
    0x0800023a   0x0800023a   0x00000000   Code   RO         1860    .ARM.Collect$$libinit$$00000025  c_w.l(libinit2.o)
    0x0800023a   0x0800023a   0x00000000   Code   RO         1862    .ARM.Collect$$libinit$$00000027  c_w.l(libinit2.o)
    0x0800023a   0x0800023a   0x00000000   Code   RO         1866    .ARM.Collect$$libinit$$0000002E  c_w.l(libinit2.o)
    0x0800023a   0x0800023a   0x00000000   Code   RO         1868    .ARM.Collect$$libinit$$00000030  c_w.l(libinit2.o)
    0x0800023a   0x0800023a   0x00000000   Code   RO         1870    .ARM.Collect$$libinit$$00000032  c_w.l(libinit2.o)
    0x0800023a   0x0800023a   0x00000000   Code   RO         1872    .ARM.Collect$$libinit$$00000034  c_w.l(libinit2.o)
    0x0800023a   0x0800023a   0x00000002   Code   RO         1873    .ARM.Collect$$libinit$$00000035  c_w.l(libinit2.o)
    0x0800023c   0x0800023c   0x00000002   Code   RO         1897    .ARM.Collect$$libshutdown$$00000000  c_w.l(libshutdown.o)
    0x0800023e   0x0800023e   0x00000000   Code   RO         1912    .ARM.Collect$$libshutdown$$00000002  c_w.l(libshutdown2.o)
    0x0800023e   0x0800023e   0x00000000   Code   RO         1914    .ARM.Collect$$libshutdown$$00000004  c_w.l(libshutdown2.o)
    0x0800023e   0x0800023e   0x00000000   Code   RO         1917    .ARM.Collect$$libshutdown$$00000007  c_w.l(libshutdown2.o)
    0x0800023e   0x0800023e   0x00000000   Code   RO         1920    .ARM.Collect$$libshutdown$$0000000A  c_w.l(libshutdown2.o)
    0x0800023e   0x0800023e   0x00000000   Code   RO         1922    .ARM.Collect$$libshutdown$$0000000C  c_w.l(libshutdown2.o)
    0x0800023e   0x0800023e   0x00000000   Code   RO         1925    .ARM.Collect$$libshutdown$$0000000F  c_w.l(libshutdown2.o)
    0x0800023e   0x0800023e   0x00000002   Code   RO         1926    .ARM.Collect$$libshutdown$$00000010  c_w.l(libshutdown2.o)
    0x08000240   0x08000240   0x00000000   Code   RO         1624    .ARM.Collect$$rtentry$$00000000  c_w.l(__rtentry.o)
    0x08000240   0x08000240   0x00000000   Code   RO         1727    .ARM.Collect$$rtentry$$00000002  c_w.l(__rtentry2.o)
    0x08000240   0x08000240   0x00000006   Code   RO         1739    .ARM.Collect$$rtentry$$00000004  c_w.l(__rtentry4.o)
    0x08000246   0x08000246   0x00000008   Code   RO         1728    .ARM.Collect$$rtentry$$00000008  c_w.l(__rtentry2.o)
    0x0800024e   0x0800024e   0x00000004   Code   RO         1730    .ARM.Collect$$rtentry$$0000000A  c_w.l(__rtentry2.o)
    0x08000252   0x08000252   0x00000000   Code   RO         1732    .ARM.Collect$$rtentry$$0000000C  c_w.l(__rtentry2.o)
    0x08000252   0x08000252   0x00000008   Code   RO         1733    .ARM.Collect$$rtentry$$0000000D  c_w.l(__rtentry2.o)
    0x0800025a   0x0800025a   0x00000002   Code   RO         1818    .ARM.Collect$$rtexit$$00000000  c_w.l(rtexit.o)
    0x0800025c   0x0800025c   0x00000000   Code   RO         1875    .ARM.Collect$$rtexit$$00000002  c_w.l(rtexit2.o)
    0x0800025c   0x0800025c   0x00000004   Code   RO         1876    .ARM.Collect$$rtexit$$00000003  c_w.l(rtexit2.o)
    0x08000260   0x08000260   0x00000006   Code   RO         1877    .ARM.Collect$$rtexit$$00000004  c_w.l(rtexit2.o)
    0x08000266   0x08000266   0x00000002   PAD
    0x08000268   0x08000268   0x00000040   Code   RO         1050    .text               startup_stm32f10x_md.o
    0x080002a8   0x080002a8   0x00000040   Code   RO         1610    .text               c_w.l(snprintf.o)
    0x080002e8   0x080002e8   0x0000008a   Code   RO         1612    .text               c_w.l(rt_memcpy_v6.o)
    0x08000372   0x08000372   0x00000010   Code   RO         1614    .text               c_w.l(aeabi_memset4.o)
    0x08000382   0x08000382   0x00000044   Code   RO         1616    .text               c_w.l(rt_memclr.o)
    0x080003c6   0x080003c6   0x0000004e   Code   RO         1618    .text               c_w.l(rt_memclr_w.o)
    0x08000414   0x08000414   0x00000006   Code   RO         1620    .text               c_w.l(heapauxi.o)
    0x0800041a   0x0800041a   0x0000004e   Code   RO         1627    .text               c_w.l(_printf_pad.o)
    0x08000468   0x08000468   0x00000024   Code   RO         1629    .text               c_w.l(_printf_truncate.o)
    0x0800048c   0x0800048c   0x00000052   Code   RO         1631    .text               c_w.l(_printf_str.o)
    0x080004de   0x080004de   0x00000002   PAD
    0x080004e0   0x080004e0   0x00000078   Code   RO         1633    .text               c_w.l(_printf_dec.o)
    0x08000558   0x08000558   0x00000028   Code   RO         1635    .text               c_w.l(_printf_charcount.o)
    0x08000580   0x08000580   0x00000030   Code   RO         1637    .text               c_w.l(_printf_char_common.o)
    0x080005b0   0x080005b0   0x00000010   Code   RO         1639    .text               c_w.l(_snputc.o)
    0x080005c0   0x080005c0   0x000000bc   Code   RO         1641    .text               c_w.l(_printf_wctomb.o)
    0x0800067c   0x0800067c   0x0000007c   Code   RO         1644    .text               c_w.l(_printf_longlong_dec.o)
    0x080006f8   0x080006f8   0x00000070   Code   RO         1650    .text               c_w.l(_printf_oct_int_ll.o)
    0x08000768   0x08000768   0x00000094   Code   RO         1670    .text               c_w.l(_printf_hex_int_ll_ptr.o)
    0x080007fc   0x080007fc   0x00000188   Code   RO         1690    .text               c_w.l(__printf_flags_ss_wp.o)
    0x08000984   0x08000984   0x00000064   Code   RO         1716    .text               c_w.l(rt_memcpy_w.o)
    0x080009e8   0x080009e8   0x0000008a   Code   RO         1741    .text               c_w.l(lludiv10.o)
    0x08000a72   0x08000a72   0x000000b2   Code   RO         1743    .text               c_w.l(_printf_intcommon.o)
    0x08000b24   0x08000b24   0x0000041c   Code   RO         1745    .text               c_w.l(_printf_fp_dec.o)
    0x08000f40   0x08000f40   0x000002fc   Code   RO         1749    .text               c_w.l(_printf_fp_hex.o)
    0x0800123c   0x0800123c   0x0000002c   Code   RO         1754    .text               c_w.l(_printf_char.o)
    0x08001268   0x08001268   0x0000002c   Code   RO         1756    .text               c_w.l(_printf_wchar.o)
    0x08001294   0x08001294   0x00000048   Code   RO         1759    .text               c_w.l(_c16rtomb.o)
    0x080012dc   0x080012dc   0x0000004a   Code   RO         1761    .text               c_w.l(sys_stackheap_outer.o)
    0x08001326   0x08001326   0x00000002   PAD
    0x08001328   0x08001328   0x00000010   Code   RO         1763    .text               c_w.l(rt_ctype_table.o)
    0x08001338   0x08001338   0x0000000a   Code   RO         1770    .text               c_w.l(rt_locale_twolibspace.o)
    0x08001342   0x08001342   0x00000002   PAD
    0x08001344   0x08001344   0x00000080   Code   RO         1772    .text               c_w.l(_printf_fp_infnan.o)
    0x080013c4   0x080013c4   0x000000e4   Code   RO         1774    .text               c_w.l(bigflt0.o)
    0x080014a8   0x080014a8   0x00000012   Code   RO         1804    .text               c_w.l(exit.o)
    0x080014ba   0x080014ba   0x00000002   PAD
    0x080014bc   0x080014bc   0x00000008   Code   RO         1815    .text               c_w.l(libspace.o)
    0x080014c4   0x080014c4   0x00000080   Code   RO         1825    .text               c_w.l(strcmpv7m.o)
    0x08001544   0x08001544   0x0000000c   Code   RO         1887    .text               c_w.l(sys_exit.o)
    0x08001550   0x08001550   0x00000002   Code   RO         1902    .text               c_w.l(use_no_semi.o)
    0x08001552   0x08001552   0x00000000   Code   RO         1904    .text               c_w.l(indicate_semi.o)
    0x08001552   0x08001552   0x00000002   PAD
    0x08001554   0x08001554   0x000000ac   Code   RO            8    .text.ADC1_Init     p2b1.o
    0x08001600   0x08001600   0x0000004e   Code   RO           20    .text.ADC1_Read     p2b1.o
    0x0800164e   0x0800164e   0x00000002   PAD
    0x08001650   0x08001650   0x0000002c   Code   RO          280    .text.ADC_Cmd       stm32f10x_adc.o
    0x0800167c   0x0800167c   0x0000002e   Code   RO          292    .text.ADC_GetCalibrationStatus  stm32f10x_adc.o
    0x080016aa   0x080016aa   0x00000002   PAD
    0x080016ac   0x080016ac   0x0000000e   Code   RO          306    .text.ADC_GetConversionValue  stm32f10x_adc.o
    0x080016ba   0x080016ba   0x00000002   PAD
    0x080016bc   0x080016bc   0x00000034   Code   RO          338    .text.ADC_GetFlagStatus  stm32f10x_adc.o
    0x080016f0   0x080016f0   0x0000002e   Code   RO          288    .text.ADC_GetResetCalibrationStatus  stm32f10x_adc.o
    0x0800171e   0x0800171e   0x00000002   PAD
    0x08001720   0x08001720   0x0000009a   Code   RO          276    .text.ADC_Init      stm32f10x_adc.o
    0x080017ba   0x080017ba   0x00000002   PAD
    0x080017bc   0x080017bc   0x0000017c   Code   RO          302    .text.ADC_RegularChannelConfig  stm32f10x_adc.o
    0x08001938   0x08001938   0x00000012   Code   RO          286    .text.ADC_ResetCalibration  stm32f10x_adc.o
    0x0800194a   0x0800194a   0x00000002   PAD
    0x0800194c   0x0800194c   0x0000002c   Code   RO          294    .text.ADC_SoftwareStartConvCmd  stm32f10x_adc.o
    0x08001978   0x08001978   0x00000012   Code   RO          290    .text.ADC_StartCalibration  stm32f10x_adc.o
    0x0800198a   0x0800198a   0x00000002   PAD
    0x0800198c   0x0800198c   0x00000186   Code   RO          474    .text.GPIO_Init     stm32f10x_gpio.o
    0x08001b12   0x08001b12   0x00000002   PAD
    0x08001b14   0x08001b14   0x000000a4   Code   RO           10    .text.PWM_Init      p2b1.o
    0x08001bb8   0x08001bb8   0x00000008   PAD
    0x08001bc0   0x08001bc0   0x00000044   Code   RO         1150    .text.PendSV_Handler  port.o
    0x08001c04   0x08001c04   0x00000038   Code   RO          632    .text.RCC_APB1PeriphClockCmd  stm32f10x_rcc.o
    0x08001c3c   0x08001c3c   0x00000038   Code   RO          630    .text.RCC_APB2PeriphClockCmd  stm32f10x_rcc.o
    0x08001c74   0x08001c74   0x00000172   Code   RO          626    .text.RCC_GetClocksFreq  stm32f10x_rcc.o
    0x08001de6   0x08001de6   0x0000000a   PAD
    0x08001df0   0x08001df0   0x00000024   Code   RO         1136    .text.SVC_Handler   port.o
    0x08001e14   0x08001e14   0x00000008   Code   RO         1059    .text.SetSysClock   system_stm32f10x.o
    0x08001e1c   0x08001e1c   0x00000122   Code   RO         1063    .text.SetSysClockTo72  system_stm32f10x.o
    0x08001f3e   0x08001f3e   0x00000002   PAD
    0x08001f40   0x08001f40   0x0000001e   Code   RO           64    .text.SysTick_Handler  cmsis_os2.o
    0x08001f5e   0x08001f5e   0x00000002   PAD
    0x08001f60   0x08001f60   0x00000066   Code   RO         1057    .text.SystemInit    system_stm32f10x.o
    0x08001fc6   0x08001fc6   0x00000002   PAD
    0x08001fc8   0x08001fc8   0x0000002c   Code   RO          861    .text.TIM_ARRPreloadConfig  stm32f10x_tim.o
    0x08001ff4   0x08001ff4   0x0000002c   Code   RO          821    .text.TIM_Cmd       stm32f10x_tim.o
    0x08002020   0x08002020   0x00000140   Code   RO          785    .text.TIM_OC2Init   stm32f10x_tim.o
    0x08002160   0x08002160   0x0000003e   Code   RO          871    .text.TIM_OC2PreloadConfig  stm32f10x_tim.o
    0x0800219e   0x0800219e   0x00000002   PAD
    0x080021a0   0x080021a0   0x00000142   Code   RO          781    .text.TIM_TimeBaseInit  stm32f10x_tim.o
    0x080022e2   0x080022e2   0x00000002   PAD
    0x080022e4   0x080022e4   0x00000086   Code   RO            6    .text.UART1_Init    p2b1.o
    0x0800236a   0x0800236a   0x00000002   PAD
    0x0800236c   0x0800236c   0x00000040   Code   RO           22    .text.UART1_SendString  p2b1.o
    0x080023ac   0x080023ac   0x0000002c   Code   RO          978    .text.USART_Cmd     stm32f10x_usart.o
    0x080023d8   0x080023d8   0x00000044   Code   RO         1018    .text.USART_GetFlagStatus  stm32f10x_usart.o
    0x0800241c   0x0800241c   0x0000015c   Code   RO          970    .text.USART_Init    stm32f10x_usart.o
    0x08002578   0x08002578   0x00000018   Code   RO          994    .text.USART_SendData  stm32f10x_usart.o
    0x08002590   0x08002590   0x00000028   Code   RO           45    .text._mutex_acquire  clib_os.o
    0x080025b8   0x080025b8   0x00000054   Code   RO           51    .text._mutex_free   clib_os.o
    0x0800260c   0x0800260c   0x000000a8   Code   RO           43    .text._mutex_initialize  clib_os.o
    0x080026b4   0x080026b4   0x0000002a   Code   RO           49    .text._mutex_release  clib_os.o
    0x080026de   0x080026de   0x00000002   PAD
    0x080026e0   0x080026e0   0x00000002   Code   RO           37    .text._platform_post_stackheap_init  clib_os.o
    0x080026e2   0x080026e2   0x00000002   PAD
    0x080026e4   0x080026e4   0x00000020   Code   RO           47    .text.is_thread_mode  clib_os.o
    0x08002704   0x08002704   0x00000106   Code   RO            2    .text.main          p2b1.o
    0x0800280a   0x0800280a   0x00000002   PAD
    0x0800280c   0x0800280c   0x00000020   Code   RO           41    .text.os_kernel_is_active  clib_os.o
    0x0800282c   0x0800282c   0x0000010e   Code   RO         1368    .text.prvAddCurrentTaskToDelayedList  tasks.o
    0x0800293a   0x0800293a   0x00000002   PAD
    0x0800293c   0x0800293c   0x00000170   Code   RO         1352    .text.prvAddNewTaskToReadyList  tasks.o
    0x08002aac   0x08002aac   0x0000007e   Code   RO         1530    .text.prvCheckForValidListAndQueue  timers.o
    0x08002b2a   0x08002b2a   0x00000002   PAD
    0x08002b2c   0x08002b2c   0x0000005a   Code   RO         1402    .text.prvCheckTasksWaitingTermination  tasks.o
    0x08002b86   0x08002b86   0x00000002   PAD
    0x08002b88   0x08002b88   0x00000042   Code   RO         1240    .text.prvCopyDataFromQueue  queue.o
    0x08002bca   0x08002bca   0x00000002   PAD
    0x08002bcc   0x08002bcc   0x000000cc   Code   RO         1228    .text.prvCopyDataToQueue  queue.o
    0x08002c98   0x08002c98   0x000000c8   Code   RO         1398    .text.prvCreateIdleTasks  tasks.o
    0x08002d60   0x08002d60   0x00000078   Code   RO         1350    .text.prvCreateStaticTask  tasks.o
    0x08002dd8   0x08002dd8   0x0000008e   Code   RO         1356    .text.prvCreateTask  tasks.o
    0x08002e66   0x08002e66   0x00000002   PAD
    0x08002e68   0x08002e68   0x0000003c   Code   RO         1362    .text.prvDeleteTCB  tasks.o
    0x08002ea4   0x08002ea4   0x00000026   Code   RO         1244    .text.prvGetDisinheritPriorityAfterTimeout  queue.o
    0x08002eca   0x08002eca   0x00000002   PAD
    0x08002ecc   0x08002ecc   0x00000040   Code   RO         1576    .text.prvGetNextExpireTime  timers.o
    0x08002f0c   0x08002f0c   0x000000aa   Code   RO         1164    .text.prvHeapInit   heap_4.o
    0x08002fb6   0x08002fb6   0x00000002   PAD
    0x08002fb8   0x08002fb8   0x00000038   Code   RO         1492    .text.prvIdleTask   tasks.o
    0x08002ff0   0x08002ff0   0x0000002c   Code   RO         1208    .text.prvInitialiseMutex  queue.o
    0x0800301c   0x0800301c   0x00000048   Code   RO         1200    .text.prvInitialiseNewQueue  queue.o
    0x08003064   0x08003064   0x000000e6   Code   RO         1488    .text.prvInitialiseNewTask  tasks.o
    0x0800314a   0x0800314a   0x00000002   PAD
    0x0800314c   0x0800314c   0x0000008e   Code   RO         1490    .text.prvInitialiseTaskLists  tasks.o
    0x080031da   0x080031da   0x00000002   PAD
    0x080031dc   0x080031dc   0x000000d8   Code   RO         1168    .text.prvInsertBlockIntoFreeList  heap_4.o
    0x080032b4   0x080032b4   0x00000086   Code   RO         1590    .text.prvInsertTimerInActiveList  timers.o
    0x0800333a   0x0800333a   0x00000002   PAD
    0x0800333c   0x0800333c   0x00000028   Code   RO         1242    .text.prvIsQueueEmpty  queue.o
    0x08003364   0x08003364   0x0000002e   Code   RO         1230    .text.prvIsQueueFull  queue.o
    0x08003392   0x08003392   0x00000002   PAD
    0x08003394   0x08003394   0x00000020   Code   RO         1142    .text.prvPortStartFirstTask  port.o
    0x080033b4   0x080033b4   0x00000054   Code   RO         1584    .text.prvProcessExpiredTimer  timers.o
    0x08003408   0x08003408   0x0000014e   Code   RO         1580    .text.prvProcessReceivedCommands  timers.o
    0x08003556   0x08003556   0x00000002   PAD
    0x08003558   0x08003558   0x0000009a   Code   RO         1578    .text.prvProcessTimerOrBlockTask  timers.o
    0x080035f2   0x080035f2   0x00000002   PAD
    0x080035f4   0x080035f4   0x00000034   Code   RO         1588    .text.prvReloadTimer  timers.o
    0x08003628   0x08003628   0x0000003c   Code   RO         1360    .text.prvResetNextTaskUnblockTime  tasks.o
    0x08003664   0x08003664   0x00000044   Code   RO         1582    .text.prvSampleTimeNow  timers.o
    0x080036a8   0x080036a8   0x00000052   Code   RO         1586    .text.prvSwitchTimerLists  timers.o
    0x080036fa   0x080036fa   0x00000002   PAD
    0x080036fc   0x080036fc   0x00000026   Code   RO         1134    .text.prvTaskExitError  port.o
    0x08003722   0x08003722   0x00000002   PAD
    0x08003724   0x08003724   0x0000001e   Code   RO         1532    .text.prvTimerTask  timers.o
    0x08003742   0x08003742   0x00000002   PAD
    0x08003744   0x08003744   0x000000ae   Code   RO         1232    .text.prvUnlockQueue  queue.o
    0x080037f2   0x080037f2   0x00000002   PAD
    0x080037f4   0x080037f4   0x000001b6   Code   RO         1162    .text.pvPortMalloc  heap_4.o
    0x080039aa   0x080039aa   0x00000002   PAD
    0x080039ac   0x080039ac   0x00000024   Code   RO         1466    .text.pvTaskIncrementMutexHeldCount  tasks.o
    0x080039d0   0x080039d0   0x00000050   Code   RO         1132    .text.pxPortInitialiseStack  port.o
    0x08003a20   0x08003a20   0x000000de   Code   RO            4    .text.systemclock_config  p2b1.o
    0x08003afe   0x08003afe   0x00000002   PAD
    0x08003b00   0x08003b00   0x00000048   Code   RO         1123    .text.uxListRemove  list.o
    0x08003b48   0x08003b48   0x0000002a   Code   RO         1482    .text.vApplicationGetIdleTaskMemory  tasks.o
    0x08003b72   0x08003b72   0x00000002   PAD
    0x08003b74   0x08003b74   0x0000002a   Code   RO         1484    .text.vApplicationGetTimerTaskMemory  tasks.o
    0x08003b9e   0x08003b9e   0x00000002   PAD
    0x08003ba0   0x08003ba0   0x0000000a   Code   RO          218    .text.vApplicationStackOverflowHook  cmsis_os2.o
    0x08003baa   0x08003baa   0x00000002   PAD
    0x08003bac   0x08003bac   0x0000002e   Code   RO         1115    .text.vListInitialise  list.o
    0x08003bda   0x08003bda   0x00000002   PAD
    0x08003bdc   0x08003bdc   0x0000000e   Code   RO         1117    .text.vListInitialiseItem  list.o
    0x08003bea   0x08003bea   0x00000002   PAD
    0x08003bec   0x08003bec   0x0000006a   Code   RO         1121    .text.vListInsert   list.o
    0x08003c56   0x08003c56   0x00000002   PAD
    0x08003c58   0x08003c58   0x00000030   Code   RO         1146    .text.vPortEnterCritical  port.o
    0x08003c88   0x08003c88   0x00000026   Code   RO         1148    .text.vPortExitCritical  port.o
    0x08003cae   0x08003cae   0x00000002   PAD
    0x08003cb0   0x08003cb0   0x00000076   Code   RO         1166    .text.vPortFree     heap_4.o
    0x08003d26   0x08003d26   0x00000002   PAD
    0x08003d28   0x08003d28   0x00000044   Code   RO         1140    .text.vPortSetupTimerInterrupt  port.o
    0x08003d6c   0x08003d6c   0x00000022   Code   RO         1258    .text.vQueueDelete  queue.o
    0x08003d8e   0x08003d8e   0x00000002   PAD
    0x08003d90   0x08003d90   0x00000064   Code   RO         1274    .text.vQueueWaitForMessageRestricted  queue.o
    0x08003df4   0x08003df4   0x0000004a   Code   RO         1372    .text.vTaskDelay    tasks.o
    0x08003e3e   0x08003e3e   0x00000002   PAD
    0x08003e40   0x08003e40   0x00000024   Code   RO         1436    .text.vTaskInternalSetTimeOutState  tasks.o
    0x08003e64   0x08003e64   0x0000000e   Code   RO         1440    .text.vTaskMissedYield  tasks.o
    0x08003e72   0x08003e72   0x00000002   PAD
    0x08003e74   0x08003e74   0x000000e2   Code   RO           18    .text.vTaskPWMControl  p2b1.o
    0x08003f56   0x08003f56   0x00000002   PAD
    0x08003f58   0x08003f58   0x00000026   Code   RO         1424    .text.vTaskPlaceOnEventList  tasks.o
    0x08003f7e   0x08003f7e   0x00000002   PAD
    0x08003f80   0x08003f80   0x00000064   Code   RO         1428    .text.vTaskPlaceOnEventListRestricted  tasks.o
    0x08003fe4   0x08003fe4   0x00000138   Code   RO         1462    .text.vTaskPriorityDisinheritAfterTimeout  tasks.o
    0x0800411c   0x0800411c   0x0000004e   Code   RO           12    .text.vTaskReadADC_PA0  p2b1.o
    0x0800416a   0x0800416a   0x00000002   PAD
    0x0800416c   0x0800416c   0x0000004e   Code   RO           14    .text.vTaskReadADC_PA1  p2b1.o
    0x080041ba   0x080041ba   0x00000002   PAD
    0x080041bc   0x080041bc   0x000000f6   Code   RO           16    .text.vTaskSendUART  p2b1.o
    0x080042b2   0x080042b2   0x00000002   PAD
    0x080042b4   0x080042b4   0x00000072   Code   RO         1396    .text.vTaskStartScheduler  tasks.o
    0x08004326   0x08004326   0x00000002   PAD
    0x08004328   0x08004328   0x00000010   Code   RO         1366    .text.vTaskSuspendAll  tasks.o
    0x08004338   0x08004338   0x0000011c   Code   RO         1388    .text.vTaskSwitchContext  tasks.o
    0x08004454   0x08004454   0x00000058   Code   RO         1138    .text.xPortStartScheduler  port.o
    0x080044ac   0x080044ac   0x0000003e   Code   RO         1152    .text.xPortSysTickHandler  port.o
    0x080044ea   0x080044ea   0x00000002   PAD
    0x080044ec   0x080044ec   0x00000026   Code   RO         1206    .text.xQueueCreateMutex  queue.o
    0x08004512   0x08004512   0x00000002   PAD
    0x08004514   0x08004514   0x00000032   Code   RO         1210    .text.xQueueCreateMutexStatic  queue.o
    0x08004546   0x08004546   0x00000002   PAD
    0x08004548   0x08004548   0x00000086   Code   RO         1204    .text.xQueueGenericCreate  queue.o
    0x080045ce   0x080045ce   0x00000002   PAD
    0x080045d0   0x080045d0   0x0000006c   Code   RO         1198    .text.xQueueGenericCreateStatic  queue.o
    0x0800463c   0x0800463c   0x000000d0   Code   RO         1196    .text.xQueueGenericReset  queue.o
    0x0800470c   0x0800470c   0x0000016a   Code   RO         1218    .text.xQueueGenericSend  queue.o
    0x08004876   0x08004876   0x00000002   PAD
    0x08004878   0x08004878   0x00000152   Code   RO         1238    .text.xQueueReceive  queue.o
    0x080049ca   0x080049ca   0x00000002   PAD
    0x080049cc   0x080049cc   0x0000019e   Code   RO         1222    .text.xQueueSemaphoreTake  queue.o
    0x08004b6a   0x08004b6a   0x00000002   PAD
    0x08004b6c   0x08004b6c   0x000000c4   Code   RO         1438    .text.xTaskCheckForTimeOut  tasks.o
    0x08004c30   0x08004c30   0x00000052   Code   RO         1354    .text.xTaskCreate   tasks.o
    0x08004c82   0x08004c82   0x00000002   PAD
    0x08004c84   0x08004c84   0x0000005c   Code   RO         1348    .text.xTaskCreateStatic  tasks.o
    0x08004ce0   0x08004ce0   0x00000038   Code   RO         1456    .text.xTaskGetSchedulerState  tasks.o
    0x08004d18   0x08004d18   0x00000014   Code   RO         1406    .text.xTaskGetTickCount  tasks.o
    0x08004d2c   0x08004d2c   0x0000025e   Code   RO         1404    .text.xTaskIncrementTick  tasks.o
    0x08004f8a   0x08004f8a   0x00000002   PAD
    0x08004f8c   0x08004f8c   0x000000f2   Code   RO         1460    .text.xTaskPriorityDisinherit  tasks.o
    0x0800507e   0x0800507e   0x00000002   PAD
    0x08005080   0x08005080   0x0000015c   Code   RO         1458    .text.xTaskPriorityInherit  tasks.o
    0x080051dc   0x080051dc   0x00000194   Code   RO         1430    .text.xTaskRemoveFromEventList  tasks.o
    0x08005370   0x08005370   0x0000023e   Code   RO         1370    .text.xTaskResumeAll  tasks.o
    0x080055ae   0x080055ae   0x00000002   PAD
    0x080055b0   0x080055b0   0x00000078   Code   RO         1528    .text.xTimerCreateTimerTask  timers.o
    0x08005628   0x08005628   0x0000003e   Code   RO         1777    CL$$btod_d2e        c_w.l(btod.o)
    0x08005666   0x08005666   0x00000046   Code   RO         1779    CL$$btod_d2e_denorm_low  c_w.l(btod.o)
    0x080056ac   0x080056ac   0x00000060   Code   RO         1778    CL$$btod_d2e_norm_op1  c_w.l(btod.o)
    0x0800570c   0x0800570c   0x00000338   Code   RO         1787    CL$$btod_div_common  c_w.l(btod.o)
    0x08005a44   0x08005a44   0x000000dc   Code   RO         1784    CL$$btod_e2e        c_w.l(btod.o)
    0x08005b20   0x08005b20   0x0000002a   Code   RO         1781    CL$$btod_ediv       c_w.l(btod.o)
    0x08005b4a   0x08005b4a   0x0000002a   Code   RO         1780    CL$$btod_emul       c_w.l(btod.o)
    0x08005b74   0x08005b74   0x00000244   Code   RO         1786    CL$$btod_mult_common  c_w.l(btod.o)
    0x08005db8   0x08005db8   0x00000028   Code   RO         1813    i.__ARM_fpclassify  m_ws.l(fpclassify.o)
    0x08005de0   0x08005de0   0x0000000e   Code   RO         1683    i._is_digit         c_w.l(__printf_wp.o)
    0x08005dee   0x08005dee   0x00000002   PAD
    0x08005df0   0x08005df0   0x0000002c   Code   RO         1802    locale$$code        c_w.l(lc_numeric_c.o)
    0x08005e1c   0x08005e1c   0x0000002c   Code   RO         1823    locale$$code        c_w.l(lc_ctype_c.o)
    0x08005e48   0x08005e48   0x00000004   Code   RO         1718    x$fpl$printf1       fz_ws.l(printf1.o)
    0x08005e4c   0x08005e4c   0x00000004   Code   RO         1720    x$fpl$printf2       fz_ws.l(printf2.o)
    0x08005e50   0x08005e50   0x00000000   Code   RO         1812    x$fpl$usenofp       fz_ws.l(usenofp.o)
    0x08005e50   0x08005e50   0x00000008   Data   RO         1642    .constdata          c_w.l(_printf_wctomb.o)
    0x08005e58   0x08005e58   0x00000028   Data   RO         1671    .constdata          c_w.l(_printf_hex_int_ll_ptr.o)
    0x08005e80   0x08005e80   0x00000011   Data   RO         1691    .constdata          c_w.l(__printf_flags_ss_wp.o)
    0x08005e91   0x08005e91   0x00000026   Data   RO         1750    .constdata          c_w.l(_printf_fp_hex.o)
    0x08005eb7   0x08005eb7   0x00000001   PAD
    0x08005eb8   0x08005eb8   0x00000094   Data   RO         1775    .constdata          c_w.l(bigflt0.o)
    0x08005f4c   0x08005f4c   0x00000004   Data   RO          651    .rodata.ADCPrescTable  stm32f10x_rcc.o
    0x08005f50   0x08005f50   0x00000010   Data   RO          650    .rodata.APBAHBPrescTable  stm32f10x_rcc.o
    0x08005f60   0x08005f60   0x00000066   Data   RO           28    .rodata.str1.1      p2b1.o
    0x08005fc6   0x08005fc6   0x00000005   Data   RO         1520    .rodata.str1.1      tasks.o
    0x08005fcb   0x08005fcb   0x00000008   Data   RO         1593    .rodata.str1.1      timers.o
    0x08005fd3   0x08005fd3   0x00000001   PAD
    0x08005fd4   0x08005fd4   0x00000004   Data   RO         1511    .rodata.uxTopUsedPriority  tasks.o
    0x08005fd8   0x08005fd8   0x00000020   Data   RO         1960    Region$$Table       anon$$obj.o
    0x08005ff8   0x08005ff8   0x0000001c   Data   RO         1801    locale$$data        c_w.l(lc_numeric_c.o)
    0x08006014   0x08006014   0x00000110   Data   RO         1822    locale$$data        c_w.l(lc_ctype_c.o)


    Execution Region RW_IRAM1 (Exec base: 0x20000000, Load base: 0x08006128, Size: 0x00003210, Max: 0x00005000, ABSOLUTE)

    Exec Addr    Load Addr    Size         Type   Attr      Idx    E Section Name        Object

    0x20000000   0x08006128   0x00000004   Data   RW         1065    .data.SystemCoreClock  system_stm32f10x.o
    0x20000004   0x0800612c   0x00000004   Data   RW         1154    .data.uxCriticalNesting  port.o
    0x20000008        -       0x00000060   Zero   RW         1816    .bss                c_w.l(libspace.o)
    0x20000068        -       0x00000004   Zero   RW           24    .bss.adcQueuePA0    p2b1.o
    0x2000006c        -       0x00000004   Zero   RW           25    .bss.adcQueuePA1    p2b1.o
    0x20000070        -       0x00000190   Zero   RW           56    .bss.clib_mutex_cb  clib_os.o
    0x20000200        -       0x00000014   Zero   RW           55    .bss.clib_mutex_id  clib_os.o
    0x20000214        -       0x00000050   Zero   RW         1601    .bss.prvCheckForValidListAndQueue.ucStaticTimerQueueStorage  timers.o
    0x20000264        -       0x00000050   Zero   RW         1600    .bss.prvCheckForValidListAndQueue.xStaticTimerQueue  timers.o
    0x200002b4        -       0x00000004   Zero   RW         1597    .bss.prvSampleTimeNow.xLastTime  timers.o
    0x200002b8        -       0x00000004   Zero   RW           27    .bss.pwmDutyCyclee  p2b1.o
    0x200002bc        -       0x00000004   Zero   RW           26    .bss.pwmFrequencyy  p2b1.o
    0x200002c0        -       0x00000004   Zero   RW         1494    .bss.pxCurrentTCB   tasks.o
    0x200002c4        -       0x00000004   Zero   RW         1595    .bss.pxCurrentTimerList  timers.o
    0x200002c8        -       0x00000004   Zero   RW         1501    .bss.pxDelayedTaskList  tasks.o
    0x200002cc        -       0x00000004   Zero   RW         1182    .bss.pxEnd          heap_4.o
    0x200002d0        -       0x00000004   Zero   RW         1502    .bss.pxOverflowDelayedTaskList  tasks.o
    0x200002d4        -       0x00000004   Zero   RW         1596    .bss.pxOverflowTimerList  timers.o
    0x200002d8        -       0x00000460   Zero   RW         1505    .bss.pxReadyTasksLists  tasks.o
    0x20000738        -       0x00002000   Zero   RW         1188    .bss.ucHeap         heap_4.o
    0x20002738        -       0x00000004   Zero   RW         1499    .bss.uxCurrentNumberOfTasks  tasks.o
    0x2000273c        -       0x00000004   Zero   RW         1498    .bss.uxDeletedTasksWaitingCleanUp  tasks.o
    0x20002740        -       0x00000004   Zero   RW         1507    .bss.uxSchedulerSuspended  tasks.o
    0x20002744        -       0x00000004   Zero   RW         1495    .bss.uxTaskNumber   tasks.o
    0x20002748        -       0x00000004   Zero   RW         1506    .bss.uxTopReadyPriority  tasks.o
    0x2000274c        -       0x00000200   Zero   RW         1515    .bss.vApplicationGetIdleTaskMemory.uxIdleTaskStack  tasks.o
    0x2000294c        -       0x0000005c   Zero   RW         1514    .bss.vApplicationGetIdleTaskMemory.xIdleTaskTCB  tasks.o
    0x200029a8        -       0x00000140   Zero   RW         1517    .bss.vApplicationGetTimerTaskMemory.uxTimerTaskStack  tasks.o
    0x20002ae8        -       0x0000005c   Zero   RW         1516    .bss.vApplicationGetTimerTaskMemory.xTimerTaskTCB  tasks.o
    0x20002b44        -       0x00000014   Zero   RW         1598    .bss.xActiveTimerList1  timers.o
    0x20002b58        -       0x00000014   Zero   RW         1599    .bss.xActiveTimerList2  timers.o
    0x20002b6c        -       0x00000014   Zero   RW         1518    .bss.xDelayedTaskList1  tasks.o
    0x20002b80        -       0x00000014   Zero   RW         1519    .bss.xDelayedTaskList2  tasks.o
    0x20002b94        -       0x00000004   Zero   RW         1183    .bss.xFreeBytesRemaining  heap_4.o
    0x20002b98        -       0x00000004   Zero   RW         1510    .bss.xIdleTaskHandles  tasks.o
    0x20002b9c        -       0x00000004   Zero   RW         1185    .bss.xMinimumEverFreeBytesRemaining  heap_4.o
    0x20002ba0        -       0x00000004   Zero   RW         1509    .bss.xNextTaskUnblockTime  tasks.o
    0x20002ba4        -       0x00000004   Zero   RW         1513    .bss.xNumOfOverflows  tasks.o
    0x20002ba8        -       0x00000004   Zero   RW         1186    .bss.xNumberOfSuccessfulAllocations  heap_4.o
    0x20002bac        -       0x00000004   Zero   RW         1187    .bss.xNumberOfSuccessfulFrees  heap_4.o
    0x20002bb0        -       0x00000004   Zero   RW         1512    .bss.xPendedTicks   tasks.o
    0x20002bb4        -       0x00000014   Zero   RW         1503    .bss.xPendingReadyList  tasks.o
    0x20002bc8        -       0x00000004   Zero   RW         1496    .bss.xSchedulerRunning  tasks.o
    0x20002bcc        -       0x00000008   Zero   RW         1184    .bss.xStart         heap_4.o
    0x20002bd4        -       0x00000014   Zero   RW         1504    .bss.xSuspendedTaskList  tasks.o
    0x20002be8        -       0x00000014   Zero   RW         1497    .bss.xTasksWaitingTermination  tasks.o
    0x20002bfc        -       0x00000004   Zero   RW         1500    .bss.xTickCount     tasks.o
    0x20002c00        -       0x00000004   Zero   RW         1592    .bss.xTimerQueue    timers.o
    0x20002c04        -       0x00000004   Zero   RW         1594    .bss.xTimerTaskHandle  timers.o
    0x20002c08        -       0x00000004   Zero   RW         1508    .bss.xYieldPendings  tasks.o
    0x20002c0c   0x08006130   0x00000004   PAD
    0x20002c10        -       0x00000200   Zero   RW         1048    HEAP                startup_stm32f10x_md.o
    0x20002e10        -       0x00000400   Zero   RW         1047    STACK               startup_stm32f10x_md.o


==============================================================================

Image component sizes


      Code (inc. data)   RO Data    RW Data    ZI Data      Debug   Object Name

       400          0          0          0        420       3792   clib_os.o
        40          0          0          0          0      29932   cmsis_os2.o
       942          0          0          0       8220       4509   heap_4.o
       238          0          0          0          0       2327   list.o
      1724          0        102          0         16       7100   p2b1.o
       558         12          0          4          0       2851   port.o
      2470          0          0          0          0      14918   queue.o
        64         26        236          0       1536        808   startup_stm32f10x_md.o
       816          0          0          0          0       8779   stm32f10x_adc.o
       390          0          0          0          0       5703   stm32f10x_gpio.o
       482          0         20          0          0       7031   stm32f10x_rcc.o
       792          0          0          0          0      20406   stm32f10x_tim.o
       484          0          0          0          0       7504   stm32f10x_usart.o
       400          0          0          4          0       2961   system_stm32f10x.o
      5466          0          9          0       2296      27421   tasks.o
      1248         10          8          0        220      11213   timers.o

    ----------------------------------------------------------------------
     16660         48        408          8      12712     157255   Object Totals
         0          0         32          0          0          0   (incl. Generated)
       146          0          1          0          4          0   (incl. Padding)

    ----------------------------------------------------------------------

      Code (inc. data)   RO Data    RW Data    ZI Data      Debug   Library Member Name

         8          0          0          0          0         68   __main.o
       392          4         17          0          0         92   __printf_flags_ss_wp.o
        14          0          0          0          0         68   __printf_wp.o
         0          0          0          0          0          0   __rtentry.o
        20          0          0          0          0          0   __rtentry2.o
         6          0          0          0          0          0   __rtentry4.o
        94          8          0          0          0          0   __scatter.o
        26          0          0          0          0          0   __scatter_copy.o
        28          0          0          0          0          0   __scatter_zi.o
        72          0          0          0          0         96   _c16rtomb.o
         6          0          0          0          0          0   _printf_a.o
         6          0          0          0          0          0   _printf_c.o
        44          0          0          0          0        108   _printf_char.o
        48          6          0          0          0         96   _printf_char_common.o
        40          0          0          0          0         68   _printf_charcount.o
         6          0          0          0          0          0   _printf_d.o
       120         16          0          0          0         92   _printf_dec.o
         6          0          0          0          0          0   _printf_e.o
         6          0          0          0          0          0   _printf_f.o
      1052          0          0          0          0        148   _printf_fp_dec.o
       764          8         38          0          0        100   _printf_fp_hex.o
       128         16          0          0          0         84   _printf_fp_infnan.o
         6          0          0          0          0          0   _printf_g.o
       148          4         40          0          0        160   _printf_hex_int_ll_ptr.o
         6          0          0          0          0          0   _printf_i.o
       178          0          0          0          0         88   _printf_intcommon.o
        10          0          0          0          0          0   _printf_l.o
         6          0          0          0          0          0   _printf_lc.o
        10          0          0          0          0          0   _printf_ll.o
         6          0          0          0          0          0   _printf_lld.o
         6          0          0          0          0          0   _printf_lli.o
         6          0          0          0          0          0   _printf_llo.o
         6          0          0          0          0          0   _printf_llu.o
         6          0          0          0          0          0   _printf_llx.o
       124         16          0          0          0         92   _printf_longlong_dec.o
         6          0          0          0          0          0   _printf_ls.o
         6          0          0          0          0          0   _printf_n.o
         6          0          0          0          0          0   _printf_o.o
       112          8          0          0          0        124   _printf_oct_int_ll.o
         6          0          0          0          0          0   _printf_p.o
        78          0          0          0          0        108   _printf_pad.o
         0          0          0          0          0          0   _printf_percent.o
         4          0          0          0          0          0   _printf_percent_end.o
         6          0          0          0          0          0   _printf_s.o
        82          0          0          0          0         80   _printf_str.o
        36          0          0          0          0         84   _printf_truncate.o
         6          0          0          0          0          0   _printf_u.o
        44          0          0          0          0        108   _printf_wchar.o
       188          6          8          0          0         92   _printf_wctomb.o
         6          0          0          0          0          0   _printf_x.o
        16          0          0          0          0         68   _snputc.o
        16          0          0          0          0         68   aeabi_memset4.o
       228          4        148          0          0         96   bigflt0.o
      1936        128          0          0          0        668   btod.o
        18          0          0          0          0         80   exit.o
         6          0          0          0          0        152   heapauxi.o
         0          0          0          0          0          0   indicate_semi.o
        44         10        272          0          0         76   lc_ctype_c.o
        44         10         28          0          0         76   lc_numeric_c.o
         2          0          0          0          0          0   libinit.o
        30          0          0          0          0          0   libinit2.o
         2          0          0          0          0          0   libshutdown.o
         2          0          0          0          0          0   libshutdown2.o
         8          4          0          0         96         68   libspace.o
       138          0          0          0          0         80   lludiv10.o
        16          4          0          0          0         76   rt_ctype_table.o
        10          0          0          0          0         76   rt_locale_twolibspace.o
        68          0          0          0          0         68   rt_memclr.o
        78          0          0          0          0         80   rt_memclr_w.o
       138          0          0          0          0         68   rt_memcpy_v6.o
       100          0          0          0          0         80   rt_memcpy_w.o
         2          0          0          0          0          0   rtexit.o
        10          0          0          0          0          0   rtexit2.o
        64          6          0          0          0         84   snprintf.o
       128          0          0          0          0         68   strcmpv7m.o
        12          4          0          0          0         68   sys_exit.o
        74          0          0          0          0         80   sys_stackheap_outer.o
         2          0          0          0          0         68   use_no_semi.o
         4          0          0          0          0         68   printf1.o
         4          0          0          0          0         68   printf2.o
         0          0          0          0          0          0   usenofp.o
        40          0          0          0          0         68   fpclassify.o

    ----------------------------------------------------------------------
      7248        262        552          0         96       4408   Library Totals
        18          0          1          0          0          0   (incl. Padding)

    ----------------------------------------------------------------------

      Code (inc. data)   RO Data    RW Data    ZI Data      Debug   Library Name

      7182        262        551          0         96       4204   c_w.l
         8          0          0          0          0        136   fz_ws.l
        40          0          0          0          0         68   m_ws.l

    ----------------------------------------------------------------------
      7248        262        552          0         96       4408   Library Totals

    ----------------------------------------------------------------------

==============================================================================


      Code (inc. data)   RO Data    RW Data    ZI Data      Debug   

     23908        310        960          8      12808     159055   Grand Totals
     23908        310        960          8      12808     159055   ELF Image Totals
     23908        310        960          8          0          0   ROM Totals

==============================================================================

    Total RO  Size (Code + RO Data)                24868 (  24.29kB)
    Total RW  Size (RW Data + ZI Data)             12816 (  12.52kB)
    Total ROM Size (Code + RO Data + RW Data)      24876 (  24.29kB)

==============================================================================

