Component: Arm Compiler for Embedded 6.22 Tool: armlink [5ee90200]

==============================================================================

Section Cross References

    b6.o(.text.main) refers to b6.o(.text.UART_Config) for UART_Config
    b6.o(.text.main) refers to b6.o(.text.I2C_Config) for I2C_Config
    b6.o(.text.main) refers to b6.o(.text.I2C_Write) for I2C_Write
    b6.o(.text.main) refers to b6.o(.text.I2C_ReadLight) for I2C_ReadLight
    b6.o(.text.main) refers to b6.o(.text.sendValueUART) for sendValueUART
    b6.o(.ARM.exidx.text.main) refers to b6.o(.text.main) for [Anonymous Symbol]
    b6.o(.text.UART_Config) refers to stm32f10x_rcc.o(.text.RCC_APB2PeriphClockCmd) for RCC_APB2PeriphClockCmd
    b6.o(.text.UART_Config) refers to stm32f10x_gpio.o(.text.GPIO_Init) for GPIO_Init
    b6.o(.text.UART_Config) refers to stm32f10x_usart.o(.text.USART_Init) for USART_Init
    b6.o(.text.UART_Config) refers to stm32f10x_usart.o(.text.USART_Cmd) for USART_Cmd
    b6.o(.ARM.exidx.text.UART_Config) refers to b6.o(.text.UART_Config) for [Anonymous Symbol]
    b6.o(.text.I2C_Config) refers to stm32f10x_rcc.o(.text.RCC_APB2PeriphClockCmd) for RCC_APB2PeriphClockCmd
    b6.o(.text.I2C_Config) refers to stm32f10x_rcc.o(.text.RCC_APB1PeriphClockCmd) for RCC_APB1PeriphClockCmd
    b6.o(.text.I2C_Config) refers to stm32f10x_gpio.o(.text.GPIO_Init) for GPIO_Init
    b6.o(.text.I2C_Config) refers to stm32f10x_i2c.o(.text.I2C_Init) for I2C_Init
    b6.o(.text.I2C_Config) refers to stm32f10x_i2c.o(.text.I2C_Cmd) for I2C_Cmd
    b6.o(.ARM.exidx.text.I2C_Config) refers to b6.o(.text.I2C_Config) for [Anonymous Symbol]
    b6.o(.text.I2C_Write) refers to stm32f10x_i2c.o(.text.I2C_GetFlagStatus) for I2C_GetFlagStatus
    b6.o(.text.I2C_Write) refers to stm32f10x_i2c.o(.text.I2C_GenerateSTART) for I2C_GenerateSTART
    b6.o(.text.I2C_Write) refers to stm32f10x_i2c.o(.text.I2C_CheckEvent) for I2C_CheckEvent
    b6.o(.text.I2C_Write) refers to stm32f10x_i2c.o(.text.I2C_Send7bitAddress) for I2C_Send7bitAddress
    b6.o(.text.I2C_Write) refers to stm32f10x_i2c.o(.text.I2C_SendData) for I2C_SendData
    b6.o(.text.I2C_Write) refers to stm32f10x_i2c.o(.text.I2C_GenerateSTOP) for I2C_GenerateSTOP
    b6.o(.ARM.exidx.text.I2C_Write) refers to b6.o(.text.I2C_Write) for [Anonymous Symbol]
    b6.o(.text.I2C_ReadLight) refers to stm32f10x_i2c.o(.text.I2C_GetFlagStatus) for I2C_GetFlagStatus
    b6.o(.text.I2C_ReadLight) refers to stm32f10x_i2c.o(.text.I2C_GenerateSTART) for I2C_GenerateSTART
    b6.o(.text.I2C_ReadLight) refers to stm32f10x_i2c.o(.text.I2C_CheckEvent) for I2C_CheckEvent
    b6.o(.text.I2C_ReadLight) refers to stm32f10x_i2c.o(.text.I2C_Send7bitAddress) for I2C_Send7bitAddress
    b6.o(.text.I2C_ReadLight) refers to stm32f10x_i2c.o(.text.I2C_ReceiveData) for I2C_ReceiveData
    b6.o(.text.I2C_ReadLight) refers to stm32f10x_i2c.o(.text.I2C_GenerateSTOP) for I2C_GenerateSTOP
    b6.o(.ARM.exidx.text.I2C_ReadLight) refers to b6.o(.text.I2C_ReadLight) for [Anonymous Symbol]
    b6.o(.text.sendValueUART) refers to b6.o(.rodata.str1.1) for .L.str
    b6.o(.text.sendValueUART) refers to sprintf.o(.text) for sprintf
    b6.o(.text.sendValueUART) refers to stm32f10x_usart.o(.text.USART_GetFlagStatus) for USART_GetFlagStatus
    b6.o(.text.sendValueUART) refers to stm32f10x_usart.o(.text.USART_SendData) for USART_SendData
    b6.o(.ARM.exidx.text.sendValueUART) refers to b6.o(.text.sendValueUART) for [Anonymous Symbol]
    misc.o(.ARM.exidx.text.NVIC_PriorityGroupConfig) refers to misc.o(.text.NVIC_PriorityGroupConfig) for [Anonymous Symbol]
    misc.o(.text.NVIC_Init) refers to misc.o(.text.__NVIC_SetPriority) for __NVIC_SetPriority
    misc.o(.ARM.exidx.text.NVIC_Init) refers to misc.o(.text.NVIC_Init) for [Anonymous Symbol]
    misc.o(.ARM.exidx.text.__NVIC_SetPriority) refers to misc.o(.text.__NVIC_SetPriority) for [Anonymous Symbol]
    misc.o(.ARM.exidx.text.NVIC_SetVectorTable) refers to misc.o(.text.NVIC_SetVectorTable) for [Anonymous Symbol]
    misc.o(.ARM.exidx.text.NVIC_SystemLPConfig) refers to misc.o(.text.NVIC_SystemLPConfig) for [Anonymous Symbol]
    misc.o(.ARM.exidx.text.SysTick_CLKSourceConfig) refers to misc.o(.text.SysTick_CLKSourceConfig) for [Anonymous Symbol]
    stm32f10x_exti.o(.ARM.exidx.text.EXTI_DeInit) refers to stm32f10x_exti.o(.text.EXTI_DeInit) for [Anonymous Symbol]
    stm32f10x_exti.o(.ARM.exidx.text.EXTI_Init) refers to stm32f10x_exti.o(.text.EXTI_Init) for [Anonymous Symbol]
    stm32f10x_exti.o(.ARM.exidx.text.EXTI_StructInit) refers to stm32f10x_exti.o(.text.EXTI_StructInit) for [Anonymous Symbol]
    stm32f10x_exti.o(.ARM.exidx.text.EXTI_GenerateSWInterrupt) refers to stm32f10x_exti.o(.text.EXTI_GenerateSWInterrupt) for [Anonymous Symbol]
    stm32f10x_exti.o(.ARM.exidx.text.EXTI_GetFlagStatus) refers to stm32f10x_exti.o(.text.EXTI_GetFlagStatus) for [Anonymous Symbol]
[...]
    Removing stm32f10x_usart.o(.ARM.exidx.text.USART_ClearFlag), (8 bytes).
    Removing stm32f10x_usart.o(.text.USART_GetITStatus), (176 bytes).
    Removing stm32f10x_usart.o(.ARM.exidx.text.USART_GetITStatus), (8 bytes).
    Removing stm32f10x_usart.o(.text.USART_ClearITPendingBit), (68 bytes).
    Removing stm32f10x_usart.o(.ARM.exidx.text.USART_ClearITPendingBit), (8 bytes).
    Removing gpio_stm32f10x.o(.text), (0 bytes).
    Removing gpio_stm32f10x.o(.text.GPIO_PortClock), (528 bytes).
    Removing gpio_stm32f10x.o(.ARM.exidx.text.GPIO_PortClock), (8 bytes).
    Removing gpio_stm32f10x.o(.text.GPIO_GetPortClockState), (284 bytes).
    Removing gpio_stm32f10x.o(.ARM.exidx.text.GPIO_GetPortClockState), (8 bytes).
    Removing gpio_stm32f10x.o(.text.GPIO_PinConfigure), (222 bytes).
    Removing gpio_stm32f10x.o(.ARM.exidx.text.GPIO_PinConfigure), (8 bytes).
    Removing gpio_stm32f10x.o(.text.GPIO_AFConfigure), (228 bytes).
    Removing gpio_stm32f10x.o(.ARM.exidx.text.GPIO_AFConfigure), (8 bytes).
    Removing system_stm32f10x.o(.text), (0 bytes).
    Removing system_stm32f10x.o(.ARM.exidx.text.SystemInit), (8 bytes).
    Removing system_stm32f10x.o(.ARM.exidx.text.SetSysClock), (8 bytes).
    Removing system_stm32f10x.o(.text.SystemCoreClockUpdate), (290 bytes).
    Removing system_stm32f10x.o(.ARM.exidx.text.SystemCoreClockUpdate), (8 bytes).
    Removing system_stm32f10x.o(.ARM.exidx.text.SetSysClockTo72), (8 bytes).
    Removing system_stm32f10x.o(.data.SystemCoreClock), (4 bytes).
    Removing system_stm32f10x.o(.rodata.AHBPrescTable), (16 bytes).

553 unused section(s) (total 21396 bytes) removed from the image.

==============================================================================

Image Symbol Table

    Local Symbols

    Symbol Name                              Value     Ov Type        Size  Object(Section)

    ../clib/angel/boardlib.s                 0x00000000   Number         0  boardinit1.o ABSOLUTE
    ../clib/angel/boardlib.s                 0x00000000   Number         0  boardinit2.o ABSOLUTE
    ../clib/angel/boardlib.s                 0x00000000   Number         0  boardinit3.o ABSOLUTE
    ../clib/angel/boardlib.s                 0x00000000   Number         0  boardshut.o ABSOLUTE
    ../clib/angel/handlers.s                 0x00000000   Number         0  __scatter_zi.o ABSOLUTE
    ../clib/angel/kernel.s                   0x00000000   Number         0  __rtentry.o ABSOLUTE
    ../clib/angel/kernel.s                   0x00000000   Number         0  __rtentry2.o ABSOLUTE
    ../clib/angel/kernel.s                   0x00000000   Number         0  __rtentry4.o ABSOLUTE
    ../clib/angel/kernel.s                   0x00000000   Number         0  rtexit.o ABSOLUTE
    ../clib/angel/kernel.s                   0x00000000   Number         0  rtexit2.o ABSOLUTE
    ../clib/angel/rt.s                       0x00000000   Number         0  rt_ctype_table.o ABSOLUTE
    ../clib/angel/rt.s                       0x00000000   Number         0  rt_locale.o ABSOLUTE
    ../clib/angel/rt.s                       0x00000000   Number         0  rt_locale_intlibspace.o ABSOLUTE
    ../clib/angel/rt.s                       0x00000000   Number         0  rt_raise.o ABSOLUTE
    ../clib/angel/scatter.s                  0x00000000   Number         0  __scatter.o ABSOLUTE
    ../clib/angel/startup.s                  0x00000000   Number         0  __main.o ABSOLUTE
    ../clib/angel/sys.s                      0x00000000   Number         0  sys_stackheap_outer.o ABSOLUTE
    ../clib/angel/sys.s                      0x00000000   Number         0  libspace.o ABSOLUTE
    ../clib/angel/sys.s                      0x00000000   Number         0  use_no_semi.o ABSOLUTE
    ../clib/angel/sys.s                      0x00000000   Number         0  indicate_semi.o ABSOLUTE
    ../clib/angel/sysapp.c                   0x00000000   Number         0  sys_exit.o ABSOLUTE
    ../clib/angel/sysapp.c                   0x00000000   Number         0  sys_exit_hlt.o ABSOLUTE
    ../clib/angel/sysapp.c                   0x00000000   Number         0  sys_command.o ABSOLUTE
    ../clib/angel/sysapp.c                   0x00000000   Number         0  sys_command_hlt.o ABSOLUTE
    ../clib/angel/sysapp.c                   0x00000000   Number         0  sys_wrch.o ABSOLUTE
    ../clib/angel/sysapp.c                   0x00000000   Number         0  sys_wrch_hlt.o ABSOLUTE
    ../clib/armsys.c                         0x00000000   Number         0  argv_veneer.o ABSOLUTE
    ../clib/armsys.c                         0x00000000   Number         0  argv_veneer.o ABSOLUTE
    ../clib/armsys.c                         0x00000000   Number         0  _get_argv_nomalloc.o ABSOLUTE
    ../clib/armsys.c                         0x00000000   Number         0  no_argv.o ABSOLUTE
    ../clib/bigflt.c                         0x00000000   Number         0  bigflt0.o ABSOLUTE
    ../clib/btod.s                           0x00000000   Number         0  btod.o ABSOLUTE
    ../clib/btod_accurate.c                  0x00000000   Number         0  btod_accurate.o ABSOLUTE
    ../clib/btod_accurate.c                  0x00000000   Number         0  btod_accurate_common.o ABSOLUTE
    ../clib/heapalloc.c                      0x00000000   Number         0  hrguard.o ABSOLUTE
    ../clib/heapaux.c                        0x00000000   Number         0  heapauxi.o ABSOLUTE
    ../clib/libinit.s                        0x00000000   Number         0  libinit.o ABSOLUTE
    ../clib/libinit.s                        0x00000000   Number         0  libinit2.o ABSOLUTE
    ../clib/libinit.s                        0x00000000   Number         0  libshutdown.o ABSOLUTE
    ../clib/libinit.s                        0x00000000   Number         0  libshutdown2.o ABSOLUTE
    ../clib/locale.c                         0x00000000   Number         0  _c16rtomb.o ABSOLUTE
    ../clib/locale.s                         0x00000000   Number         0  lc_numeric_c.o ABSOLUTE
    ../clib/locale.s                         0x00000000   Number         0  lc_ctype_c.o ABSOLUTE
    ../clib/longlong.s                       0x00000000   Number         0  lludiv10.o ABSOLUTE
    ../clib/longlong.s                       0x00000000   Number         0  llushr.o ABSOLUTE
    ../clib/memcpset.s                       0x00000000   Number         0  strcmpv7m.o ABSOLUTE
    ../clib/misc.s                           0x00000000   Number         0  printf_stubs.o ABSOLUTE
    ../clib/printf.c                         0x00000000   Number         0  sprintf.o ABSOLUTE
    ../clib/printf.c                         0x00000000   Number         0  __printf.o ABSOLUTE
    ../clib/printf.c                         0x00000000   Number         0  _printf_pad.o ABSOLUTE
    ../clib/printf.c                         0x00000000   Number         0  _printf_truncate.o ABSOLUTE
    ../clib/printf.c                         0x00000000   Number         0  _printf_str.o ABSOLUTE
    ../clib/printf.c                         0x00000000   Number         0  _printf_dec.o ABSOLUTE
    ../clib/printf.c                         0x00000000   Number         0  _printf_charcount.o ABSOLUTE
    ../clib/printf.c                         0x00000000   Number         0  _printf_char_common.o ABSOLUTE
    ../clib/printf.c                         0x00000000   Number         0  _sputc.o ABSOLUTE
    ../clib/printf.c                         0x00000000   Number         0  _printf_wctomb.o ABSOLUTE
    ../clib/printf.c                         0x00000000   Number         0  _printf_longlong_dec.o ABSOLUTE
    ../clib/printf.c                         0x00000000   Number         0  _printf_oct_ll.o ABSOLUTE
    ../clib/printf.c                         0x00000000   Number         0  _printf_oct_int.o ABSOLUTE
    ../clib/printf.c                         0x00000000   Number         0  _printf_oct_int_ll.o ABSOLUTE
    ../clib/printf.c                         0x00000000   Number         0  _printf_hex_ll.o ABSOLUTE
    ../clib/printf.c                         0x00000000   Number         0  _printf_hex_int.o ABSOLUTE
    ../clib/printf.c                         0x00000000   Number         0  _printf_hex_int_ll.o ABSOLUTE
    ../clib/printf.c                         0x00000000   Number         0  _printf_hex_ptr.o ABSOLUTE
    ../clib/printf.c                         0x00000000   Number         0  _printf_hex_int_ptr.o ABSOLUTE
    ../clib/printf.c                         0x00000000   Number         0  _printf_hex_ll_ptr.o ABSOLUTE
    ../clib/printf.c                         0x00000000   Number         0  _printf_hex_int_ll_ptr.o ABSOLUTE
    ../clib/printf.c                         0x00000000   Number         0  __printf_flags.o ABSOLUTE
    ../clib/printf.c                         0x00000000   Number         0  __printf_ss.o ABSOLUTE
    ../clib/printf.c                         0x00000000   Number         0  __printf_flags_ss.o ABSOLUTE
    ../clib/printf.c                         0x00000000   Number         0  __printf_wp.o ABSOLUTE
    ../clib/printf.c                         0x00000000   Number         0  __printf_flags_wp.o ABSOLUTE
    ../clib/printf.c                         0x00000000   Number         0  __printf_ss_wp.o ABSOLUTE
    ../clib/printf.c                         0x00000000   Number         0  __printf_flags_ss_wp.o ABSOLUTE
    ../clib/printf.c                         0x00000000   Number         0  _printf_intcommon.o ABSOLUTE
    ../clib/printf.c                         0x00000000   Number         0  _printf_fp_dec.o ABSOLUTE
    ../clib/printf.c                         0x00000000   Number         0  _printf_fp_dec_accurate.o ABSOLUTE
    ../clib/printf.c                         0x00000000   Number         0  _printf_fp_hex.o ABSOLUTE
    ../clib/printf.c                         0x00000000   Number         0  __printf_nopercent.o ABSOLUTE
    ../clib/printf.c                         0x00000000   Number         0  _printf_char.o ABSOLUTE
    ../clib/printf.c                         0x00000000   Number         0  _printf_wchar.o ABSOLUTE
    ../clib/printf.c                         0x00000000   Number         0  _printf_fp_infnan.o ABSOLUTE
    ../clib/printf_percent.s                 0x00000000   Number         0  _printf_c.o ABSOLUTE
    ../clib/printf_percent.s                 0x00000000   Number         0  _printf_s.o ABSOLUTE
    ../clib/printf_percent.s                 0x00000000   Number         0  _printf_n.o ABSOLUTE
    ../clib/printf_percent.s                 0x00000000   Number         0  _printf_x.o ABSOLUTE
    ../clib/printf_percent.s                 0x00000000   Number         0  _printf_p.o ABSOLUTE
    ../clib/printf_percent.s                 0x00000000   Number         0  _printf_o.o ABSOLUTE
    ../clib/printf_percent.s                 0x00000000   Number         0  _printf_i.o ABSOLUTE
    ../clib/printf_percent.s                 0x00000000   Number         0  _printf_d.o ABSOLUTE
    ../clib/printf_percent.s                 0x00000000   Number         0  _printf_u.o ABSOLUTE
    ../clib/printf_percent.s                 0x00000000   Number         0  _printf_f.o ABSOLUTE
    ../clib/printf_percent.s                 0x00000000   Number         0  _printf_e.o ABSOLUTE
    ../clib/printf_percent.s                 0x00000000   Number         0  _printf_g.o ABSOLUTE
    ../clib/printf_percent.s                 0x00000000   Number         0  _printf_a.o ABSOLUTE
    ../clib/printf_percent.s                 0x00000000   Number         0  _printf_percent.o ABSOLUTE
    ../clib/printf_percent.s                 0x00000000   Number         0  _printf_lli.o ABSOLUTE
    ../clib/printf_percent.s                 0x00000000   Number         0  _printf_lld.o ABSOLUTE
    ../clib/printf_percent.s                 0x00000000   Number         0  _printf_llu.o ABSOLUTE
    ../clib/printf_percent.s                 0x00000000   Number         0  _printf_ll.o ABSOLUTE
    ../clib/printf_percent.s                 0x00000000   Number         0  _printf_l.o ABSOLUTE
    ../clib/printf_percent.s                 0x00000000   Number         0  _printf_lc.o ABSOLUTE
    ../clib/printf_percent.s                 0x00000000   Number         0  _printf_ls.o ABSOLUTE
    ../clib/printf_percent.s                 0x00000000   Number         0  _printf_llo.o ABSOLUTE
    ../clib/printf_percent.s                 0x00000000   Number         0  _printf_llx.o ABSOLUTE
    ../clib/printf_percent.s                 0x00000000   Number         0  _printf_percent_end.o ABSOLUTE
    ../clib/signal.c                         0x00000000   Number         0  defsig_rtmem_outer.o ABSOLUTE
    ../clib/signal.c                         0x00000000   Number         0  defsig_rtmem_formal.o ABSOLUTE
    ../clib/signal.c                         0x00000000   Number         0  defsig_exit.o ABSOLUTE
    ../clib/signal.c                         0x00000000   Number         0  defsig_rtmem_inner.o ABSOLUTE
    ../clib/signal.c                         0x00000000   Number         0  __raise.o ABSOLUTE
    ../clib/signal.c                         0x00000000   Number         0  defsig_general.o ABSOLUTE
    ../clib/signal.c                         0x00000000   Number         0  defsig_abrt_inner.o ABSOLUTE
    ../clib/signal.c                         0x00000000   Number         0  defsig_fpe_inner.o ABSOLUTE
    ../clib/signal.c                         0x00000000   Number         0  defsig_rtred_inner.o ABSOLUTE
    ../clib/signal.c                         0x00000000   Number         0  defsig_stak_inner.o ABSOLUTE
    ../clib/signal.c                         0x00000000   Number         0  defsig_pvfn_inner.o ABSOLUTE
    ../clib/signal.c                         0x00000000   Number         0  defsig_cppl_inner.o ABSOLUTE
    ../clib/signal.c                         0x00000000   Number         0  defsig_segv_inner.o ABSOLUTE
    ../clib/signal.c                         0x00000000   Number         0  defsig_other.o ABSOLUTE
    ../clib/signal.s                         0x00000000   Number         0  defsig.o ABSOLUTE
    ../clib/stdlib.c                         0x00000000   Number         0  exit.o ABSOLUTE
    ../fplib/fpinit.s                        0x00000000   Number         0  fpinit.o ABSOLUTE
    ../fplib/fpinit_empty.s                  0x00000000   Number         0  fpinit_empty.o ABSOLUTE
    ../fplib/istatus.s                       0x00000000   Number         0  istatus.o ABSOLUTE
    ../fplib/printf1.s                       0x00000000   Number         0  printf1.o ABSOLUTE
    ../fplib/printf2.s                       0x00000000   Number         0  printf2.o ABSOLUTE
    ../fplib/printf2a.s                      0x00000000   Number         0  printf2a.o ABSOLUTE
    ../fplib/printf2b.s                      0x00000000   Number         0  printf2b.o ABSOLUTE
    ../fplib/usenofp.s                       0x00000000   Number         0  usenofp.o ABSOLUTE
    ../mathlib/fpclassify.c                  0x00000000   Number         0  fpclassify.o ABSOLUTE
    B6.c                                     0x00000000   Number         0  b6.o ABSOLUTE
    GPIO_STM32F10x.c                         0x00000000   Number         0  gpio_stm32f10x.o ABSOLUTE
    RTE/Device/STM32F103C8/startup_stm32f10x_md.s 0x00000000   Number         0  startup_stm32f10x_md.o ABSOLUTE
    dc.s                                     0x00000000   Number         0  dc.o ABSOLUTE
    misc.c                                   0x00000000   Number         0  misc.o ABSOLUTE
    stm32f10x_exti.c                         0x00000000   Number         0  stm32f10x_exti.o ABSOLUTE
    stm32f10x_flash.c                        0x00000000   Number         0  stm32f10x_flash.o ABSOLUTE
    stm32f10x_gpio.c                         0x00000000   Number         0  stm32f10x_gpio.o ABSOLUTE
    stm32f10x_i2c.c                          0x00000000   Number         0  stm32f10x_i2c.o ABSOLUTE
    stm32f10x_rcc.c                          0x00000000   Number         0  stm32f10x_rcc.o ABSOLUTE
    stm32f10x_spi.c                          0x00000000   Number         0  stm32f10x_spi.o ABSOLUTE
    stm32f10x_tim.c                          0x00000000   Number         0  stm32f10x_tim.o ABSOLUTE
    stm32f10x_usart.c                        0x00000000   Number         0  stm32f10x_usart.o ABSOLUTE
    system_stm32f10x.c                       0x00000000   Number         0  system_stm32f10x.o ABSOLUTE
    RESET                                    0x08000000   Section      236  startup_stm32f10x_md.o(RESET)
    !!!main                                  0x080000ec   Section        8  __main.o(!!!main)
    !!!scatter                               0x080000f4   Section       92  __scatter.o(!!!scatter)
    !!handler_null                           0x08000150   Section        2  __scatter.o(!!handler_null)
    !!handler_zi                             0x08000154   Section       28  __scatter_zi.o(!!handler_zi)
    .ARM.Collect$$_printf_percent$$00000000  0x08000170   Section        0  _printf_percent.o(.ARM.Collect$$_printf_percent$$00000000)
    .ARM.Collect$$_printf_percent$$00000001  0x08000170   Section        6  _printf_n.o(.ARM.Collect$$_printf_percent$$00000001)
    .ARM.Collect$$_printf_percent$$00000002  0x08000176   Section        6  _printf_p.o(.ARM.Collect$$_printf_percent$$00000002)
    .ARM.Collect$$_printf_percent$$00000003  0x0800017c   Section        6  _printf_f.o(.ARM.Collect$$_printf_percent$$00000003)
    .ARM.Collect$$_printf_percent$$00000004  0x08000182   Section        6  _printf_e.o(.ARM.Collect$$_printf_percent$$00000004)
    .ARM.Collect$$_printf_percent$$00000005  0x08000188   Section        6  _printf_g.o(.ARM.Collect$$_printf_percent$$00000005)
    .ARM.Collect$$_printf_percent$$00000006  0x0800018e   Section        6  _printf_a.o(.ARM.Collect$$_printf_percent$$00000006)
    .ARM.Collect$$_printf_percent$$00000007  0x08000194   Section       10  _printf_ll.o(.ARM.Collect$$_printf_percent$$00000007)
    .ARM.Collect$$_printf_percent$$00000008  0x0800019e   Section        6  _printf_i.o(.ARM.Collect$$_printf_percent$$00000008)
    .ARM.Collect$$_printf_percent$$00000009  0x080001a4   Section        6  _printf_d.o(.ARM.Collect$$_printf_percent$$00000009)
    .ARM.Collect$$_printf_percent$$0000000A  0x080001aa   Section        6  _printf_u.o(.ARM.Collect$$_printf_percent$$0000000A)
    .ARM.Collect$$_printf_percent$$0000000B  0x080001b0   Section        6  _printf_o.o(.ARM.Collect$$_printf_percent$$0000000B)
    .ARM.Collect$$_printf_percent$$0000000C  0x080001b6   Section        6  _printf_x.o(.ARM.Collect$$_printf_percent$$0000000C)
    .ARM.Collect$$_printf_percent$$0000000D  0x080001bc   Section        6  _printf_lli.o(.ARM.Collect$$_printf_percent$$0000000D)
    .ARM.Collect$$_printf_percent$$0000000E  0x080001c2   Section        6  _printf_lld.o(.ARM.Collect$$_printf_percent$$0000000E)
    .ARM.Collect$$_printf_percent$$0000000F  0x080001c8   Section        6  _printf_llu.o(.ARM.Collect$$_printf_percent$$0000000F)
    .ARM.Collect$$_printf_percent$$00000010  0x080001ce   Section        6  _printf_llo.o(.ARM.Collect$$_printf_percent$$00000010)
    .ARM.Collect$$_printf_percent$$00000011  0x080001d4   Section        6  _printf_llx.o(.ARM.Collect$$_printf_percent$$00000011)
    .ARM.Collect$$_printf_percent$$00000012  0x080001da   Section       10  _printf_l.o(.ARM.Collect$$_printf_percent$$00000012)
    .ARM.Collect$$_printf_percent$$00000013  0x080001e4   Section        6  _printf_c.o(.ARM.Collect$$_printf_percent$$00000013)
    .ARM.Collect$$_printf_percent$$00000014  0x080001ea   Section        6  _printf_s.o(.ARM.Collect$$_printf_percent$$00000014)
    .ARM.Collect$$_printf_percent$$00000015  0x080001f0   Section        6  _printf_lc.o(.ARM.Collect$$_printf_percent$$00000015)
    .ARM.Collect$$_printf_percent$$00000016  0x080001f6   Section        6  _printf_ls.o(.ARM.Collect$$_printf_percent$$00000016)
    .ARM.Collect$$_printf_percent$$00000017  0x080001fc   Section        4  _printf_percent_end.o(.ARM.Collect$$_printf_percent$$00000017)
    .ARM.Collect$$libinit$$00000000          0x08000200   Section        2  libinit.o(.ARM.Collect$$libinit$$00000000)
    .ARM.Collect$$libinit$$00000002          0x08000202   Section        0  libinit2.o(.ARM.Collect$$libinit$$00000002)
    .ARM.Collect$$libinit$$00000004          0x08000202   Section        0  libinit2.o(.ARM.Collect$$libinit$$00000004)
    .ARM.Collect$$libinit$$00000006          0x08000202   Section        0  libinit2.o(.ARM.Collect$$libinit$$00000006)
    .ARM.Collect$$libinit$$0000000C          0x08000202   Section        0  libinit2.o(.ARM.Collect$$libinit$$0000000C)
    .ARM.Collect$$libinit$$0000000E          0x08000202   Section        0  libinit2.o(.ARM.Collect$$libinit$$0000000E)
    .ARM.Collect$$libinit$$00000010          0x08000202   Section        0  libinit2.o(.ARM.Collect$$libinit$$00000010)
    .ARM.Collect$$libinit$$00000011          0x08000202   Section        6  libinit2.o(.ARM.Collect$$libinit$$00000011)
    .ARM.Collect$$libinit$$00000013          0x08000208   Section        0  libinit2.o(.ARM.Collect$$libinit$$00000013)
    .ARM.Collect$$libinit$$00000014          0x08000208   Section       12  libinit2.o(.ARM.Collect$$libinit$$00000014)
    .ARM.Collect$$libinit$$00000015          0x08000214   Section        0  libinit2.o(.ARM.Collect$$libinit$$00000015)
    .ARM.Collect$$libinit$$00000017          0x08000214   Section        0  libinit2.o(.ARM.Collect$$libinit$$00000017)
    .ARM.Collect$$libinit$$00000018          0x08000214   Section       10  libinit2.o(.ARM.Collect$$libinit$$00000018)
    .ARM.Collect$$libinit$$00000019          0x0800021e   Section        0  libinit2.o(.ARM.Collect$$libinit$$00000019)
    .ARM.Collect$$libinit$$0000001B          0x0800021e   Section        0  libinit2.o(.ARM.Collect$$libinit$$0000001B)
    .ARM.Collect$$libinit$$0000001D          0x0800021e   Section        0  libinit2.o(.ARM.Collect$$libinit$$0000001D)
    .ARM.Collect$$libinit$$0000001F          0x0800021e   Section        0  libinit2.o(.ARM.Collect$$libinit$$0000001F)
    .ARM.Collect$$libinit$$00000021          0x0800021e   Section        0  libinit2.o(.ARM.Collect$$libinit$$00000021)
    .ARM.Collect$$libinit$$00000023          0x0800021e   Section        0  libinit2.o(.ARM.Collect$$libinit$$00000023)
    .ARM.Collect$$libinit$$00000025          0x0800021e   Section        0  libinit2.o(.ARM.Collect$$libinit$$00000025)
    .ARM.Collect$$libinit$$00000027          0x0800021e   Section        0  libinit2.o(.ARM.Collect$$libinit$$00000027)
    .ARM.Collect$$libinit$$0000002E          0x0800021e   Section        0  libinit2.o(.ARM.Collect$$libinit$$0000002E)
    .ARM.Collect$$libinit$$00000030          0x0800021e   Section        0  libinit2.o(.ARM.Collect$$libinit$$00000030)
    .ARM.Collect$$libinit$$00000032          0x0800021e   Section        0  libinit2.o(.ARM.Collect$$libinit$$00000032)
    .ARM.Collect$$libinit$$00000034          0x0800021e   Section        0  libinit2.o(.ARM.Collect$$libinit$$00000034)
    .ARM.Collect$$libinit$$00000035          0x0800021e   Section        2  libinit2.o(.ARM.Collect$$libinit$$00000035)
    .ARM.Collect$$libshutdown$$00000000      0x08000220   Section        2  libshutdown.o(.ARM.Collect$$libshutdown$$00000000)
    .ARM.Collect$$libshutdown$$00000002      0x08000222   Section        0  libshutdown2.o(.ARM.Collect$$libshutdown$$00000002)
    .ARM.Collect$$libshutdown$$00000004      0x08000222   Section        0  libshutdown2.o(.ARM.Collect$$libshutdown$$00000004)
    .ARM.Collect$$libshutdown$$00000007      0x08000222   Section        0  libshutdown2.o(.ARM.Collect$$libshutdown$$00000007)
    .ARM.Collect$$libshutdown$$0000000A      0x08000222   Section        0  libshutdown2.o(.ARM.Collect$$libshutdown$$0000000A)
    .ARM.Collect$$libshutdown$$0000000C      0x08000222   Section        0  libshutdown2.o(.ARM.Collect$$libshutdown$$0000000C)
    .ARM.Collect$$libshutdown$$0000000F      0x08000222   Section        0  libshutdown2.o(.ARM.Collect$$libshutdown$$0000000F)
    .ARM.Collect$$libshutdown$$00000010      0x08000222   Section        2  libshutdown2.o(.ARM.Collect$$libshutdown$$00000010)
    .ARM.Collect$$rtentry$$00000000          0x08000224   Section        0  __rtentry.o(.ARM.Collect$$rtentry$$00000000)
    .ARM.Collect$$rtentry$$00000002          0x08000224   Section        0  __rtentry2.o(.ARM.Collect$$rtentry$$00000002)
    .ARM.Collect$$rtentry$$00000004          0x08000224   Section        6  __rtentry4.o(.ARM.Collect$$rtentry$$00000004)
    .ARM.Collect$$rtentry$$00000009          0x0800022a   Section        0  __rtentry2.o(.ARM.Collect$$rtentry$$00000009)
    .ARM.Collect$$rtentry$$0000000A          0x0800022a   Section        4  __rtentry2.o(.ARM.Collect$$rtentry$$0000000A)
    .ARM.Collect$$rtentry$$0000000C          0x0800022e   Section        0  __rtentry2.o(.ARM.Collect$$rtentry$$0000000C)
    .ARM.Collect$$rtentry$$0000000D          0x0800022e   Section        8  __rtentry2.o(.ARM.Collect$$rtentry$$0000000D)
    .ARM.Collect$$rtexit$$00000000           0x08000236   Section        2  rtexit.o(.ARM.Collect$$rtexit$$00000000)
    .ARM.Collect$$rtexit$$00000002           0x08000238   Section        0  rtexit2.o(.ARM.Collect$$rtexit$$00000002)
    .ARM.Collect$$rtexit$$00000003           0x08000238   Section        4  rtexit2.o(.ARM.Collect$$rtexit$$00000003)
    .ARM.Collect$$rtexit$$00000004           0x0800023c   Section        6  rtexit2.o(.ARM.Collect$$rtexit$$00000004)
    .text                                    0x08000244   Section       64  startup_stm32f10x_md.o(.text)
    .text                                    0x08000284   Section        0  sprintf.o(.text)
    .text                                    0x080002b0   Section        0  heapauxi.o(.text)
    .text                                    0x080002b6   Section        0  _printf_pad.o(.text)
    .text                                    0x08000304   Section        0  _printf_truncate.o(.text)
    .text                                    0x08000328   Section        0  _printf_str.o(.text)
    .text                                    0x0800037c   Section        0  _printf_dec.o(.text)
    .text                                    0x080003f4   Section        0  _printf_charcount.o(.text)
    _printf_input_char                       0x0800041d   Thumb Code    10  _printf_char_common.o(.text)
    .text                                    0x0800041c   Section        0  _printf_char_common.o(.text)
    .text                                    0x0800044c   Section        0  _sputc.o(.text)
    .text                                    0x08000458   Section        0  _printf_wctomb.o(.text)
    .text                                    0x08000514   Section        0  _printf_longlong_dec.o(.text)
    _printf_longlong_oct_internal            0x08000591   Thumb Code     0  _printf_oct_int_ll.o(.text)
    .text                                    0x08000590   Section        0  _printf_oct_int_ll.o(.text)
    _printf_hex_common                       0x08000601   Thumb Code     0  _printf_hex_int_ll_ptr.o(.text)
    .text                                    0x08000600   Section        0  _printf_hex_int_ll_ptr.o(.text)
    .text                                    0x08000694   Section        0  __printf_flags_ss_wp.o(.text)
    .text                                    0x0800081c   Section      138  lludiv10.o(.text)
    .text                                    0x080008a6   Section        0  _printf_intcommon.o(.text)
    _fp_digits                               0x08000959   Thumb Code   432  _printf_fp_dec.o(.text)
    .text                                    0x08000958   Section        0  _printf_fp_dec.o(.text)
    .text                                    0x08000d74   Section        0  _printf_fp_hex.o(.text)
    .text                                    0x08001070   Section        0  _printf_char.o(.text)
    .text                                    0x0800109c   Section        0  _printf_wchar.o(.text)
    .text                                    0x080010c8   Section        0  _c16rtomb.o(.text)
    .text                                    0x08001110   Section       74  sys_stackheap_outer.o(.text)
    .text                                    0x0800115c   Section       16  rt_ctype_table.o(.text)
    .text                                    0x0800116c   Section        8  rt_locale_intlibspace.o(.text)
    .text                                    0x08001174   Section        0  _printf_fp_infnan.o(.text)
    .text                                    0x080011f4   Section        0  bigflt0.o(.text)
    .text                                    0x080012d8   Section        0  exit.o(.text)
    .text                                    0x080012ec   Section        8  libspace.o(.text)
    .text                                    0x080012f4   Section      128  strcmpv7m.o(.text)
    .text                                    0x08001374   Section        0  sys_exit.o(.text)
    .text                                    0x08001380   Section        2  use_no_semi.o(.text)
    .text                                    0x08001382   Section        0  indicate_semi.o(.text)
    [Anonymous Symbol]                       0x08001384   Section        0  stm32f10x_gpio.o(.text.GPIO_Init)
    [Anonymous Symbol]                       0x0800150c   Section        0  stm32f10x_i2c.o(.text.I2C_CheckEvent)
    [Anonymous Symbol]                       0x08001560   Section        0  stm32f10x_i2c.o(.text.I2C_Cmd)
    [Anonymous Symbol]                       0x0800158c   Section        0  b6.o(.text.I2C_Config)
    [Anonymous Symbol]                       0x0800160c   Section        0  stm32f10x_i2c.o(.text.I2C_GenerateSTART)
    [Anonymous Symbol]                       0x08001638   Section        0  stm32f10x_i2c.o(.text.I2C_GenerateSTOP)
    [Anonymous Symbol]                       0x08001664   Section        0  stm32f10x_i2c.o(.text.I2C_GetFlagStatus)
    [Anonymous Symbol]                       0x080016c8   Section        0  stm32f10x_i2c.o(.text.I2C_Init)
    [Anonymous Symbol]                       0x08001874   Section        0  b6.o(.text.I2C_ReadLight)
    [Anonymous Symbol]                       0x08001964   Section        0  stm32f10x_i2c.o(.text.I2C_ReceiveData)
    [Anonymous Symbol]                       0x08001974   Section        0  stm32f10x_i2c.o(.text.I2C_Send7bitAddress)
    [Anonymous Symbol]                       0x080019b0   Section        0  stm32f10x_i2c.o(.text.I2C_SendData)
    [Anonymous Symbol]                       0x080019c4   Section        0  b6.o(.text.I2C_Write)
    [Anonymous Symbol]                       0x08001a7c   Section        0  stm32f10x_rcc.o(.text.RCC_APB1PeriphClockCmd)
    [Anonymous Symbol]                       0x08001ab4   Section        0  stm32f10x_rcc.o(.text.RCC_APB2PeriphClockCmd)
    [Anonymous Symbol]                       0x08001aec   Section        0  stm32f10x_rcc.o(.text.RCC_GetClocksFreq)
    SetSysClock                              0x08001c61   Thumb Code     8  system_stm32f10x.o(.text.SetSysClock)
    [Anonymous Symbol]                       0x08001c60   Section        0  system_stm32f10x.o(.text.SetSysClock)
    SetSysClockTo72                          0x08001c69   Thumb Code   290  system_stm32f10x.o(.text.SetSysClockTo72)
    [Anonymous Symbol]                       0x08001c68   Section        0  system_stm32f10x.o(.text.SetSysClockTo72)
    [Anonymous Symbol]                       0x08001d8c   Section        0  system_stm32f10x.o(.text.SystemInit)
    [Anonymous Symbol]                       0x08001df4   Section        0  b6.o(.text.UART_Config)
    [Anonymous Symbol]                       0x08001e7c   Section        0  stm32f10x_usart.o(.text.USART_Cmd)
    [Anonymous Symbol]                       0x08001ea8   Section        0  stm32f10x_usart.o(.text.USART_GetFlagStatus)
    [Anonymous Symbol]                       0x08001eec   Section        0  stm32f10x_usart.o(.text.USART_Init)
    [Anonymous Symbol]                       0x08002048   Section        0  stm32f10x_usart.o(.text.USART_SendData)
    [Anonymous Symbol]                       0x08002060   Section        0  b6.o(.text.main)
    [Anonymous Symbol]                       0x080020b0   Section        0  b6.o(.text.sendValueUART)
    CL$$btod_d2e                             0x0800212c   Section       62  btod.o(CL$$btod_d2e)
    CL$$btod_d2e_denorm_low                  0x0800216a   Section       70  btod.o(CL$$btod_d2e_denorm_low)
    CL$$btod_d2e_norm_op1                    0x080021b0   Section       96  btod.o(CL$$btod_d2e_norm_op1)
    CL$$btod_div_common                      0x08002210   Section      824  btod.o(CL$$btod_div_common)
    CL$$btod_e2e                             0x08002548   Section      220  btod.o(CL$$btod_e2e)
    CL$$btod_ediv                            0x08002624   Section       42  btod.o(CL$$btod_ediv)
    CL$$btod_emul                            0x0800264e   Section       42  btod.o(CL$$btod_emul)
    CL$$btod_mult_common                     0x08002678   Section      580  btod.o(CL$$btod_mult_common)
    i.__ARM_fpclassify                       0x080028bc   Section        0  fpclassify.o(i.__ARM_fpclassify)
    i._is_digit                              0x080028e4   Section        0  __printf_wp.o(i._is_digit)
    locale$$code                             0x080028f4   Section       44  lc_numeric_c.o(locale$$code)
    locale$$code                             0x08002920   Section       44  lc_ctype_c.o(locale$$code)
    x$fpl$printf1                            0x0800294c   Section        4  printf1.o(x$fpl$printf1)
    x$fpl$printf2                            0x08002950   Section        4  printf2.o(x$fpl$printf2)
    initial_mbstate                          0x08002954   Data           8  _printf_wctomb.o(.constdata)
    .constdata                               0x08002954   Section        8  _printf_wctomb.o(.constdata)
    x$fpl$usenofp                            0x08002954   Section        0  usenofp.o(x$fpl$usenofp)
    uc_hextab                                0x0800295c   Data          20  _printf_hex_int_ll_ptr.o(.constdata)
    .constdata                               0x0800295c   Section       40  _printf_hex_int_ll_ptr.o(.constdata)
    lc_hextab                                0x08002970   Data          20  _printf_hex_int_ll_ptr.o(.constdata)
    maptable                                 0x08002984   Data          17  __printf_flags_ss_wp.o(.constdata)
    .constdata                               0x08002984   Section       17  __printf_flags_ss_wp.o(.constdata)
    lc_hextab                                0x08002995   Data          19  _printf_fp_hex.o(.constdata)
    .constdata                               0x08002995   Section       38  _printf_fp_hex.o(.constdata)
    uc_hextab                                0x080029a8   Data          19  _printf_fp_hex.o(.constdata)
    tenpwrs_x                                0x080029bc   Data          60  bigflt0.o(.constdata)
    .constdata                               0x080029bc   Section      148  bigflt0.o(.constdata)
    tenpwrs_i                                0x080029f8   Data          64  bigflt0.o(.constdata)
    ADCPrescTable                            0x08002a50   Data           4  stm32f10x_rcc.o(.rodata.ADCPrescTable)
    [Anonymous Symbol]                       0x08002a50   Section        0  stm32f10x_rcc.o(.rodata.ADCPrescTable)
    APBAHBPrescTable                         0x08002a54   Data          16  stm32f10x_rcc.o(.rodata.APBAHBPrescTable)
    [Anonymous Symbol]                       0x08002a54   Section        0  stm32f10x_rcc.o(.rodata.APBAHBPrescTable)
    .L.str                                   0x08002a64   Data           9  b6.o(.rodata.str1.1)
    [Anonymous Symbol]                       0x08002a64   Section        0  b6.o(.rodata.str1.1)
    locale$$data                             0x08002a80   Section       28  lc_numeric_c.o(locale$$data)
    __lcnum_c_name                           0x08002a84   Data           2  lc_numeric_c.o(locale$$data)
    __lcnum_c_start                          0x08002a8c   Data           0  lc_numeric_c.o(locale$$data)
    __lcnum_c_point                          0x08002a98   Data           0  lc_numeric_c.o(locale$$data)
    __lcnum_c_thousands                      0x08002a9a   Data           0  lc_numeric_c.o(locale$$data)
    __lcnum_c_grouping                       0x08002a9b   Data           0  lc_numeric_c.o(locale$$data)
    __lcnum_c_end                            0x08002a9c   Data           0  lc_numeric_c.o(locale$$data)
    locale$$data                             0x08002a9c   Section      272  lc_ctype_c.o(locale$$data)
    __lcctype_c_name                         0x08002aa0   Data           2  lc_ctype_c.o(locale$$data)
    __lcctype_c_start                        0x08002aa8   Data           0  lc_ctype_c.o(locale$$data)
    __lcctype_c_end                          0x08002bac   Data           0  lc_ctype_c.o(locale$$data)
    .bss                                     0x20000000   Section       96  libspace.o(.bss)
    Heap_Mem                                 0x20000060   Data         512  startup_stm32f10x_md.o(HEAP)
    HEAP                                     0x20000060   Section      512  startup_stm32f10x_md.o(HEAP)
    Stack_Mem                                0x20000260   Data        1024  startup_stm32f10x_md.o(STACK)
    STACK                                    0x20000260   Section     1024  startup_stm32f10x_md.o(STACK)
    __initial_sp                             0x20000660   Data           0  startup_stm32f10x_md.o(STACK)

    Global Symbols

    Symbol Name                              Value     Ov Type        Size  Object(Section)

    BuildAttributes$$THM_ISAv4$P$D$K$B$S$PE$A:L22UL41UL21$X:L11$S22US41US21$IEEE1$IW$~IW$USESV6$~STKCKD$USESV7$~SHL$OTIME$ROPI$IEEEJ$EBA8$UX$STANDARDLIB$REQ8$PRES8$EABIv2 0x00000000   Number         0  anon$$obj.o ABSOLUTE
    __fp_init_empty                          0x00000000   Number         0  fpinit_empty.o ABSOLUTE
    _printf_flags                            0x00000000   Number         0  printf_stubs.o ABSOLUTE
    _printf_return_value                     0x00000000   Number         0  printf_stubs.o ABSOLUTE
    _printf_sizespec                         0x00000000   Number         0  printf_stubs.o ABSOLUTE
    _printf_widthprec                        0x00000000   Number         0  printf_stubs.o ABSOLUTE
    __ARM_exceptions_init                     - Undefined Weak Reference
    __alloca_initialize                       - Undefined Weak Reference
    __arm_preinit_                            - Undefined Weak Reference
    __arm_relocate_pie_                       - Undefined Weak Reference
    __cpp_initialize__aeabi_                  - Undefined Weak Reference
    __cxa_finalize                            - Undefined Weak Reference
    __sigvec_lookup                           - Undefined Weak Reference
    _atexit_init                              - Undefined Weak Reference
    _call_atexit_fns                          - Undefined Weak Reference
    _clock_init                               - Undefined Weak Reference
    _fp_trap_init                             - Undefined Weak Reference
    _fp_trap_shutdown                         - Undefined Weak Reference
    _get_lc_collate                           - Undefined Weak Reference
    _get_lc_monetary                          - Undefined Weak Reference
    _get_lc_time                              - Undefined Weak Reference
    _getenv_init                              - Undefined Weak Reference
    _handle_redirection                       - Undefined Weak Reference
    _init_alloc                               - Undefined Weak Reference
    _init_user_alloc                          - Undefined Weak Reference
    _initio                                   - Undefined Weak Reference
    _printf_mbtowc                            - Undefined Weak Reference
    _printf_wc                                - Undefined Weak Reference
    _rand_init                                - Undefined Weak Reference
    _signal_finish                            - Undefined Weak Reference
    _signal_init                              - Undefined Weak Reference
    _terminate_alloc                          - Undefined Weak Reference
    _terminate_user_alloc                     - Undefined Weak Reference
    _terminateio                              - Undefined Weak Reference
    __Vectors_Size                           0x000000ec   Number         0  startup_stm32f10x_md.o ABSOLUTE
    __Vectors                                0x08000000   Data           4  startup_stm32f10x_md.o(RESET)
    __Vectors_End                            0x080000ec   Data           0  startup_stm32f10x_md.o(RESET)
    __main                                   0x080000ed   Thumb Code     8  __main.o(!!!main)
    __scatterload                            0x080000f5   Thumb Code     0  __scatter.o(!!!scatter)
    __scatterload_rt2                        0x080000f5   Thumb Code    84  __scatter.o(!!!scatter)
    __scatterload_rt2_thumb_only             0x080000f5   Thumb Code     0  __scatter.o(!!!scatter)
    __scatterload_loop                       0x080000ff   Thumb Code     0  __scatter.o(!!!scatter)
    __scatterload_null                       0x08000151   Thumb Code     2  __scatter.o(!!handler_null)
    __scatterload_zeroinit                   0x08000155   Thumb Code    28  __scatter_zi.o(!!handler_zi)
    _printf_n                                0x08000171   Thumb Code     0  _printf_n.o(.ARM.Collect$$_printf_percent$$00000001)
    _printf_percent                          0x08000171   Thumb Code     0  _printf_percent.o(.ARM.Collect$$_printf_percent$$00000000)
    _printf_p                                0x08000177   Thumb Code     0  _printf_p.o(.ARM.Collect$$_printf_percent$$00000002)
    _printf_f                                0x0800017d   Thumb Code     0  _printf_f.o(.ARM.Collect$$_printf_percent$$00000003)
    _printf_e                                0x08000183   Thumb Code     0  _printf_e.o(.ARM.Collect$$_printf_percent$$00000004)
    _printf_g                                0x08000189   Thumb Code     0  _printf_g.o(.ARM.Collect$$_printf_percent$$00000005)
    _printf_a                                0x0800018f   Thumb Code     0  _printf_a.o(.ARM.Collect$$_printf_percent$$00000006)
    _printf_ll                               0x08000195   Thumb Code     0  _printf_ll.o(.ARM.Collect$$_printf_percent$$00000007)
    _printf_i                                0x0800019f   Thumb Code     0  _printf_i.o(.ARM.Collect$$_printf_percent$$00000008)
    _printf_d                                0x080001a5   Thumb Code     0  _printf_d.o(.ARM.Collect$$_printf_percent$$00000009)
    _printf_u                                0x080001ab   Thumb Code     0  _printf_u.o(.ARM.Collect$$_printf_percent$$0000000A)
    _printf_o                                0x080001b1   Thumb Code     0  _printf_o.o(.ARM.Collect$$_printf_percent$$0000000B)
    _printf_x                                0x080001b7   Thumb Code     0  _printf_x.o(.ARM.Collect$$_printf_percent$$0000000C)
    _printf_lli                              0x080001bd   Thumb Code     0  _printf_lli.o(.ARM.Collect$$_printf_percent$$0000000D)
    _printf_lld                              0x080001c3   Thumb Code     0  _printf_lld.o(.ARM.Collect$$_printf_percent$$0000000E)
    _printf_llu                              0x080001c9   Thumb Code     0  _printf_llu.o(.ARM.Collect$$_printf_percent$$0000000F)
    _printf_llo                              0x080001cf   Thumb Code     0  _printf_llo.o(.ARM.Collect$$_printf_percent$$00000010)
    _printf_llx                              0x080001d5   Thumb Code     0  _printf_llx.o(.ARM.Collect$$_printf_percent$$00000011)
    _printf_l                                0x080001db   Thumb Code     0  _printf_l.o(.ARM.Collect$$_printf_percent$$00000012)
    _printf_c                                0x080001e5   Thumb Code     0  _printf_c.o(.ARM.Collect$$_printf_percent$$00000013)
    _printf_s                                0x080001eb   Thumb Code     0  _printf_s.o(.ARM.Collect$$_printf_percent$$00000014)
    _printf_lc                               0x080001f1   Thumb Code     0  _printf_lc.o(.ARM.Collect$$_printf_percent$$00000015)
    _printf_ls                               0x080001f7   Thumb Code     0  _printf_ls.o(.ARM.Collect$$_printf_percent$$00000016)
    _printf_percent_end                      0x080001fd   Thumb Code     0  _printf_percent_end.o(.ARM.Collect$$_printf_percent$$00000017)
    __rt_lib_init                            0x08000201   Thumb Code     0  libinit.o(.ARM.Collect$$libinit$$00000000)
    __rt_lib_init_fp_1                       0x08000203   Thumb Code     0  libinit2.o(.ARM.Collect$$libinit$$00000002)
    __rt_lib_init_heap_1                     0x08000203   Thumb Code     0  libinit2.o(.ARM.Collect$$libinit$$0000000C)
    __rt_lib_init_lc_common                  0x08000203   Thumb Code     0  libinit2.o(.ARM.Collect$$libinit$$00000011)
    __rt_lib_init_preinit_1                  0x08000203   Thumb Code     0  libinit2.o(.ARM.Collect$$libinit$$00000006)
    __rt_lib_init_rand_1                     0x08000203   Thumb Code     0  libinit2.o(.ARM.Collect$$libinit$$00000010)
    __rt_lib_init_relocate_pie_1             0x08000203   Thumb Code     0  libinit2.o(.ARM.Collect$$libinit$$00000004)
    __rt_lib_init_user_alloc_1               0x08000203   Thumb Code     0  libinit2.o(.ARM.Collect$$libinit$$0000000E)
    __rt_lib_init_lc_collate_1               0x08000209   Thumb Code     0  libinit2.o(.ARM.Collect$$libinit$$00000013)
    __rt_lib_init_lc_ctype_2                 0x08000209   Thumb Code     0  libinit2.o(.ARM.Collect$$libinit$$00000014)
    __rt_lib_init_lc_ctype_1                 0x08000215   Thumb Code     0  libinit2.o(.ARM.Collect$$libinit$$00000015)
    __rt_lib_init_lc_monetary_1              0x08000215   Thumb Code     0  libinit2.o(.ARM.Collect$$libinit$$00000017)
    __rt_lib_init_lc_numeric_2               0x08000215   Thumb Code     0  libinit2.o(.ARM.Collect$$libinit$$00000018)
    __rt_lib_init_alloca_1                   0x0800021f   Thumb Code     0  libinit2.o(.ARM.Collect$$libinit$$00000030)
    __rt_lib_init_argv_1                     0x0800021f   Thumb Code     0  libinit2.o(.ARM.Collect$$libinit$$0000002E)
    __rt_lib_init_atexit_1                   0x0800021f   Thumb Code     0  libinit2.o(.ARM.Collect$$libinit$$0000001D)
    __rt_lib_init_clock_1                    0x0800021f   Thumb Code     0  libinit2.o(.ARM.Collect$$libinit$$00000023)
    __rt_lib_init_cpp_1                      0x0800021f   Thumb Code     0  libinit2.o(.ARM.Collect$$libinit$$00000034)
    __rt_lib_init_exceptions_1               0x0800021f   Thumb Code     0  libinit2.o(.ARM.Collect$$libinit$$00000032)
    __rt_lib_init_fp_trap_1                  0x0800021f   Thumb Code     0  libinit2.o(.ARM.Collect$$libinit$$00000021)
    __rt_lib_init_getenv_1                   0x0800021f   Thumb Code     0  libinit2.o(.ARM.Collect$$libinit$$00000025)
    __rt_lib_init_lc_numeric_1               0x0800021f   Thumb Code     0  libinit2.o(.ARM.Collect$$libinit$$00000019)
    __rt_lib_init_lc_time_1                  0x0800021f   Thumb Code     0  libinit2.o(.ARM.Collect$$libinit$$0000001B)
    __rt_lib_init_return                     0x0800021f   Thumb Code     0  libinit2.o(.ARM.Collect$$libinit$$00000035)
    __rt_lib_init_signal_1                   0x0800021f   Thumb Code     0  libinit2.o(.ARM.Collect$$libinit$$0000001F)
    __rt_lib_init_stdio_1                    0x0800021f   Thumb Code     0  libinit2.o(.ARM.Collect$$libinit$$00000027)
    __rt_lib_shutdown                        0x08000221   Thumb Code     0  libshutdown.o(.ARM.Collect$$libshutdown$$00000000)
    __rt_lib_shutdown_cpp_1                  0x08000223   Thumb Code     0  libshutdown2.o(.ARM.Collect$$libshutdown$$00000002)
    __rt_lib_shutdown_fp_trap_1              0x08000223   Thumb Code     0  libshutdown2.o(.ARM.Collect$$libshutdown$$00000007)
    __rt_lib_shutdown_heap_1                 0x08000223   Thumb Code     0  libshutdown2.o(.ARM.Collect$$libshutdown$$0000000F)
    __rt_lib_shutdown_return                 0x08000223   Thumb Code     0  libshutdown2.o(.ARM.Collect$$libshutdown$$00000010)
    __rt_lib_shutdown_signal_1               0x08000223   Thumb Code     0  libshutdown2.o(.ARM.Collect$$libshutdown$$0000000A)
    __rt_lib_shutdown_stdio_1                0x08000223   Thumb Code     0  libshutdown2.o(.ARM.Collect$$libshutdown$$00000004)
    __rt_lib_shutdown_user_alloc_1           0x08000223   Thumb Code     0  libshutdown2.o(.ARM.Collect$$libshutdown$$0000000C)
    __rt_entry                               0x08000225   Thumb Code     0  __rtentry.o(.ARM.Collect$$rtentry$$00000000)
    __rt_entry_presh_1                       0x08000225   Thumb Code     0  __rtentry2.o(.ARM.Collect$$rtentry$$00000002)
    __rt_entry_sh                            0x08000225   Thumb Code     0  __rtentry4.o(.ARM.Collect$$rtentry$$00000004)
    __rt_entry_li                            0x0800022b   Thumb Code     0  __rtentry2.o(.ARM.Collect$$rtentry$$0000000A)
    __rt_entry_postsh_1                      0x0800022b   Thumb Code     0  __rtentry2.o(.ARM.Collect$$rtentry$$00000009)
    __rt_entry_main                          0x0800022f   Thumb Code     0  __rtentry2.o(.ARM.Collect$$rtentry$$0000000D)
    __rt_entry_postli_1                      0x0800022f   Thumb Code     0  __rtentry2.o(.ARM.Collect$$rtentry$$0000000C)
    __rt_exit                                0x08000237   Thumb Code     0  rtexit.o(.ARM.Collect$$rtexit$$00000000)
    __rt_exit_ls                             0x08000239   Thumb Code     0  rtexit2.o(.ARM.Collect$$rtexit$$00000003)
    __rt_exit_prels_1                        0x08000239   Thumb Code     0  rtexit2.o(.ARM.Collect$$rtexit$$00000002)
    __rt_exit_exit                           0x0800023d   Thumb Code     0  rtexit2.o(.ARM.Collect$$rtexit$$00000004)
    Reset_Handler                            0x08000245   Thumb Code     8  startup_stm32f10x_md.o(.text)
    NMI_Handler                              0x0800024d   Thumb Code     2  startup_stm32f10x_md.o(.text)
    HardFault_Handler                        0x0800024f   Thumb Code     2  startup_stm32f10x_md.o(.text)
    MemManage_Handler                        0x08000251   Thumb Code     2  startup_stm32f10x_md.o(.text)
    BusFault_Handler                         0x08000253   Thumb Code     2  startup_stm32f10x_md.o(.text)
    UsageFault_Handler                       0x08000255   Thumb Code     2  startup_stm32f10x_md.o(.text)
    SVC_Handler                              0x08000257   Thumb Code     2  startup_stm32f10x_md.o(.text)
    DebugMon_Handler                         0x08000259   Thumb Code     2  startup_stm32f10x_md.o(.text)
    PendSV_Handler                           0x0800025b   Thumb Code     2  startup_stm32f10x_md.o(.text)
    SysTick_Handler                          0x0800025d   Thumb Code     2  startup_stm32f10x_md.o(.text)
    ADC1_2_IRQHandler                        0x0800025f   Thumb Code     0  startup_stm32f10x_md.o(.text)
    CAN1_RX1_IRQHandler                      0x0800025f   Thumb Code     0  startup_stm32f10x_md.o(.text)
    CAN1_SCE_IRQHandler                      0x0800025f   Thumb Code     0  startup_stm32f10x_md.o(.text)
    DMA1_Channel1_IRQHandler                 0x0800025f   Thumb Code     0  startup_stm32f10x_md.o(.text)
    DMA1_Channel2_IRQHandler                 0x0800025f   Thumb Code     0  startup_stm32f10x_md.o(.text)
    DMA1_Channel3_IRQHandler                 0x0800025f   Thumb Code     0  startup_stm32f10x_md.o(.text)
    DMA1_Channel4_IRQHandler                 0x0800025f   Thumb Code     0  startup_stm32f10x_md.o(.text)
    DMA1_Channel5_IRQHandler                 0x0800025f   Thumb Code     0  startup_stm32f10x_md.o(.text)
    DMA1_Channel6_IRQHandler                 0x0800025f   Thumb Code     0  startup_stm32f10x_md.o(.text)
    DMA1_Channel7_IRQHandler                 0x0800025f   Thumb Code     0  startup_stm32f10x_md.o(.text)
    EXTI0_IRQHandler                         0x0800025f   Thumb Code     0  startup_stm32f10x_md.o(.text)
    EXTI15_10_IRQHandler                     0x0800025f   Thumb Code     0  startup_stm32f10x_md.o(.text)
    EXTI1_IRQHandler                         0x0800025f   Thumb Code     0  startup_stm32f10x_md.o(.text)
    EXTI2_IRQHandler                         0x0800025f   Thumb Code     0  startup_stm32f10x_md.o(.text)
    EXTI3_IRQHandler                         0x0800025f   Thumb Code     0  startup_stm32f10x_md.o(.text)
    EXTI4_IRQHandler                         0x0800025f   Thumb Code     0  startup_stm32f10x_md.o(.text)
    EXTI9_5_IRQHandler                       0x0800025f   Thumb Code     0  startup_stm32f10x_md.o(.text)
    FLASH_IRQHandler                         0x0800025f   Thumb Code     0  startup_stm32f10x_md.o(.text)
    I2C1_ER_IRQHandler                       0x0800025f   Thumb Code     0  startup_stm32f10x_md.o(.text)
    I2C1_EV_IRQHandler                       0x0800025f   Thumb Code     0  startup_stm32f10x_md.o(.text)
    I2C2_ER_IRQHandler                       0x0800025f   Thumb Code     0  startup_stm32f10x_md.o(.text)
    I2C2_EV_IRQHandler                       0x0800025f   Thumb Code     0  startup_stm32f10x_md.o(.text)
    PVD_IRQHandler                           0x0800025f   Thumb Code     0  startup_stm32f10x_md.o(.text)
    RCC_IRQHandler                           0x0800025f   Thumb Code     0  startup_stm32f10x_md.o(.text)
    RTCAlarm_IRQHandler                      0x0800025f   Thumb Code     0  startup_stm32f10x_md.o(.text)
    RTC_IRQHandler                           0x0800025f   Thumb Code     0  startup_stm32f10x_md.o(.text)
    SPI1_IRQHandler                          0x0800025f   Thumb Code     0  startup_stm32f10x_md.o(.text)
    SPI2_IRQHandler                          0x0800025f   Thumb Code     0  startup_stm32f10x_md.o(.text)
    TAMPER_IRQHandler                        0x0800025f   Thumb Code     0  startup_stm32f10x_md.o(.text)
    TIM1_BRK_IRQHandler                      0x0800025f   Thumb Code     0  startup_stm32f10x_md.o(.text)
    TIM1_CC_IRQHandler                       0x0800025f   Thumb Code     0  startup_stm32f10x_md.o(.text)
    TIM1_TRG_COM_IRQHandler                  0x0800025f   Thumb Code     0  startup_stm32f10x_md.o(.text)
    TIM1_UP_IRQHandler                       0x0800025f   Thumb Code     0  startup_stm32f10x_md.o(.text)
    TIM2_IRQHandler                          0x0800025f   Thumb Code     0  startup_stm32f10x_md.o(.text)
    TIM3_IRQHandler                          0x0800025f   Thumb Code     0  startup_stm32f10x_md.o(.text)
    TIM4_IRQHandler                          0x0800025f   Thumb Code     0  startup_stm32f10x_md.o(.text)
    USART1_IRQHandler                        0x0800025f   Thumb Code     0  startup_stm32f10x_md.o(.text)
    USART2_IRQHandler                        0x0800025f   Thumb Code     0  startup_stm32f10x_md.o(.text)
    USART3_IRQHandler                        0x0800025f   Thumb Code     0  startup_stm32f10x_md.o(.text)
    USBWakeUp_IRQHandler                     0x0800025f   Thumb Code     0  startup_stm32f10x_md.o(.text)
    USB_HP_CAN1_TX_IRQHandler                0x0800025f   Thumb Code     0  startup_stm32f10x_md.o(.text)
    USB_LP_CAN1_RX0_IRQHandler               0x0800025f   Thumb Code     0  startup_stm32f10x_md.o(.text)
    WWDG_IRQHandler                          0x0800025f   Thumb Code     0  startup_stm32f10x_md.o(.text)
    __user_initial_stackheap                 0x08000261   Thumb Code     0  startup_stm32f10x_md.o(.text)
    sprintf                                  0x08000285   Thumb Code    38  sprintf.o(.text)
    __use_two_region_memory                  0x080002b1   Thumb Code     2  heapauxi.o(.text)
    __rt_heap_escrow$2region                 0x080002b3   Thumb Code     2  heapauxi.o(.text)
    __rt_heap_expand$2region                 0x080002b5   Thumb Code     2  heapauxi.o(.text)
    _printf_pre_padding                      0x080002b7   Thumb Code    44  _printf_pad.o(.text)
    _printf_post_padding                     0x080002e3   Thumb Code    34  _printf_pad.o(.text)
    _printf_truncate_signed                  0x08000305   Thumb Code    18  _printf_truncate.o(.text)
    _printf_truncate_unsigned                0x08000317   Thumb Code    18  _printf_truncate.o(.text)
    _printf_str                              0x08000329   Thumb Code    82  _printf_str.o(.text)
    _printf_int_dec                          0x0800037d   Thumb Code   104  _printf_dec.o(.text)
    _printf_charcount                        0x080003f5   Thumb Code    40  _printf_charcount.o(.text)
    _printf_char_common                      0x08000427   Thumb Code    32  _printf_char_common.o(.text)
    _sputc                                   0x0800044d   Thumb Code    10  _sputc.o(.text)
    _printf_wctomb                           0x08000459   Thumb Code   182  _printf_wctomb.o(.text)
    _printf_longlong_dec                     0x08000515   Thumb Code   108  _printf_longlong_dec.o(.text)
    _printf_longlong_oct                     0x08000591   Thumb Code    68  _printf_oct_int_ll.o(.text)
    _printf_int_oct                          0x080005d5   Thumb Code    24  _printf_oct_int_ll.o(.text)
    _printf_ll_oct                           0x080005ed   Thumb Code    12  _printf_oct_int_ll.o(.text)
    _printf_longlong_hex                     0x08000601   Thumb Code    86  _printf_hex_int_ll_ptr.o(.text)
    _printf_int_hex                          0x08000657   Thumb Code    28  _printf_hex_int_ll_ptr.o(.text)
    _printf_ll_hex                           0x08000673   Thumb Code    12  _printf_hex_int_ll_ptr.o(.text)
    _printf_hex_ptr                          0x0800067f   Thumb Code    18  _printf_hex_int_ll_ptr.o(.text)
    __printf                                 0x08000695   Thumb Code   388  __printf_flags_ss_wp.o(.text)
    _ll_udiv10                               0x0800081d   Thumb Code   138  lludiv10.o(.text)
    _printf_int_common                       0x080008a7   Thumb Code   178  _printf_intcommon.o(.text)
    _printf_fp_dec_real                      0x08000b09   Thumb Code   620  _printf_fp_dec.o(.text)
    _printf_fp_hex_real                      0x08000d75   Thumb Code   756  _printf_fp_hex.o(.text)
    _printf_cs_common                        0x08001071   Thumb Code    20  _printf_char.o(.text)
    _printf_char                             0x08001085   Thumb Code    16  _printf_char.o(.text)
    _printf_string                           0x08001095   Thumb Code     8  _printf_char.o(.text)
    _printf_lcs_common                       0x0800109d   Thumb Code    20  _printf_wchar.o(.text)
    _printf_wchar                            0x080010b1   Thumb Code    16  _printf_wchar.o(.text)
    _printf_wstring                          0x080010c1   Thumb Code     8  _printf_wchar.o(.text)
    _c16rtomb                                0x080010c9   Thumb Code    72  _c16rtomb.o(.text)
    _wcrtomb                                 0x080010c9   Thumb Code     0  _c16rtomb.o(.text)
    __user_setup_stackheap                   0x08001111   Thumb Code    74  sys_stackheap_outer.o(.text)
    __rt_ctype_table                         0x0800115d   Thumb Code    16  rt_ctype_table.o(.text)
    __rt_locale                              0x0800116d   Thumb Code     8  rt_locale_intlibspace.o(.text)
    _printf_fp_infnan                        0x08001175   Thumb Code   112  _printf_fp_infnan.o(.text)
    _btod_etento                             0x080011f5   Thumb Code   224  bigflt0.o(.text)
    exit                                     0x080012d9   Thumb Code    18  exit.o(.text)
    __user_libspace                          0x080012ed   Thumb Code     8  libspace.o(.text)
    __user_perproc_libspace                  0x080012ed   Thumb Code     0  libspace.o(.text)
    __user_perthread_libspace                0x080012ed   Thumb Code     0  libspace.o(.text)
    strcmp                                   0x080012f5   Thumb Code   128  strcmpv7m.o(.text)
    _sys_exit                                0x08001375   Thumb Code     8  sys_exit.o(.text)
    __I$use$semihosting                      0x08001381   Thumb Code     0  use_no_semi.o(.text)
    __use_no_semihosting_swi                 0x08001381   Thumb Code     2  use_no_semi.o(.text)
    __semihosting_library_function           0x08001383   Thumb Code     0  indicate_semi.o(.text)
    GPIO_Init                                0x08001385   Thumb Code   390  stm32f10x_gpio.o(.text.GPIO_Init)
    I2C_CheckEvent                           0x0800150d   Thumb Code    84  stm32f10x_i2c.o(.text.I2C_CheckEvent)
    I2C_Cmd                                  0x08001561   Thumb Code    44  stm32f10x_i2c.o(.text.I2C_Cmd)
    I2C_Config                               0x0800158d   Thumb Code   128  b6.o(.text.I2C_Config)
    I2C_GenerateSTART                        0x0800160d   Thumb Code    44  stm32f10x_i2c.o(.text.I2C_GenerateSTART)
    I2C_GenerateSTOP                         0x08001639   Thumb Code    44  stm32f10x_i2c.o(.text.I2C_GenerateSTOP)
    I2C_GetFlagStatus                        0x08001665   Thumb Code    98  stm32f10x_i2c.o(.text.I2C_GetFlagStatus)
    I2C_Init                                 0x080016c9   Thumb Code   426  stm32f10x_i2c.o(.text.I2C_Init)
    I2C_ReadLight                            0x08001875   Thumb Code   238  b6.o(.text.I2C_ReadLight)
    I2C_ReceiveData                          0x08001965   Thumb Code    14  stm32f10x_i2c.o(.text.I2C_ReceiveData)
    I2C_Send7bitAddress                      0x08001975   Thumb Code    60  stm32f10x_i2c.o(.text.I2C_Send7bitAddress)
    I2C_SendData                             0x080019b1   Thumb Code    20  stm32f10x_i2c.o(.text.I2C_SendData)
    I2C_Write                                0x080019c5   Thumb Code   184  b6.o(.text.I2C_Write)
    RCC_APB1PeriphClockCmd                   0x08001a7d   Thumb Code    56  stm32f10x_rcc.o(.text.RCC_APB1PeriphClockCmd)
    RCC_APB2PeriphClockCmd                   0x08001ab5   Thumb Code    56  stm32f10x_rcc.o(.text.RCC_APB2PeriphClockCmd)
    RCC_GetClocksFreq                        0x08001aed   Thumb Code   370  stm32f10x_rcc.o(.text.RCC_GetClocksFreq)
    SystemInit                               0x08001d8d   Thumb Code   102  system_stm32f10x.o(.text.SystemInit)
    UART_Config                              0x08001df5   Thumb Code   134  b6.o(.text.UART_Config)
    USART_Cmd                                0x08001e7d   Thumb Code    44  stm32f10x_usart.o(.text.USART_Cmd)
    USART_GetFlagStatus                      0x08001ea9   Thumb Code    68  stm32f10x_usart.o(.text.USART_GetFlagStatus)
    USART_Init                               0x08001eed   Thumb Code   348  stm32f10x_usart.o(.text.USART_Init)
    USART_SendData                           0x08002049   Thumb Code    24  stm32f10x_usart.o(.text.USART_SendData)
    main                                     0x08002061   Thumb Code    78  b6.o(.text.main)
    sendValueUART                            0x080020b1   Thumb Code   124  b6.o(.text.sendValueUART)
    _btod_d2e                                0x0800212d   Thumb Code    62  btod.o(CL$$btod_d2e)
    _d2e_denorm_low                          0x0800216b   Thumb Code    70  btod.o(CL$$btod_d2e_denorm_low)
    _d2e_norm_op1                            0x080021b1   Thumb Code    96  btod.o(CL$$btod_d2e_norm_op1)
    __btod_div_common                        0x08002211   Thumb Code   696  btod.o(CL$$btod_div_common)
    _e2e                                     0x08002549   Thumb Code   220  btod.o(CL$$btod_e2e)
    _btod_ediv                               0x08002625   Thumb Code    42  btod.o(CL$$btod_ediv)
    _btod_emul                               0x0800264f   Thumb Code    42  btod.o(CL$$btod_emul)
    __btod_mult_common                       0x08002679   Thumb Code   580  btod.o(CL$$btod_mult_common)
    __ARM_fpclassify                         0x080028bd   Thumb Code    40  fpclassify.o(i.__ARM_fpclassify)
    _is_digit                                0x080028e5   Thumb Code    14  __printf_wp.o(i._is_digit)
    _get_lc_numeric                          0x080028f5   Thumb Code    44  lc_numeric_c.o(locale$$code)
    _get_lc_ctype                            0x08002921   Thumb Code    44  lc_ctype_c.o(locale$$code)
    _printf_fp_dec                           0x0800294d   Thumb Code     4  printf1.o(x$fpl$printf1)
    _printf_fp_hex                           0x08002951   Thumb Code     4  printf2.o(x$fpl$printf2)
    __I$use$fp                               0x08002954   Number         0  usenofp.o(x$fpl$usenofp)
    Region$$Table$$Base                      0x08002a70   Number         0  anon$$obj.o(Region$$Table)
    Region$$Table$$Limit                     0x08002a80   Number         0  anon$$obj.o(Region$$Table)
    __ctype                                  0x08002aa9   Data           0  lc_ctype_c.o(locale$$data)
    __libspace_start                         0x20000000   Data          96  libspace.o(.bss)
    __temporary_stack_top$libspace           0x20000060   Data           0  libspace.o(.bss)



==============================================================================

Memory Map of the image

  Image Entry point : 0x080000ed

  Load Region LR_IROM1 (Base: 0x08000000, Size: 0x00002bac, Max: 0x00010000, ABSOLUTE)

    Execution Region ER_IROM1 (Exec base: 0x08000000, Load base: 0x08000000, Size: 0x00002bac, Max: 0x00010000, ABSOLUTE)

    Exec Addr    Load Addr    Size         Type   Attr      Idx    E Section Name        Object

    0x08000000   0x08000000   0x000000ec   Data   RO          640    RESET               startup_stm32f10x_md.o
    0x080000ec   0x080000ec   0x00000008   Code   RO          670  * !!!main             c_w.l(__main.o)
    0x080000f4   0x080000f4   0x0000005c   Code   RO         1007    !!!scatter          c_w.l(__scatter.o)
    0x08000150   0x08000150   0x00000002   Code   RO         1008    !!handler_null      c_w.l(__scatter.o)
    0x08000152   0x08000152   0x00000002   PAD
    0x08000154   0x08000154   0x0000001c   Code   RO         1011    !!handler_zi        c_w.l(__scatter_zi.o)
    0x08000170   0x08000170   0x00000000   Code   RO          754    .ARM.Collect$$_printf_percent$$00000000  c_w.l(_printf_percent.o)
    0x08000170   0x08000170   0x00000006   Code   RO          743    .ARM.Collect$$_printf_percent$$00000001  c_w.l(_printf_n.o)
    0x08000176   0x08000176   0x00000006   Code   RO          745    .ARM.Collect$$_printf_percent$$00000002  c_w.l(_printf_p.o)
    0x0800017c   0x0800017c   0x00000006   Code   RO          750    .ARM.Collect$$_printf_percent$$00000003  c_w.l(_printf_f.o)
    0x08000182   0x08000182   0x00000006   Code   RO          751    .ARM.Collect$$_printf_percent$$00000004  c_w.l(_printf_e.o)
    0x08000188   0x08000188   0x00000006   Code   RO          752    .ARM.Collect$$_printf_percent$$00000005  c_w.l(_printf_g.o)
    0x0800018e   0x0800018e   0x00000006   Code   RO          753    .ARM.Collect$$_printf_percent$$00000006  c_w.l(_printf_a.o)
    0x08000194   0x08000194   0x0000000a   Code   RO          758    .ARM.Collect$$_printf_percent$$00000007  c_w.l(_printf_ll.o)
    0x0800019e   0x0800019e   0x00000006   Code   RO          747    .ARM.Collect$$_printf_percent$$00000008  c_w.l(_printf_i.o)
    0x080001a4   0x080001a4   0x00000006   Code   RO          748    .ARM.Collect$$_printf_percent$$00000009  c_w.l(_printf_d.o)
    0x080001aa   0x080001aa   0x00000006   Code   RO          749    .ARM.Collect$$_printf_percent$$0000000A  c_w.l(_printf_u.o)
    0x080001b0   0x080001b0   0x00000006   Code   RO          746    .ARM.Collect$$_printf_percent$$0000000B  c_w.l(_printf_o.o)
    0x080001b6   0x080001b6   0x00000006   Code   RO          744    .ARM.Collect$$_printf_percent$$0000000C  c_w.l(_printf_x.o)
    0x080001bc   0x080001bc   0x00000006   Code   RO          755    .ARM.Collect$$_printf_percent$$0000000D  c_w.l(_printf_lli.o)
    0x080001c2   0x080001c2   0x00000006   Code   RO          756    .ARM.Collect$$_printf_percent$$0000000E  c_w.l(_printf_lld.o)
    0x080001c8   0x080001c8   0x00000006   Code   RO          757    .ARM.Collect$$_printf_percent$$0000000F  c_w.l(_printf_llu.o)
    0x080001ce   0x080001ce   0x00000006   Code   RO          762    .ARM.Collect$$_printf_percent$$00000010  c_w.l(_printf_llo.o)
    0x080001d4   0x080001d4   0x00000006   Code   RO          763    .ARM.Collect$$_printf_percent$$00000011  c_w.l(_printf_llx.o)
    0x080001da   0x080001da   0x0000000a   Code   RO          759    .ARM.Collect$$_printf_percent$$00000012  c_w.l(_printf_l.o)
    0x080001e4   0x080001e4   0x00000006   Code   RO          741    .ARM.Collect$$_printf_percent$$00000013  c_w.l(_printf_c.o)
    0x080001ea   0x080001ea   0x00000006   Code   RO          742    .ARM.Collect$$_printf_percent$$00000014  c_w.l(_printf_s.o)
    0x080001f0   0x080001f0   0x00000006   Code   RO          760    .ARM.Collect$$_printf_percent$$00000015  c_w.l(_printf_lc.o)
    0x080001f6   0x080001f6   0x00000006   Code   RO          761    .ARM.Collect$$_printf_percent$$00000016  c_w.l(_printf_ls.o)
    0x080001fc   0x080001fc   0x00000004   Code   RO          804    .ARM.Collect$$_printf_percent$$00000017  c_w.l(_printf_percent_end.o)
    0x08000200   0x08000200   0x00000002   Code   RO          855    .ARM.Collect$$libinit$$00000000  c_w.l(libinit.o)
    0x08000202   0x08000202   0x00000000   Code   RO          874    .ARM.Collect$$libinit$$00000002  c_w.l(libinit2.o)
    0x08000202   0x08000202   0x00000000   Code   RO          876    .ARM.Collect$$libinit$$00000004  c_w.l(libinit2.o)
    0x08000202   0x08000202   0x00000000   Code   RO          878    .ARM.Collect$$libinit$$00000006  c_w.l(libinit2.o)
    0x08000202   0x08000202   0x00000000   Code   RO          881    .ARM.Collect$$libinit$$0000000C  c_w.l(libinit2.o)
    0x08000202   0x08000202   0x00000000   Code   RO          883    .ARM.Collect$$libinit$$0000000E  c_w.l(libinit2.o)
    0x08000202   0x08000202   0x00000000   Code   RO          885    .ARM.Collect$$libinit$$00000010  c_w.l(libinit2.o)
    0x08000202   0x08000202   0x00000006   Code   RO          886    .ARM.Collect$$libinit$$00000011  c_w.l(libinit2.o)
    0x08000208   0x08000208   0x00000000   Code   RO          888    .ARM.Collect$$libinit$$00000013  c_w.l(libinit2.o)
    0x08000208   0x08000208   0x0000000c   Code   RO          889    .ARM.Collect$$libinit$$00000014  c_w.l(libinit2.o)
    0x08000214   0x08000214   0x00000000   Code   RO          890    .ARM.Collect$$libinit$$00000015  c_w.l(libinit2.o)
    0x08000214   0x08000214   0x00000000   Code   RO          892    .ARM.Collect$$libinit$$00000017  c_w.l(libinit2.o)
    0x08000214   0x08000214   0x0000000a   Code   RO          893    .ARM.Collect$$libinit$$00000018  c_w.l(libinit2.o)
    0x0800021e   0x0800021e   0x00000000   Code   RO          894    .ARM.Collect$$libinit$$00000019  c_w.l(libinit2.o)
    0x0800021e   0x0800021e   0x00000000   Code   RO          896    .ARM.Collect$$libinit$$0000001B  c_w.l(libinit2.o)
    0x0800021e   0x0800021e   0x00000000   Code   RO          898    .ARM.Collect$$libinit$$0000001D  c_w.l(libinit2.o)
    0x0800021e   0x0800021e   0x00000000   Code   RO          900    .ARM.Collect$$libinit$$0000001F  c_w.l(libinit2.o)
    0x0800021e   0x0800021e   0x00000000   Code   RO          902    .ARM.Collect$$libinit$$00000021  c_w.l(libinit2.o)
    0x0800021e   0x0800021e   0x00000000   Code   RO          904    .ARM.Collect$$libinit$$00000023  c_w.l(libinit2.o)
    0x0800021e   0x0800021e   0x00000000   Code   RO          906    .ARM.Collect$$libinit$$00000025  c_w.l(libinit2.o)
    0x0800021e   0x0800021e   0x00000000   Code   RO          908    .ARM.Collect$$libinit$$00000027  c_w.l(libinit2.o)
    0x0800021e   0x0800021e   0x00000000   Code   RO          912    .ARM.Collect$$libinit$$0000002E  c_w.l(libinit2.o)
    0x0800021e   0x0800021e   0x00000000   Code   RO          914    .ARM.Collect$$libinit$$00000030  c_w.l(libinit2.o)
    0x0800021e   0x0800021e   0x00000000   Code   RO          916    .ARM.Collect$$libinit$$00000032  c_w.l(libinit2.o)
    0x0800021e   0x0800021e   0x00000000   Code   RO          918    .ARM.Collect$$libinit$$00000034  c_w.l(libinit2.o)
    0x0800021e   0x0800021e   0x00000002   Code   RO          919    .ARM.Collect$$libinit$$00000035  c_w.l(libinit2.o)
    0x08000220   0x08000220   0x00000002   Code   RO          943    .ARM.Collect$$libshutdown$$00000000  c_w.l(libshutdown.o)
    0x08000222   0x08000222   0x00000000   Code   RO          958    .ARM.Collect$$libshutdown$$00000002  c_w.l(libshutdown2.o)
    0x08000222   0x08000222   0x00000000   Code   RO          960    .ARM.Collect$$libshutdown$$00000004  c_w.l(libshutdown2.o)
    0x08000222   0x08000222   0x00000000   Code   RO          963    .ARM.Collect$$libshutdown$$00000007  c_w.l(libshutdown2.o)
    0x08000222   0x08000222   0x00000000   Code   RO          966    .ARM.Collect$$libshutdown$$0000000A  c_w.l(libshutdown2.o)
    0x08000222   0x08000222   0x00000000   Code   RO          968    .ARM.Collect$$libshutdown$$0000000C  c_w.l(libshutdown2.o)
    0x08000222   0x08000222   0x00000000   Code   RO          971    .ARM.Collect$$libshutdown$$0000000F  c_w.l(libshutdown2.o)
    0x08000222   0x08000222   0x00000002   Code   RO          972    .ARM.Collect$$libshutdown$$00000010  c_w.l(libshutdown2.o)
    0x08000224   0x08000224   0x00000000   Code   RO          672    .ARM.Collect$$rtentry$$00000000  c_w.l(__rtentry.o)
    0x08000224   0x08000224   0x00000000   Code   RO          773    .ARM.Collect$$rtentry$$00000002  c_w.l(__rtentry2.o)
    0x08000224   0x08000224   0x00000006   Code   RO          785    .ARM.Collect$$rtentry$$00000004  c_w.l(__rtentry4.o)
    0x0800022a   0x0800022a   0x00000000   Code   RO          775    .ARM.Collect$$rtentry$$00000009  c_w.l(__rtentry2.o)
    0x0800022a   0x0800022a   0x00000004   Code   RO          776    .ARM.Collect$$rtentry$$0000000A  c_w.l(__rtentry2.o)
    0x0800022e   0x0800022e   0x00000000   Code   RO          778    .ARM.Collect$$rtentry$$0000000C  c_w.l(__rtentry2.o)
    0x0800022e   0x0800022e   0x00000008   Code   RO          779    .ARM.Collect$$rtentry$$0000000D  c_w.l(__rtentry2.o)
    0x08000236   0x08000236   0x00000002   Code   RO          864    .ARM.Collect$$rtexit$$00000000  c_w.l(rtexit.o)
    0x08000238   0x08000238   0x00000000   Code   RO          921    .ARM.Collect$$rtexit$$00000002  c_w.l(rtexit2.o)
    0x08000238   0x08000238   0x00000004   Code   RO          922    .ARM.Collect$$rtexit$$00000003  c_w.l(rtexit2.o)
    0x0800023c   0x0800023c   0x00000006   Code   RO          923    .ARM.Collect$$rtexit$$00000004  c_w.l(rtexit2.o)
    0x08000242   0x08000242   0x00000002   PAD
    0x08000244   0x08000244   0x00000040   Code   RO          641    .text               startup_stm32f10x_md.o
    0x08000284   0x08000284   0x0000002c   Code   RO          666    .text               c_w.l(sprintf.o)
    0x080002b0   0x080002b0   0x00000006   Code   RO          668    .text               c_w.l(heapauxi.o)
    0x080002b6   0x080002b6   0x0000004e   Code   RO          675    .text               c_w.l(_printf_pad.o)
    0x08000304   0x08000304   0x00000024   Code   RO          677    .text               c_w.l(_printf_truncate.o)
    0x08000328   0x08000328   0x00000052   Code   RO          679    .text               c_w.l(_printf_str.o)
    0x0800037a   0x0800037a   0x00000002   PAD
    0x0800037c   0x0800037c   0x00000078   Code   RO          681    .text               c_w.l(_printf_dec.o)
    0x080003f4   0x080003f4   0x00000028   Code   RO          683    .text               c_w.l(_printf_charcount.o)
    0x0800041c   0x0800041c   0x00000030   Code   RO          685    .text               c_w.l(_printf_char_common.o)
    0x0800044c   0x0800044c   0x0000000a   Code   RO          687    .text               c_w.l(_sputc.o)
    0x08000456   0x08000456   0x00000002   PAD
    0x08000458   0x08000458   0x000000bc   Code   RO          689    .text               c_w.l(_printf_wctomb.o)
    0x08000514   0x08000514   0x0000007c   Code   RO          692    .text               c_w.l(_printf_longlong_dec.o)
    0x08000590   0x08000590   0x00000070   Code   RO          698    .text               c_w.l(_printf_oct_int_ll.o)
    0x08000600   0x08000600   0x00000094   Code   RO          718    .text               c_w.l(_printf_hex_int_ll_ptr.o)
    0x08000694   0x08000694   0x00000188   Code   RO          738    .text               c_w.l(__printf_flags_ss_wp.o)
    0x0800081c   0x0800081c   0x0000008a   Code   RO          787    .text               c_w.l(lludiv10.o)
    0x080008a6   0x080008a6   0x000000b2   Code   RO          789    .text               c_w.l(_printf_intcommon.o)
    0x08000958   0x08000958   0x0000041c   Code   RO          791    .text               c_w.l(_printf_fp_dec.o)
    0x08000d74   0x08000d74   0x000002fc   Code   RO          795    .text               c_w.l(_printf_fp_hex.o)
    0x08001070   0x08001070   0x0000002c   Code   RO          800    .text               c_w.l(_printf_char.o)
    0x0800109c   0x0800109c   0x0000002c   Code   RO          802    .text               c_w.l(_printf_wchar.o)
    0x080010c8   0x080010c8   0x00000048   Code   RO          805    .text               c_w.l(_c16rtomb.o)
    0x08001110   0x08001110   0x0000004a   Code   RO          807    .text               c_w.l(sys_stackheap_outer.o)
    0x0800115a   0x0800115a   0x00000002   PAD
    0x0800115c   0x0800115c   0x00000010   Code   RO          809    .text               c_w.l(rt_ctype_table.o)
    0x0800116c   0x0800116c   0x00000008   Code   RO          814    .text               c_w.l(rt_locale_intlibspace.o)
    0x08001174   0x08001174   0x00000080   Code   RO          816    .text               c_w.l(_printf_fp_infnan.o)
    0x080011f4   0x080011f4   0x000000e4   Code   RO          818    .text               c_w.l(bigflt0.o)
    0x080012d8   0x080012d8   0x00000012   Code   RO          848    .text               c_w.l(exit.o)
    0x080012ea   0x080012ea   0x00000002   PAD
    0x080012ec   0x080012ec   0x00000008   Code   RO          861    .text               c_w.l(libspace.o)
    0x080012f4   0x080012f4   0x00000080   Code   RO          871    .text               c_w.l(strcmpv7m.o)
    0x08001374   0x08001374   0x0000000c   Code   RO          933    .text               c_w.l(sys_exit.o)
    0x08001380   0x08001380   0x00000002   Code   RO          948    .text               c_w.l(use_no_semi.o)
    0x08001382   0x08001382   0x00000000   Code   RO          950    .text               c_w.l(indicate_semi.o)
    0x08001382   0x08001382   0x00000002   PAD
    0x08001384   0x08001384   0x00000186   Code   RO          132    .text.GPIO_Init     stm32f10x_gpio.o
    0x0800150a   0x0800150a   0x00000002   PAD
    0x0800150c   0x0800150c   0x00000054   Code   RO          225    .text.I2C_CheckEvent  stm32f10x_i2c.o
    0x08001560   0x08001560   0x0000002c   Code   RO          177    .text.I2C_Cmd       stm32f10x_i2c.o
    0x0800158c   0x0800158c   0x00000080   Code   RO            6    .text.I2C_Config    b6.o
    0x0800160c   0x0800160c   0x0000002c   Code   RO          183    .text.I2C_GenerateSTART  stm32f10x_i2c.o
    0x08001638   0x08001638   0x0000002c   Code   RO          185    .text.I2C_GenerateSTOP  stm32f10x_i2c.o
    0x08001664   0x08001664   0x00000062   Code   RO          229    .text.I2C_GetFlagStatus  stm32f10x_i2c.o
    0x080016c6   0x080016c6   0x00000002   PAD
    0x080016c8   0x080016c8   0x000001aa   Code   RO          173    .text.I2C_Init      stm32f10x_i2c.o
    0x08001872   0x08001872   0x00000002   PAD
    0x08001874   0x08001874   0x000000ee   Code   RO           10    .text.I2C_ReadLight  b6.o
    0x08001962   0x08001962   0x00000002   PAD
    0x08001964   0x08001964   0x0000000e   Code   RO          199    .text.I2C_ReceiveData  stm32f10x_i2c.o
    0x08001972   0x08001972   0x00000002   PAD
    0x08001974   0x08001974   0x0000003c   Code   RO          201    .text.I2C_Send7bitAddress  stm32f10x_i2c.o
    0x080019b0   0x080019b0   0x00000014   Code   RO          197    .text.I2C_SendData  stm32f10x_i2c.o
    0x080019c4   0x080019c4   0x000000b8   Code   RO            8    .text.I2C_Write     b6.o
    0x08001a7c   0x08001a7c   0x00000038   Code   RO          290    .text.RCC_APB1PeriphClockCmd  stm32f10x_rcc.o
    0x08001ab4   0x08001ab4   0x00000038   Code   RO          288    .text.RCC_APB2PeriphClockCmd  stm32f10x_rcc.o
    0x08001aec   0x08001aec   0x00000172   Code   RO          284    .text.RCC_GetClocksFreq  stm32f10x_rcc.o
    0x08001c5e   0x08001c5e   0x00000002   PAD
    0x08001c60   0x08001c60   0x00000008   Code   RO          650    .text.SetSysClock   system_stm32f10x.o
    0x08001c68   0x08001c68   0x00000122   Code   RO          654    .text.SetSysClockTo72  system_stm32f10x.o
    0x08001d8a   0x08001d8a   0x00000002   PAD
    0x08001d8c   0x08001d8c   0x00000066   Code   RO          648    .text.SystemInit    system_stm32f10x.o
    0x08001df2   0x08001df2   0x00000002   PAD
    0x08001df4   0x08001df4   0x00000086   Code   RO            4    .text.UART_Config   b6.o
    0x08001e7a   0x08001e7a   0x00000002   PAD
    0x08001e7c   0x08001e7c   0x0000002c   Code   RO          569    .text.USART_Cmd     stm32f10x_usart.o
    0x08001ea8   0x08001ea8   0x00000044   Code   RO          609    .text.USART_GetFlagStatus  stm32f10x_usart.o
    0x08001eec   0x08001eec   0x0000015c   Code   RO          561    .text.USART_Init    stm32f10x_usart.o
    0x08002048   0x08002048   0x00000018   Code   RO          585    .text.USART_SendData  stm32f10x_usart.o
    0x08002060   0x08002060   0x0000004e   Code   RO            2    .text.main          b6.o
    0x080020ae   0x080020ae   0x00000002   PAD
    0x080020b0   0x080020b0   0x0000007c   Code   RO           12    .text.sendValueUART  b6.o
    0x0800212c   0x0800212c   0x0000003e   Code   RO          821    CL$$btod_d2e        c_w.l(btod.o)
    0x0800216a   0x0800216a   0x00000046   Code   RO          823    CL$$btod_d2e_denorm_low  c_w.l(btod.o)
    0x080021b0   0x080021b0   0x00000060   Code   RO          822    CL$$btod_d2e_norm_op1  c_w.l(btod.o)
    0x08002210   0x08002210   0x00000338   Code   RO          831    CL$$btod_div_common  c_w.l(btod.o)
    0x08002548   0x08002548   0x000000dc   Code   RO          828    CL$$btod_e2e        c_w.l(btod.o)
    0x08002624   0x08002624   0x0000002a   Code   RO          825    CL$$btod_ediv       c_w.l(btod.o)
    0x0800264e   0x0800264e   0x0000002a   Code   RO          824    CL$$btod_emul       c_w.l(btod.o)
    0x08002678   0x08002678   0x00000244   Code   RO          830    CL$$btod_mult_common  c_w.l(btod.o)
    0x080028bc   0x080028bc   0x00000028   Code   RO          859    i.__ARM_fpclassify  m_ws.l(fpclassify.o)
    0x080028e4   0x080028e4   0x0000000e   Code   RO          731    i._is_digit         c_w.l(__printf_wp.o)
    0x080028f2   0x080028f2   0x00000002   PAD
    0x080028f4   0x080028f4   0x0000002c   Code   RO          846    locale$$code        c_w.l(lc_numeric_c.o)
    0x08002920   0x08002920   0x0000002c   Code   RO          869    locale$$code        c_w.l(lc_ctype_c.o)
    0x0800294c   0x0800294c   0x00000004   Code   RO          764    x$fpl$printf1       fz_ws.l(printf1.o)
    0x08002950   0x08002950   0x00000004   Code   RO          766    x$fpl$printf2       fz_ws.l(printf2.o)
    0x08002954   0x08002954   0x00000000   Code   RO          858    x$fpl$usenofp       fz_ws.l(usenofp.o)
    0x08002954   0x08002954   0x00000008   Data   RO          690    .constdata          c_w.l(_printf_wctomb.o)
    0x0800295c   0x0800295c   0x00000028   Data   RO          719    .constdata          c_w.l(_printf_hex_int_ll_ptr.o)
    0x08002984   0x08002984   0x00000011   Data   RO          739    .constdata          c_w.l(__printf_flags_ss_wp.o)
    0x08002995   0x08002995   0x00000026   Data   RO          796    .constdata          c_w.l(_printf_fp_hex.o)
    0x080029bb   0x080029bb   0x00000001   PAD
    0x080029bc   0x080029bc   0x00000094   Data   RO          819    .constdata          c_w.l(bigflt0.o)
    0x08002a50   0x08002a50   0x00000004   Data   RO          309    .rodata.ADCPrescTable  stm32f10x_rcc.o
    0x08002a54   0x08002a54   0x00000010   Data   RO          308    .rodata.APBAHBPrescTable  stm32f10x_rcc.o
    0x08002a64   0x08002a64   0x00000009   Data   RO           14    .rodata.str1.1      b6.o
    0x08002a6d   0x08002a6d   0x00000003   PAD
    0x08002a70   0x08002a70   0x00000010   Data   RO         1006    Region$$Table       anon$$obj.o
    0x08002a80   0x08002a80   0x0000001c   Data   RO          845    locale$$data        c_w.l(lc_numeric_c.o)
    0x08002a9c   0x08002a9c   0x00000110   Data   RO          868    locale$$data        c_w.l(lc_ctype_c.o)


    Execution Region RW_IRAM1 (Exec base: 0x20000000, Load base: 0x08002bac, Size: 0x00000660, Max: 0x00005000, ABSOLUTE)

    Exec Addr    Load Addr    Size         Type   Attr      Idx    E Section Name        Object

    0x20000000        -       0x00000060   Zero   RW          862    .bss                c_w.l(libspace.o)
    0x20000060        -       0x00000200   Zero   RW          639    HEAP                startup_stm32f10x_md.o
    0x20000260        -       0x00000400   Zero   RW          638    STACK               startup_stm32f10x_md.o


==============================================================================

Image component sizes


      Code (inc. data)   RO Data    RW Data    ZI Data      Debug   Object Name

       886          0          9          0          0       3967   b6.o
        64         26        236          0       1536        804   startup_stm32f10x_md.o
       390          0          0          0          0       5700   stm32f10x_gpio.o
       834          0          0          0          0       7884   stm32f10x_i2c.o
       482          0         20          0          0       7028   stm32f10x_rcc.o
       484          0          0          0          0       7501   stm32f10x_usart.o
       400          0          0          0          0       2958   system_stm32f10x.o

    ----------------------------------------------------------------------
      3560         26        284          0       1536      35842   Object Totals
         0          0         16          0          0          0   (incl. Generated)
        20          0          3          0          0          0   (incl. Padding)

    ----------------------------------------------------------------------

      Code (inc. data)   RO Data    RW Data    ZI Data      Debug   Library Member Name

         8          0          0          0          0         68   __main.o
       392          4         17          0          0         92   __printf_flags_ss_wp.o
        14          0          0          0          0         68   __printf_wp.o
         0          0          0          0          0          0   __rtentry.o
        12          0          0          0          0          0   __rtentry2.o
         6          0          0          0          0          0   __rtentry4.o
        94          8          0          0          0          0   __scatter.o
        28          0          0          0          0          0   __scatter_zi.o
        72          0          0          0          0         96   _c16rtomb.o
         6          0          0          0          0          0   _printf_a.o
         6          0          0          0          0          0   _printf_c.o
        44          0          0          0          0        108   _printf_char.o
        48          6          0          0          0         96   _printf_char_common.o
        40          0          0          0          0         68   _printf_charcount.o
         6          0          0          0          0          0   _printf_d.o
       120         16          0          0          0         92   _printf_dec.o
         6          0          0          0          0          0   _printf_e.o
         6          0          0          0          0          0   _printf_f.o
      1052          0          0          0          0        148   _printf_fp_dec.o
       764          8         38          0          0        100   _printf_fp_hex.o
       128         16          0          0          0         84   _printf_fp_infnan.o
         6          0          0          0          0          0   _printf_g.o
       148          4         40          0          0        160   _printf_hex_int_ll_ptr.o
         6          0          0          0          0          0   _printf_i.o
       178          0          0          0          0         88   _printf_intcommon.o
        10          0          0          0          0          0   _printf_l.o
         6          0          0          0          0          0   _printf_lc.o
        10          0          0          0          0          0   _printf_ll.o
         6          0          0          0          0          0   _printf_lld.o
         6          0          0          0          0          0   _printf_lli.o
         6          0          0          0          0          0   _printf_llo.o
         6          0          0          0          0          0   _printf_llu.o
         6          0          0          0          0          0   _printf_llx.o
       124         16          0          0          0         92   _printf_longlong_dec.o
         6          0          0          0          0          0   _printf_ls.o
         6          0          0          0          0          0   _printf_n.o
         6          0          0          0          0          0   _printf_o.o
       112          8          0          0          0        124   _printf_oct_int_ll.o
         6          0          0          0          0          0   _printf_p.o
        78          0          0          0          0        108   _printf_pad.o
         0          0          0          0          0          0   _printf_percent.o
         4          0          0          0          0          0   _printf_percent_end.o
         6          0          0          0          0          0   _printf_s.o
        82          0          0          0          0         80   _printf_str.o
        36          0          0          0          0         84   _printf_truncate.o
         6          0          0          0          0          0   _printf_u.o
        44          0          0          0          0        108   _printf_wchar.o
       188          6          8          0          0         92   _printf_wctomb.o
         6          0          0          0          0          0   _printf_x.o
        10          0          0          0          0         68   _sputc.o
       228          4        148          0          0         96   bigflt0.o
      1936        128          0          0          0        668   btod.o
        18          0          0          0          0         80   exit.o
         6          0          0          0          0        152   heapauxi.o
         0          0          0          0          0          0   indicate_semi.o
        44         10        272          0          0         76   lc_ctype_c.o
        44         10         28          0          0         76   lc_numeric_c.o
         2          0          0          0          0          0   libinit.o
        30          0          0          0          0          0   libinit2.o
         2          0          0          0          0          0   libshutdown.o
         2          0          0          0          0          0   libshutdown2.o
         8          4          0          0         96         68   libspace.o
       138          0          0          0          0         80   lludiv10.o
        16          4          0          0          0         76   rt_ctype_table.o
         8          4          0          0          0         68   rt_locale_intlibspace.o
         2          0          0          0          0          0   rtexit.o
        10          0          0          0          0          0   rtexit2.o
        44          6          0          0          0         84   sprintf.o
       128          0          0          0          0         68   strcmpv7m.o
        12          4          0          0          0         68   sys_exit.o
        74          0          0          0          0         80   sys_stackheap_outer.o
         2          0          0          0          0         68   use_no_semi.o
         4          0          0          0          0         68   printf1.o
         4          0          0          0          0         68   printf2.o
         0          0          0          0          0          0   usenofp.o
        40          0          0          0          0         68   fpclassify.o

    ----------------------------------------------------------------------
      6784        266        552          0         96       4036   Library Totals
        16          0          1          0          0          0   (incl. Padding)

    ----------------------------------------------------------------------

      Code (inc. data)   RO Data    RW Data    ZI Data      Debug   Library Name

      6720        266        551          0         96       3832   c_w.l
         8          0          0          0          0        136   fz_ws.l
        40          0          0          0          0         68   m_ws.l

    ----------------------------------------------------------------------
      6784        266        552          0         96       4036   Library Totals

    ----------------------------------------------------------------------

==============================================================================


      Code (inc. data)   RO Data    RW Data    ZI Data      Debug   

     10344        292        836          0       1632      37642   Grand Totals
     10344        292        836          0       1632      37642   ELF Image Totals
     10344        292        836          0          0          0   ROM Totals

==============================================================================

    Total RO  Size (Code + RO Data)                11180 (  10.92kB)
    Total RW  Size (RW Data + ZI Data)              1632 (   1.59kB)
    Total ROM Size (Code + RO Data + RW Data)      11180 (  10.92kB)

==============================================================================

